[2026-10-03T23:25:43.830+0000][0.005s][info][gc,init] Initializing The Z Garbage Collector
[2026-10-03T23:25:43.830+0000][0.005s][info][gc,init] Version: 25.0.4.1+1-LTS-5 (release)
[2026-10-03T23:25:43.830+0000][0.005s][info][gc,init] NUMA Support: Disabled
[2026-10-03T23:25:43.830+0000][0.005s][info][gc,init] CPUs: 5 total, 4 available
[2026-10-03T23:25:43.830+0000][0.005s][info][gc,init] Memory: 16384M
[2026-10-03T23:25:43.830+0000][0.005s][info][gc,init] Large Page Support: Disabled
[2026-10-03T23:25:43.830+0000][0.005s][info][gc,init] Address Space Size: unlimited
[2026-10-03T23:25:43.830+0000][0.005s][info][gc,init] Reserved Space Type: Contiguous/Unrestricted/Complete
[2026-10-03T23:25:43.830+0000][0.005s][info][gc,init] Reserved Space Size: 48G
[2026-10-03T23:25:43.830+0000][0.005s][info][gc,init] Heap Backing File: /memfd:java_heap
[2026-10-03T23:25:43.830+0000][0.005s][info][gc,init] Heap Backing Filesystem: tmpfs (0x1021994)
[2026-10-03T23:25:43.830+0000][0.005s][info][gc,init] Min Capacity: 512M
[2026-10-03T23:25:43.830+0000][0.005s][info][gc,init] Initial Capacity: 512M
[2026-10-03T23:25:43.830+0000][0.005s][info][gc,init] Max Capacity: 3072M
[2026-10-03T23:25:43.830+0000][0.005s][info][gc,init] Soft Max Capacity: 3072M
[2026-10-03T23:25:43.830+0000][0.005s][info][gc,init] Page Size Medium: Range [4M, 32M]
[2026-10-03T23:25:43.830+0000][0.005s][info][gc,init] Pre-touch: Disabled
[2026-10-03T23:25:43.830+0000][0.005s][info][gc,init] Available space on backing filesystem: N/A
[2026-10-03T23:25:43.830+0000][0.005s][info][gc,init] Uncommit: Enabled
[2026-10-03T23:25:43.830+0000][0.005s][info][gc,init] Uncommit Delay: 300s
[2026-10-03T23:25:43.831+0000][0.005s][info][gc,init] GC Workers for Old Generation: 1 (dynamic)
[2026-10-03T23:25:43.831+0000][0.006s][info][gc,init] GC Workers for Young Generation: 1 (dynamic)
[2026-10-03T23:25:43.873+0000][0.048s][info][gc,init] GC Workers Max: 1 (dynamic)
[2026-10-03T23:25:43.873+0000][0.048s][info][gc,init] Runtime Workers: 3
[2026-10-03T23:25:43.874+0000][0.049s][info][gc     ] Using The Z Garbage Collector
[2026-10-03T23:25:43.883+0000][0.058s][info][gc,metaspace] CDS archive(s) mapped at: [0x000000001a000000-0x000000001ad94000-0x000000001ad94000), size 14237696, SharedBaseAddress: 0x000000001a000000, ArchiveRelocationMode: 1.
[2026-10-03T23:25:43.883+0000][0.058s][info][gc,metaspace] Compressed class space mapped at: 0x000000001b000000-0x000000005b000000, reserved size: 1073741824
[2026-10-03T23:25:43.883+0000][0.058s][info][gc,metaspace] UseCompressedClassPointers 1, UseCompactObjectHeaders 0
[2026-10-03T23:25:43.883+0000][0.058s][info][gc,metaspace] Narrow klass pointer bits 32, Max shift 3
[2026-10-03T23:25:43.883+0000][0.058s][info][gc,metaspace] Narrow klass base: 0x000000001a000000, Narrow klass shift: 0
[2026-10-03T23:25:43.883+0000][0.058s][info][gc,metaspace] Encoding Range: [0x000000001a000000 - 0x000000011a000000), (4294967296 bytes)
[2026-10-03T23:25:43.883+0000][0.058s][info][gc,metaspace] Klass Range:    [0x000000001a001000 - 0x000000005b000000), (1090514944 bytes)
[2026-10-03T23:25:43.883+0000][0.058s][info][gc,metaspace] Klass ID Range:  [4096 - 1090519033) (1090514937)
[2026-10-03T23:25:43.883+0000][0.058s][info][gc,metaspace] Protection zone: [0x000000001a000000 - 0x000000001a001000), (4096 bytes)
[2026-10-03T23:26:31.852+0000][48.027s][info][gc          ] GC(0) Major Collection (Metadata GC Threshold)
[2026-10-03T23:26:31.852+0000][48.027s][info][gc,task     ] GC(0) Using 1 Workers for Young Generation
[2026-10-03T23:26:31.852+0000][48.027s][info][gc,task     ] GC(0) Using 1 Workers for Old Generation
[2026-10-03T23:26:31.853+0000][48.027s][info][gc,phases   ] GC(0) Y: Young Generation
[2026-10-03T23:26:31.856+0000][48.031s][info][gc,phases   ] GC(0) Y: Pause Mark Start (Major) 0.022ms
[2026-10-03T23:26:31.886+0000][48.061s][info][gc,phases   ] GC(0) Y: Concurrent Mark 29.557ms
[2026-10-03T23:26:31.886+0000][48.061s][info][gc,phases   ] GC(0) Y: Pause Mark End 0.010ms
[2026-10-03T23:26:31.886+0000][48.061s][info][gc,phases   ] GC(0) Y: Concurrent Mark Free 0.001ms
[2026-10-03T23:26:31.886+0000][48.061s][info][gc,phases   ] GC(0) Y: Concurrent Reset Relocation Set 0.006ms
[2026-10-03T23:26:31.886+0000][48.061s][info][gc,reloc    ] GC(0) Y: Using tenuring threshold: 1 (Computed)
[2026-10-03T23:26:31.888+0000][48.063s][info][gc,phases   ] GC(0) Y: Concurrent Select Relocation Set 1.956ms
[2026-10-03T23:26:31.888+0000][48.063s][info][gc,phases   ] GC(0) Y: Pause Relocate Start 0.006ms
[2026-10-03T23:26:31.902+0000][48.076s][info][gc,phases   ] GC(0) Y: Concurrent Relocate 13.171ms
[2026-10-03T23:26:31.902+0000][48.076s][info][gc,alloc    ] GC(0) Y:                         Mark Start        Mark End      Relocate Start    Relocate End   
[2026-10-03T23:26:31.902+0000][48.076s][info][gc,alloc    ] GC(0) Y: Allocation Stalls:          0                0                0                0         
[2026-10-03T23:26:31.902+0000][48.076s][info][gc,load     ] GC(0) Y: Load: 0.14 (3%) / 0.22 (4%) / 0.10 (2%)
[2026-10-03T23:26:31.902+0000][48.076s][info][gc,mmu      ] GC(0) Y: MMU: 2ms/98.9%, 5ms/99.6%, 10ms/99.8%, 20ms/99.9%, 50ms/99.9%, 100ms/100.0%
[2026-10-03T23:26:31.902+0000][48.076s][info][gc,marking  ] GC(0) Y: Mark: 1 stripe(s), 2 proactive flush(es), 1 terminate flush(es), 0 completion(s), 0 continuation(s) 
[2026-10-03T23:26:31.902+0000][48.076s][info][gc,nmethod  ] GC(0) Y: NMethods: 3976 registered, 0 unregistered
[2026-10-03T23:26:31.902+0000][48.076s][info][gc,metaspace] GC(0) Y: Metaspace: 20M used, 21M committed, 1088M reserved
[2026-10-03T23:26:31.902+0000][48.076s][info][gc,reloc    ] GC(0) Y:                        Candidates     Selected     In-Place         Size        Empty    Relocated 
[2026-10-03T23:26:31.902+0000][48.076s][info][gc,reloc    ] GC(0) Y: Small Pages:                   68           57            0         136M           0M          11M 
[2026-10-03T23:26:31.902+0000][48.076s][info][gc,reloc    ] GC(0) Y: Medium Pages:                   1            0            0          32M           0M           0M 
[2026-10-03T23:26:31.902+0000][48.076s][info][gc,reloc    ] GC(0) Y: Large Pages:                    2            0            0          24M          24M           0M 
[2026-10-03T23:26:31.902+0000][48.076s][info][gc,reloc    ] GC(0) Y: Forwarding Usage: 4M
[2026-10-03T23:26:31.902+0000][48.076s][info][gc,reloc    ] GC(0) Y: Age Table:
[2026-10-03T23:26:31.902+0000][48.076s][info][gc,reloc    ] GC(0) Y:                    Live             Garbage             Small              Medium             Large        
[2026-10-03T23:26:31.902+0000][48.076s][info][gc,reloc    ] GC(0) Y: Eden              21M (1%)          170M (6%)          68 / 57             1 / 0              2 / 0        
[2026-10-03T23:26:31.902+0000][48.076s][info][gc,heap     ] GC(0) Y: Min Capacity: 512M(17%)
[2026-10-03T23:26:31.902+0000][48.076s][info][gc,heap     ] GC(0) Y: Max Capacity: 3072M(100%)
[2026-10-03T23:26:31.902+0000][48.076s][info][gc,heap     ] GC(0) Y: Soft Max Capacity: 3072M(100%)
[2026-10-03T23:26:31.902+0000][48.076s][info][gc,heap     ] GC(0) Y: Heap Statistics:
[2026-10-03T23:26:31.902+0000][48.076s][info][gc,heap     ] GC(0) Y:                Mark Start          Mark End        Relocate Start      Relocate End           High               Low         
[2026-10-03T23:26:31.902+0000][48.076s][info][gc,heap     ] GC(0) Y:  Capacity:      512M (17%)         512M (17%)         512M (17%)         512M (17%)         512M (17%)         512M (17%)    
[2026-10-03T23:26:31.902+0000][48.076s][info][gc,heap     ] GC(0) Y:      Free:     2880M (94%)        2842M (93%)        2866M (93%)        2978M (97%)        2978M (97%)        2842M (93%)    
[2026-10-03T23:26:31.902+0000][48.076s][info][gc,heap     ] GC(0) Y:      Used:      192M (6%)          230M (7%)          206M (7%)           94M (3%)          230M (7%)           94M (3%)     
[2026-10-03T23:26:31.902+0000][48.076s][info][gc,heap     ] GC(0) Y: Young Generation Statistics:
[2026-10-03T23:26:31.902+0000][48.076s][info][gc,heap     ] GC(0) Y:                Mark Start          Mark End        Relocate Start      Relocate End    
[2026-10-03T23:26:31.902+0000][48.077s][info][gc,heap     ] GC(0) Y:      Used:      192M (6%)          230M (7%)          206M (7%)           94M (3%)     
[2026-10-03T23:26:31.902+0000][48.077s][info][gc,heap     ] GC(0) Y:      Live:         -                21M (1%)           21M (1%)           21M (1%)     
[2026-10-03T23:26:31.902+0000][48.077s][info][gc,heap     ] GC(0) Y:   Garbage:         -               170M (6%)          146M (5%)           29M (1%)     
[2026-10-03T23:26:31.902+0000][48.077s][info][gc,heap     ] GC(0) Y: Allocated:         -                38M (1%)           38M (1%)           42M (1%)     
[2026-10-03T23:26:31.902+0000][48.077s][info][gc,heap     ] GC(0) Y: Reclaimed:         -                  -                24M (1%)          140M (5%)     
[2026-10-03T23:26:31.902+0000][48.077s][info][gc,heap     ] GC(0) Y:  Promoted:         -                  -                 0M (0%)            0M (0%)     
[2026-10-03T23:26:31.902+0000][48.077s][info][gc,heap     ] GC(0) Y: Compacted:         -                  -                  -                15M (0%)     
[2026-10-03T23:26:31.902+0000][48.077s][info][gc,phases   ] GC(0) Y: Young Generation 192M(6%)->94M(3%) 0.049s
[2026-10-03T23:26:31.902+0000][48.077s][info][gc,phases   ] GC(0) O: Old Generation
[2026-10-03T23:26:31.904+0000][48.079s][info][gc,phases   ] GC(0) O: Concurrent Mark 2.547ms
[2026-10-03T23:26:31.904+0000][48.079s][info][gc,phases   ] GC(0) O: Pause Mark End 0.009ms
[2026-10-03T23:26:31.904+0000][48.079s][info][gc,phases   ] GC(0) O: Concurrent Mark Free 0.001ms
[2026-10-03T23:26:31.916+0000][48.091s][info][gc,phases   ] GC(0) O: Concurrent Process Non-Strong 11.419ms
[2026-10-03T23:26:31.916+0000][48.091s][info][gc,phases   ] GC(0) O: Concurrent Reset Relocation Set 0.000ms
[2026-10-03T23:26:31.916+0000][48.091s][info][gc,phases   ] GC(0) O: Concurrent Select Relocation Set 0.044ms
[2026-10-03T23:26:31.916+0000][48.091s][info][gc,task     ] GC(0) O: Using 1 Workers for Old Generation
[2026-10-03T23:26:31.918+0000][48.092s][info][gc,task     ] GC(0) O: Using 1 Workers for Old Generation
[2026-10-03T23:26:31.918+0000][48.092s][info][gc,phases   ] GC(0) O: Concurrent Remap Roots 1.770ms
[2026-10-03T23:26:31.918+0000][48.093s][info][gc,phases   ] GC(0) O: Pause Relocate Start 0.007ms
[2026-10-03T23:26:31.918+0000][48.093s][info][gc,phases   ] GC(0) O: Concurrent Relocate 0.018ms
[2026-10-03T23:26:31.918+0000][48.093s][info][gc,alloc    ] GC(0) O:                         Mark Start        Mark End      Relocate Start    Relocate End   
[2026-10-03T23:26:31.918+0000][48.093s][info][gc,alloc    ] GC(0) O: Allocation Stalls:          0                0                0                0         
[2026-10-03T23:26:31.918+0000][48.093s][info][gc,load     ] GC(0) O: Load: 0.14 (3%) / 0.22 (4%) / 0.10 (2%)
[2026-10-03T23:26:31.918+0000][48.093s][info][gc,mmu      ] GC(0) O: MMU: 2ms/98.9%, 5ms/99.6%, 10ms/99.8%, 20ms/99.9%, 50ms/99.9%, 100ms/99.9%
[2026-10-03T23:26:31.918+0000][48.093s][info][gc,marking  ] GC(0) O: Mark: 1 stripe(s), 1 proactive flush(es), 1 terminate flush(es), 0 completion(s), 0 continuation(s) 
[2026-10-03T23:26:31.918+0000][48.093s][info][gc,nmethod  ] GC(0) O: NMethods: 3312 registered, 681 unregistered
[2026-10-03T23:26:31.918+0000][48.093s][info][gc,metaspace] GC(0) O: Metaspace: 21M used, 21M committed, 1088M reserved
[2026-10-03T23:26:31.918+0000][48.093s][info][gc,ref      ] GC(0) O:                       Encountered   Discovered     Enqueued 
[2026-10-03T23:26:31.918+0000][48.093s][info][gc,ref      ] GC(0) O: Soft References:             2976            0            0 
[2026-10-03T23:26:31.918+0000][48.093s][info][gc,ref      ] GC(0) O: Weak References:             1647            0            0 
[2026-10-03T23:26:31.918+0000][48.093s][info][gc,ref      ] GC(0) O: Final References:              33            0            0 
[2026-10-03T23:26:31.918+0000][48.093s][info][gc,ref      ] GC(0) O: Phantom References:           559            0            0 
[2026-10-03T23:26:31.918+0000][48.093s][info][gc,heap     ] GC(0) O: Min Capacity: 512M(17%)
[2026-10-03T23:26:31.918+0000][48.093s][info][gc,heap     ] GC(0) O: Max Capacity: 3072M(100%)
[2026-10-03T23:26:31.918+0000][48.093s][info][gc,heap     ] GC(0) O: Soft Max Capacity: 3072M(100%)
[2026-10-03T23:26:31.918+0000][48.093s][info][gc,heap     ] GC(0) O: Heap Statistics:
[2026-10-03T23:26:31.918+0000][48.093s][info][gc,heap     ] GC(0) O:                Mark Start          Mark End        Relocate Start      Relocate End           High               Low         
[2026-10-03T23:26:31.918+0000][48.093s][info][gc,heap     ] GC(0) O:  Capacity:      512M (17%)         512M (17%)         512M (17%)         512M (17%)         512M (17%)         512M (17%)    
[2026-10-03T23:26:31.918+0000][48.093s][info][gc,heap     ] GC(0) O:      Free:     2880M (94%)        2978M (97%)        2976M (97%)        2976M (97%)        2978M (97%)        2842M (93%)    
[2026-10-03T23:26:31.918+0000][48.093s][info][gc,heap     ] GC(0) O:      Used:      192M (6%)           94M (3%)           96M (3%)           96M (3%)          230M (7%)           94M (3%)     
[2026-10-03T23:26:31.918+0000][48.093s][info][gc,heap     ] GC(0) O: Old Generation Statistics:
[2026-10-03T23:26:31.918+0000][48.093s][info][gc,heap     ] GC(0) O:                Mark Start          Mark End        Relocate Start      Relocate End    
[2026-10-03T23:26:31.918+0000][48.093s][info][gc,heap     ] GC(0) O:      Used:        0M (0%)            0M (0%)            0M (0%)            0M (0%)     
[2026-10-03T23:26:31.918+0000][48.093s][info][gc,heap     ] GC(0) O:      Live:         -                 0M (0%)            0M (0%)            0M (0%)     
[2026-10-03T23:26:31.918+0000][48.093s][info][gc,heap     ] GC(0) O:   Garbage:         -                 0M (0%)            0M (0%)            0M (0%)     
[2026-10-03T23:26:31.918+0000][48.093s][info][gc,heap     ] GC(0) O: Allocated:         -                 0M (0%)            0M (0%)            0M (0%)     
[2026-10-03T23:26:31.918+0000][48.093s][info][gc,heap     ] GC(0) O: Reclaimed:         -                  -                 0M (0%)            0M (0%)     
[2026-10-03T23:26:31.918+0000][48.093s][info][gc,heap     ] GC(0) O: Compacted:         -                  -                  -                 0M (0%)     
[2026-10-03T23:26:31.918+0000][48.093s][info][gc,phases   ] GC(0) O: Old Generation 94M(3%)->96M(3%) 0.016s
[2026-10-03T23:26:31.918+0000][48.093s][info][gc          ] GC(0) Major Collection (Metadata GC Threshold) 192M(6%)->96M(3%) 0.066s
[2026-10-03T23:26:32.565+0000][48.740s][info][gc          ] GC(1) Major Collection (Warmup)
[2026-10-03T23:26:32.565+0000][48.740s][info][gc,task     ] GC(1) Using 1 Workers for Young Generation
[2026-10-03T23:26:32.565+0000][48.740s][info][gc,task     ] GC(1) Using 1 Workers for Old Generation
[2026-10-03T23:26:32.565+0000][48.740s][info][gc,phases   ] GC(1) Y: Young Generation
[2026-10-03T23:26:32.566+0000][48.740s][info][gc,phases   ] GC(1) Y: Pause Mark Start (Major) 0.014ms
[2026-10-03T23:26:32.658+0000][48.833s][info][gc,phases   ] GC(1) Y: Concurrent Mark 92.509ms
[2026-10-03T23:26:32.658+0000][48.833s][info][gc,phases   ] GC(1) Y: Pause Mark End 0.014ms
[2026-10-03T23:26:32.660+0000][48.835s][info][gc,phases   ] GC(1) Y: Concurrent Mark Free 0.002ms
[2026-10-03T23:26:32.660+0000][48.835s][info][gc,phases   ] GC(1) Y: Concurrent Reset Relocation Set 0.004ms
[2026-10-03T23:26:32.660+0000][48.835s][info][gc,reloc    ] GC(1) Y: Using tenuring threshold: 2 (Computed)
[2026-10-03T23:26:32.665+0000][48.840s][info][gc,phases   ] GC(1) Y: Concurrent Select Relocation Set 5.259ms
[2026-10-03T23:26:32.666+0000][48.840s][info][gc,phases   ] GC(1) Y: Pause Relocate Start 0.012ms
[2026-10-03T23:26:32.700+0000][48.875s][info][gc,phases   ] GC(1) Y: Concurrent Relocate 34.508ms
[2026-10-03T23:26:32.700+0000][48.875s][info][gc,alloc    ] GC(1) Y:                         Mark Start        Mark End      Relocate Start    Relocate End   
[2026-10-03T23:26:32.700+0000][48.875s][info][gc,alloc    ] GC(1) Y: Allocation Stalls:          0                0                0                0         
[2026-10-03T23:26:32.700+0000][48.875s][info][gc,load     ] GC(1) Y: Load: 0.14 (3%) / 0.22 (4%) / 0.10 (2%)
[2026-10-03T23:26:32.700+0000][48.875s][info][gc,mmu      ] GC(1) Y: MMU: 2ms/98.9%, 5ms/99.6%, 10ms/99.7%, 20ms/99.9%, 50ms/99.9%, 100ms/99.9%
[2026-10-03T23:26:32.700+0000][48.875s][info][gc,marking  ] GC(1) Y: Mark: 1 stripe(s), 2 proactive flush(es), 1 terminate flush(es), 0 completion(s), 0 continuation(s) 
[2026-10-03T23:26:32.700+0000][48.875s][info][gc,nmethod  ] GC(1) Y: NMethods: 4057 registered, 681 unregistered
[2026-10-03T23:26:32.700+0000][48.875s][info][gc,metaspace] GC(1) Y: Metaspace: 23M used, 24M committed, 1088M reserved
[2026-10-03T23:26:32.700+0000][48.875s][info][gc,reloc    ] GC(1) Y:                        Candidates     Selected     In-Place         Size        Empty    Relocated 
[2026-10-03T23:26:32.700+0000][48.875s][info][gc,reloc    ] GC(1) Y: Small Pages:                  124           96            0         248M           8M          20M 
[2026-10-03T23:26:32.700+0000][48.875s][info][gc,reloc    ] GC(1) Y: Medium Pages:                   2            1            0          64M           0M           3M 
[2026-10-03T23:26:32.700+0000][48.875s][info][gc,reloc    ] GC(1) Y: Large Pages:                    0            0            0           0M           0M           0M 
[2026-10-03T23:26:32.700+0000][48.875s][info][gc,reloc    ] GC(1) Y: Forwarding Usage: 11M
[2026-10-03T23:26:32.700+0000][48.875s][info][gc,reloc    ] GC(1) Y: Age Table:
[2026-10-03T23:26:32.700+0000][48.875s][info][gc,reloc    ] GC(1) Y:                    Live             Garbage             Small              Medium             Large        
[2026-10-03T23:26:32.700+0000][48.875s][info][gc,reloc    ] GC(1) Y: Eden              26M (1%)          231M (8%)         113 / 92             1 / 0              0 / 0        
[2026-10-03T23:26:32.700+0000][48.875s][info][gc,reloc    ] GC(1) Y: Survivor 1        21M (1%)           32M (1%)          11 / 4              1 / 1              0 / 0        
[2026-10-03T23:26:32.700+0000][48.875s][info][gc,heap     ] GC(1) Y: Min Capacity: 512M(17%)
[2026-10-03T23:26:32.700+0000][48.875s][info][gc,heap     ] GC(1) Y: Max Capacity: 3072M(100%)
[2026-10-03T23:26:32.700+0000][48.875s][info][gc,heap     ] GC(1) Y: Soft Max Capacity: 3072M(100%)
[2026-10-03T23:26:32.700+0000][48.875s][info][gc,heap     ] GC(1) Y: Heap Statistics:
[2026-10-03T23:26:32.700+0000][48.875s][info][gc,heap     ] GC(1) Y:                Mark Start          Mark End        Relocate Start      Relocate End           High               Low         
[2026-10-03T23:26:32.700+0000][48.875s][info][gc,heap     ] GC(1) Y:  Capacity:      512M (17%)         512M (17%)         512M (17%)         512M (17%)         512M (17%)         512M (17%)    
[2026-10-03T23:26:32.700+0000][48.875s][info][gc,heap     ] GC(1) Y:      Free:     2760M (90%)        2716M (88%)        2718M (88%)        2888M (94%)        2888M (94%)        2680M (87%)    
[2026-10-03T23:26:32.700+0000][48.875s][info][gc,heap     ] GC(1) Y:      Used:      312M (10%)         356M (12%)         354M (12%)         184M (6%)          392M (13%)         184M (6%)     
[2026-10-03T23:26:32.700+0000][48.875s][info][gc,heap     ] GC(1) Y: Young Generation Statistics:
[2026-10-03T23:26:32.700+0000][48.875s][info][gc,heap     ] GC(1) Y:                Mark Start          Mark End        Relocate Start      Relocate End    
[2026-10-03T23:26:32.700+0000][48.875s][info][gc,heap     ] GC(1) Y:      Used:      312M (10%)         356M (12%)         354M (12%)         184M (6%)     
[2026-10-03T23:26:32.700+0000][48.875s][info][gc,heap     ] GC(1) Y:      Live:         -                47M (2%)           47M (2%)           47M (2%)     
[2026-10-03T23:26:32.700+0000][48.875s][info][gc,heap     ] GC(1) Y:   Garbage:         -               264M (9%)          256M (8%)            0M (0%)     
[2026-10-03T23:26:32.700+0000][48.875s][info][gc,heap     ] GC(1) Y: Allocated:         -                44M (1%)           50M (2%)          136M (4%)     
[2026-10-03T23:26:32.700+0000][48.875s][info][gc,heap     ] GC(1) Y: Reclaimed:         -                  -                 8M (0%)          264M (9%)     
[2026-10-03T23:26:32.700+0000][48.875s][info][gc,heap     ] GC(1) Y:  Promoted:         -                  -                 0M (0%)            0M (0%)     
[2026-10-03T23:26:32.700+0000][48.875s][info][gc,heap     ] GC(1) Y: Compacted:         -                  -                  -                33M (1%)     
[2026-10-03T23:26:32.700+0000][48.875s][info][gc,phases   ] GC(1) Y: Young Generation 312M(10%)->184M(6%) 0.135s
[2026-10-03T23:26:32.700+0000][48.875s][info][gc,phases   ] GC(1) O: Old Generation
[2026-10-03T23:26:32.701+0000][48.875s][info][gc,phases   ] GC(1) O: Concurrent Mark 0.291ms
[2026-10-03T23:26:32.701+0000][48.876s][info][gc,phases   ] GC(1) O: Pause Mark End 0.013ms
[2026-10-03T23:26:32.701+0000][48.876s][info][gc,phases   ] GC(1) O: Concurrent Mark Free 0.000ms
[2026-10-03T23:26:32.708+0000][48.883s][info][gc,phases   ] GC(1) O: Concurrent Process Non-Strong 7.092ms
[2026-10-03T23:26:32.708+0000][48.883s][info][gc,phases   ] GC(1) O: Concurrent Reset Relocation Set 0.000ms
[2026-10-03T23:26:32.708+0000][48.883s][info][gc,phases   ] GC(1) O: Concurrent Select Relocation Set 0.044ms
[2026-10-03T23:26:32.708+0000][48.883s][info][gc,task     ] GC(1) O: Using 1 Workers for Old Generation
[2026-10-03T23:26:32.710+0000][48.885s][info][gc,task     ] GC(1) O: Using 1 Workers for Old Generation
[2026-10-03T23:26:32.710+0000][48.885s][info][gc,phases   ] GC(1) O: Concurrent Remap Roots 1.870ms
[2026-10-03T23:26:32.710+0000][48.885s][info][gc,phases   ] GC(1) O: Pause Relocate Start 0.009ms
[2026-10-03T23:26:32.710+0000][48.885s][info][gc,phases   ] GC(1) O: Concurrent Relocate 0.011ms
[2026-10-03T23:26:32.710+0000][48.885s][info][gc,alloc    ] GC(1) O:                         Mark Start        Mark End      Relocate Start    Relocate End   
[2026-10-03T23:26:32.710+0000][48.885s][info][gc,alloc    ] GC(1) O: Allocation Stalls:          0                0                0                0         
[2026-10-03T23:26:32.710+0000][48.885s][info][gc,load     ] GC(1) O: Load: 0.14 (3%) / 0.22 (4%) / 0.10 (2%)
[2026-10-03T23:26:32.710+0000][48.885s][info][gc,mmu      ] GC(1) O: MMU: 2ms/98.9%, 5ms/99.6%, 10ms/99.7%, 20ms/99.9%, 50ms/99.9%, 100ms/99.9%
[2026-10-03T23:26:32.710+0000][48.885s][info][gc,marking  ] GC(1) O: Mark: 1 stripe(s), 1 proactive flush(es), 1 terminate flush(es), 0 completion(s), 0 continuation(s) 
[2026-10-03T23:26:32.710+0000][48.885s][info][gc,nmethod  ] GC(1) O: NMethods: 3904 registered, 834 unregistered
[2026-10-03T23:26:32.710+0000][48.885s][info][gc,metaspace] GC(1) O: Metaspace: 23M used, 24M committed, 1088M reserved
[2026-10-03T23:26:32.710+0000][48.885s][info][gc,ref      ] GC(1) O:                       Encountered   Discovered     Enqueued 
[2026-10-03T23:26:32.710+0000][48.885s][info][gc,ref      ] GC(1) O: Soft References:             3076            0            0 
[2026-10-03T23:26:32.710+0000][48.885s][info][gc,ref      ] GC(1) O: Weak References:             1786            0            0 
[2026-10-03T23:26:32.710+0000][48.885s][info][gc,ref      ] GC(1) O: Final References:              33            0            0 
[2026-10-03T23:26:32.710+0000][48.885s][info][gc,ref      ] GC(1) O: Phantom References:           644            0            0 
[2026-10-03T23:26:32.710+0000][48.885s][info][gc,heap     ] GC(1) O: Min Capacity: 512M(17%)
[2026-10-03T23:26:32.710+0000][48.885s][info][gc,heap     ] GC(1) O: Max Capacity: 3072M(100%)
[2026-10-03T23:26:32.710+0000][48.885s][info][gc,heap     ] GC(1) O: Soft Max Capacity: 3072M(100%)
[2026-10-03T23:26:32.710+0000][48.885s][info][gc,heap     ] GC(1) O: Heap Statistics:
[2026-10-03T23:26:32.710+0000][48.885s][info][gc,heap     ] GC(1) O:                Mark Start          Mark End        Relocate Start      Relocate End           High               Low         
[2026-10-03T23:26:32.710+0000][48.885s][info][gc,heap     ] GC(1) O:  Capacity:      512M (17%)         512M (17%)         512M (17%)         512M (17%)         512M (17%)         512M (17%)    
[2026-10-03T23:26:32.710+0000][48.885s][info][gc,heap     ] GC(1) O:      Free:     2760M (90%)        2888M (94%)        2884M (94%)        2884M (94%)        2888M (94%)        2680M (87%)    
[2026-10-03T23:26:32.710+0000][48.885s][info][gc,heap     ] GC(1) O:      Used:      312M (10%)         184M (6%)          188M (6%)          188M (6%)          392M (13%)         184M (6%)     
[2026-10-03T23:26:32.710+0000][48.885s][info][gc,heap     ] GC(1) O: Old Generation Statistics:
[2026-10-03T23:26:32.710+0000][48.885s][info][gc,heap     ] GC(1) O:                Mark Start          Mark End        Relocate Start      Relocate End    
[2026-10-03T23:26:32.710+0000][48.885s][info][gc,heap     ] GC(1) O:      Used:        0M (0%)            0M (0%)            0M (0%)            0M (0%)     
[2026-10-03T23:26:32.710+0000][48.885s][info][gc,heap     ] GC(1) O:      Live:         -                 0M (0%)            0M (0%)            0M (0%)     
[2026-10-03T23:26:32.710+0000][48.885s][info][gc,heap     ] GC(1) O:   Garbage:         -                 0M (0%)            0M (0%)            0M (0%)     
[2026-10-03T23:26:32.710+0000][48.885s][info][gc,heap     ] GC(1) O: Allocated:         -                 0M (0%)            0M (0%)            0M (0%)     
[2026-10-03T23:26:32.710+0000][48.885s][info][gc,heap     ] GC(1) O: Reclaimed:         -                  -                 0M (0%)            0M (0%)     
[2026-10-03T23:26:32.710+0000][48.885s][info][gc,heap     ] GC(1) O: Compacted:         -                  -                  -                 0M (0%)     
[2026-10-03T23:26:32.710+0000][48.885s][info][gc,phases   ] GC(1) O: Old Generation 184M(6%)->188M(6%) 0.010s
[2026-10-03T23:26:32.710+0000][48.885s][info][gc          ] GC(1) Major Collection (Warmup) 312M(10%)->188M(6%) 0.145s
[2026-10-03T23:26:34.510+0000][50.685s][info][gc          ] GC(2) Major Collection (Metadata GC Threshold)
[2026-10-03T23:26:34.510+0000][50.685s][info][gc,task     ] GC(2) Using 1 Workers for Young Generation
[2026-10-03T23:26:34.510+0000][50.685s][info][gc,task     ] GC(2) Using 1 Workers for Old Generation
[2026-10-03T23:26:34.510+0000][50.685s][info][gc,phases   ] GC(2) Y: Young Generation
[2026-10-03T23:26:34.510+0000][50.685s][info][gc,phases   ] GC(2) Y: Pause Mark Start (Major) 0.012ms
[2026-10-03T23:26:34.711+0000][50.886s][info][gc,phases   ] GC(2) Y: Concurrent Mark 200.567ms
[2026-10-03T23:26:34.711+0000][50.886s][info][gc,phases   ] GC(2) Y: Pause Mark End 0.016ms
[2026-10-03T23:26:34.711+0000][50.886s][info][gc,phases   ] GC(2) Y: Concurrent Mark Free 0.002ms
[2026-10-03T23:26:34.711+0000][50.886s][info][gc,phases   ] GC(2) Y: Concurrent Reset Relocation Set 0.006ms
[2026-10-03T23:26:34.711+0000][50.886s][info][gc,reloc    ] GC(2) Y: Using tenuring threshold: 3 (Computed)
[2026-10-03T23:26:34.712+0000][50.887s][info][gc,phases   ] GC(2) Y: Concurrent Select Relocation Set 1.388ms
[2026-10-03T23:26:34.712+0000][50.887s][info][gc,phases   ] GC(2) Y: Pause Relocate Start 0.008ms
[2026-10-03T23:26:34.769+0000][50.944s][info][gc,phases   ] GC(2) Y: Concurrent Relocate 56.501ms
[2026-10-03T23:26:34.769+0000][50.944s][info][gc,alloc    ] GC(2) Y:                         Mark Start        Mark End      Relocate Start    Relocate End   
[2026-10-03T23:26:34.769+0000][50.944s][info][gc,alloc    ] GC(2) Y: Allocation Stalls:          0                0                0                0         
[2026-10-03T23:26:34.769+0000][50.944s][info][gc,load     ] GC(2) Y: Load: 0.53 (11%) / 0.30 (6%) / 0.13 (3%)
[2026-10-03T23:26:34.769+0000][50.944s][info][gc,mmu      ] GC(2) Y: MMU: 2ms/98.8%, 5ms/99.5%, 10ms/99.7%, 20ms/99.9%, 50ms/99.9%, 100ms/99.9%
[2026-10-03T23:26:34.769+0000][50.944s][info][gc,marking  ] GC(2) Y: Mark: 1 stripe(s), 2 proactive flush(es), 1 terminate flush(es), 0 completion(s), 0 continuation(s) 
[2026-10-03T23:26:34.769+0000][50.944s][info][gc,nmethod  ] GC(2) Y: NMethods: 5957 registered, 0 unregistered
[2026-10-03T23:26:34.769+0000][50.944s][info][gc,metaspace] GC(2) Y: Metaspace: 43M used, 43M committed, 1088M reserved
[2026-10-03T23:26:34.769+0000][50.944s][info][gc,reloc    ] GC(2) Y:                        Candidates     Selected     In-Place         Size        Empty    Relocated 
[2026-10-03T23:26:34.769+0000][50.944s][info][gc,reloc    ] GC(2) Y: Small Pages:                  238          195            0         476M           0M          24M 
[2026-10-03T23:26:34.769+0000][50.944s][info][gc,reloc    ] GC(2) Y: Medium Pages:                   3            2            0          96M           0M           3M 
[2026-10-03T23:26:34.769+0000][50.944s][info][gc,reloc    ] GC(2) Y: Large Pages:                    1            0            0          12M           0M           0M 
[2026-10-03T23:26:34.769+0000][50.944s][info][gc,reloc    ] GC(2) Y: Forwarding Usage: 13M
[2026-10-03T23:26:34.769+0000][50.944s][info][gc,reloc    ] GC(2) Y: Age Table:
[2026-10-03T23:26:34.769+0000][50.944s][info][gc,reloc    ] GC(2) Y:                    Live             Garbage             Small              Medium             Large        
[2026-10-03T23:26:34.769+0000][50.944s][info][gc,reloc    ] GC(2) Y: Eden              46M (2%)          419M (14%)        211 / 192            1 / 0              1 / 0        
[2026-10-03T23:26:34.769+0000][50.944s][info][gc,reloc    ] GC(2) Y: Survivor 1        23M (1%)           36M (1%)          14 / 1              1 / 1              0 / 0        
[2026-10-03T23:26:34.769+0000][50.944s][info][gc,reloc    ] GC(2) Y: Survivor 2        21M (1%)           36M (1%)          13 / 2              1 / 1              0 / 0        
[2026-10-03T23:26:34.769+0000][50.944s][info][gc,heap     ] GC(2) Y: Min Capacity: 512M(17%)
[2026-10-03T23:26:34.769+0000][50.944s][info][gc,heap     ] GC(2) Y: Max Capacity: 3072M(100%)
[2026-10-03T23:26:34.769+0000][50.944s][info][gc,heap     ] GC(2) Y: Soft Max Capacity: 3072M(100%)
[2026-10-03T23:26:34.769+0000][50.944s][info][gc,heap     ] GC(2) Y: Heap Statistics:
[2026-10-03T23:26:34.769+0000][50.944s][info][gc,heap     ] GC(2) Y:                Mark Start          Mark End        Relocate Start      Relocate End           High               Low         
[2026-10-03T23:26:34.769+0000][50.944s][info][gc,heap     ] GC(2) Y:  Capacity:      584M (19%)         616M (20%)         616M (20%)         652M (21%)         652M (21%)         584M (19%)    
[2026-10-03T23:26:34.769+0000][50.944s][info][gc,heap     ] GC(2) Y:      Free:     2488M (81%)        2456M (80%)        2456M (80%)        2830M (92%)        2830M (92%)        2420M (79%)    
[2026-10-03T23:26:34.769+0000][50.944s][info][gc,heap     ] GC(2) Y:      Used:      584M (19%)         616M (20%)         616M (20%)         242M (8%)          652M (21%)         242M (8%)     
[2026-10-03T23:26:34.769+0000][50.944s][info][gc,heap     ] GC(2) Y: Young Generation Statistics:
[2026-10-03T23:26:34.769+0000][50.944s][info][gc,heap     ] GC(2) Y:                Mark Start          Mark End        Relocate Start      Relocate End    
[2026-10-03T23:26:34.769+0000][50.944s][info][gc,heap     ] GC(2) Y:      Used:      584M (19%)         616M (20%)         616M (20%)         242M (8%)     
[2026-10-03T23:26:34.769+0000][50.944s][info][gc,heap     ] GC(2) Y:      Live:         -                91M (3%)           91M (3%)           91M (3%)     
[2026-10-03T23:26:34.769+0000][50.944s][info][gc,heap     ] GC(2) Y:   Garbage:         -               492M (16%)         492M (16%)           5M (0%)     
[2026-10-03T23:26:34.769+0000][50.944s][info][gc,heap     ] GC(2) Y: Allocated:         -                32M (1%)           32M (1%)          144M (5%)     
[2026-10-03T23:26:34.769+0000][50.944s][info][gc,heap     ] GC(2) Y: Reclaimed:         -                  -                 0M (0%)          486M (16%)    
[2026-10-03T23:26:34.769+0000][50.944s][info][gc,heap     ] GC(2) Y:  Promoted:         -                  -                 0M (0%)            0M (0%)     
[2026-10-03T23:26:34.769+0000][50.944s][info][gc,heap     ] GC(2) Y: Compacted:         -                  -                  -                35M (1%)     
[2026-10-03T23:26:34.769+0000][50.944s][info][gc,phases   ] GC(2) Y: Young Generation 584M(19%)->242M(8%) 0.259s
[2026-10-03T23:26:34.769+0000][50.944s][info][gc,phases   ] GC(2) O: Old Generation
[2026-10-03T23:26:34.770+0000][50.944s][info][gc,phases   ] GC(2) O: Concurrent Mark 0.391ms
[2026-10-03T23:26:34.770+0000][50.944s][info][gc,phases   ] GC(2) O: Pause Mark End 0.012ms
[2026-10-03T23:26:34.770+0000][50.944s][info][gc,phases   ] GC(2) O: Concurrent Mark Free 0.000ms
[2026-10-03T23:26:34.788+0000][50.963s][info][gc,phases   ] GC(2) O: Concurrent Process Non-Strong 18.314ms
[2026-10-03T23:26:34.788+0000][50.963s][info][gc,phases   ] GC(2) O: Concurrent Reset Relocation Set 0.001ms
[2026-10-03T23:26:34.789+0000][50.963s][info][gc,phases   ] GC(2) O: Concurrent Select Relocation Set 0.607ms
[2026-10-03T23:26:34.789+0000][50.963s][info][gc,task     ] GC(2) O: Using 1 Workers for Old Generation
[2026-10-03T23:26:34.792+0000][50.967s][info][gc,task     ] GC(2) O: Using 1 Workers for Old Generation
[2026-10-03T23:26:34.792+0000][50.967s][info][gc,phases   ] GC(2) O: Concurrent Remap Roots 3.139ms
[2026-10-03T23:26:34.797+0000][50.972s][info][gc,phases   ] GC(2) O: Pause Relocate Start 0.009ms
[2026-10-03T23:26:34.797+0000][50.972s][info][gc,phases   ] GC(2) O: Concurrent Relocate 0.083ms
[2026-10-03T23:26:34.797+0000][50.972s][info][gc,alloc    ] GC(2) O:                         Mark Start        Mark End      Relocate Start    Relocate End   
[2026-10-03T23:26:34.797+0000][50.972s][info][gc,alloc    ] GC(2) O: Allocation Stalls:          0                0                0                0         
[2026-10-03T23:26:34.797+0000][50.972s][info][gc,load     ] GC(2) O: Load: 0.53 (11%) / 0.30 (6%) / 0.13 (3%)
[2026-10-03T23:26:34.797+0000][50.972s][info][gc,mmu      ] GC(2) O: MMU: 2ms/98.8%, 5ms/99.5%, 10ms/99.7%, 20ms/99.9%, 50ms/99.9%, 100ms/99.9%
[2026-10-03T23:26:34.797+0000][50.972s][info][gc,marking  ] GC(2) O: Mark: 1 stripe(s), 1 proactive flush(es), 1 terminate flush(es), 0 completion(s), 0 continuation(s) 
[2026-10-03T23:26:34.797+0000][50.972s][info][gc,nmethod  ] GC(2) O: NMethods: 5497 registered, 486 unregistered
[2026-10-03T23:26:34.797+0000][50.972s][info][gc,metaspace] GC(2) O: Metaspace: 43M used, 43M committed, 1088M reserved
[2026-10-03T23:26:34.797+0000][50.972s][info][gc,ref      ] GC(2) O:                       Encountered   Discovered     Enqueued 
[2026-10-03T23:26:34.797+0000][50.972s][info][gc,ref      ] GC(2) O: Soft References:             3405            0            0 
[2026-10-03T23:26:34.797+0000][50.972s][info][gc,ref      ] GC(2) O: Weak References:             8481            0            0 
[2026-10-03T23:26:34.797+0000][50.972s][info][gc,ref      ] GC(2) O: Final References:              34            0            0 
[2026-10-03T23:26:34.797+0000][50.972s][info][gc,ref      ] GC(2) O: Phantom References:           687            0            0 
[2026-10-03T23:26:34.797+0000][50.972s][info][gc,heap     ] GC(2) O: Min Capacity: 512M(17%)
[2026-10-03T23:26:34.797+0000][50.972s][info][gc,heap     ] GC(2) O: Max Capacity: 3072M(100%)
[2026-10-03T23:26:34.797+0000][50.972s][info][gc,heap     ] GC(2) O: Soft Max Capacity: 3072M(100%)
[2026-10-03T23:26:34.797+0000][50.972s][info][gc,heap     ] GC(2) O: Heap Statistics:
[2026-10-03T23:26:34.797+0000][50.972s][info][gc,heap     ] GC(2) O:                Mark Start          Mark End        Relocate Start      Relocate End           High               Low         
[2026-10-03T23:26:34.797+0000][50.972s][info][gc,heap     ] GC(2) O:  Capacity:      584M (19%)         652M (21%)         652M (21%)         652M (21%)         652M (21%)         584M (19%)    
[2026-10-03T23:26:34.797+0000][50.972s][info][gc,heap     ] GC(2) O:      Free:     2488M (81%)        2830M (92%)        2824M (92%)        2824M (92%)        2830M (92%)        2420M (79%)    
[2026-10-03T23:26:34.797+0000][50.972s][info][gc,heap     ] GC(2) O:      Used:      584M (19%)         242M (8%)          248M (8%)          248M (8%)          652M (21%)         242M (8%)     
[2026-10-03T23:26:34.797+0000][50.972s][info][gc,heap     ] GC(2) O: Old Generation Statistics:
[2026-10-03T23:26:34.797+0000][50.972s][info][gc,heap     ] GC(2) O:                Mark Start          Mark End        Relocate Start      Relocate End    
[2026-10-03T23:26:34.797+0000][50.972s][info][gc,heap     ] GC(2) O:      Used:        0M (0%)            0M (0%)            0M (0%)            0M (0%)     
[2026-10-03T23:26:34.797+0000][50.972s][info][gc,heap     ] GC(2) O:      Live:         -                 0M (0%)            0M (0%)            0M (0%)     
[2026-10-03T23:26:34.797+0000][50.972s][info][gc,heap     ] GC(2) O:   Garbage:         -                 0M (0%)            0M (0%)            0M (0%)     
[2026-10-03T23:26:34.797+0000][50.972s][info][gc,heap     ] GC(2) O: Allocated:         -                 0M (0%)            0M (0%)            0M (0%)     
[2026-10-03T23:26:34.797+0000][50.972s][info][gc,heap     ] GC(2) O: Reclaimed:         -                  -                 0M (0%)            0M (0%)     
[2026-10-03T23:26:34.797+0000][50.972s][info][gc,heap     ] GC(2) O: Compacted:         -                  -                  -                 0M (0%)     
[2026-10-03T23:26:34.797+0000][50.972s][info][gc,phases   ] GC(2) O: Old Generation 242M(8%)->248M(8%) 0.028s
[2026-10-03T23:26:34.797+0000][50.972s][info][gc          ] GC(2) Major Collection (Metadata GC Threshold) 584M(19%)->248M(8%) 0.287s
[2026-10-03T23:26:36.165+0000][52.340s][info][gc          ] GC(3) Major Collection (Warmup)
[2026-10-03T23:26:36.165+0000][52.340s][info][gc,task     ] GC(3) Using 1 Workers for Young Generation
[2026-10-03T23:26:36.165+0000][52.340s][info][gc,task     ] GC(3) Using 1 Workers for Old Generation
[2026-10-03T23:26:36.165+0000][52.340s][info][gc,phases   ] GC(3) Y: Young Generation
[2026-10-03T23:26:36.165+0000][52.340s][info][gc,phases   ] GC(3) Y: Pause Mark Start (Major) 0.014ms
[2026-10-03T23:26:36.634+0000][52.809s][info][gc,phases   ] GC(3) Y: Concurrent Mark 468.768ms
[2026-10-03T23:26:36.634+0000][52.809s][info][gc,phases   ] GC(3) Y: Pause Mark End 0.014ms
[2026-10-03T23:26:36.634+0000][52.809s][info][gc,phases   ] GC(3) Y: Concurrent Mark Free 0.001ms
[2026-10-03T23:26:36.634+0000][52.809s][info][gc,phases   ] GC(3) Y: Concurrent Reset Relocation Set 0.011ms
[2026-10-03T23:26:36.635+0000][52.809s][info][gc,reloc    ] GC(3) Y: Using tenuring threshold: 4 (Computed)
[2026-10-03T23:26:36.635+0000][52.810s][info][gc,phases   ] GC(3) Y: Concurrent Select Relocation Set 0.859ms
[2026-10-03T23:26:36.635+0000][52.810s][info][gc,phases   ] GC(3) Y: Pause Relocate Start 0.008ms
[2026-10-03T23:26:36.701+0000][52.876s][info][gc,phases   ] GC(3) Y: Concurrent Relocate 65.641ms
[2026-10-03T23:26:36.701+0000][52.876s][info][gc,alloc    ] GC(3) Y:                         Mark Start        Mark End      Relocate Start    Relocate End   
[2026-10-03T23:26:36.701+0000][52.876s][info][gc,alloc    ] GC(3) Y: Allocation Stalls:          0                0                0                0         
[2026-10-03T23:26:36.701+0000][52.876s][info][gc,load     ] GC(3) Y: Load: 0.53 (11%) / 0.30 (6%) / 0.13 (3%)
[2026-10-03T23:26:36.701+0000][52.876s][info][gc,mmu      ] GC(3) Y: MMU: 2ms/98.8%, 5ms/99.5%, 10ms/99.7%, 20ms/99.9%, 50ms/99.9%, 100ms/99.9%
[2026-10-03T23:26:36.701+0000][52.876s][info][gc,marking  ] GC(3) Y: Mark: 1 stripe(s), 2 proactive flush(es), 1 terminate flush(es), 0 completion(s), 0 continuation(s) 
[2026-10-03T23:26:36.701+0000][52.876s][info][gc,nmethod  ] GC(3) Y: NMethods: 6957 registered, 486 unregistered
[2026-10-03T23:26:36.701+0000][52.876s][info][gc,metaspace] GC(3) Y: Metaspace: 52M used, 52M committed, 1088M reserved
[2026-10-03T23:26:36.701+0000][52.876s][info][gc,reloc    ] GC(3) Y:                        Candidates     Selected     In-Place         Size        Empty    Relocated 
[2026-10-03T23:26:36.701+0000][52.876s][info][gc,reloc    ] GC(3) Y: Small Pages:                  254          198            0         508M           0M          24M 
[2026-10-03T23:26:36.701+0000][52.876s][info][gc,reloc    ] GC(3) Y: Medium Pages:                   3            2            0          96M           0M           3M 
[2026-10-03T23:26:36.701+0000][52.876s][info][gc,reloc    ] GC(3) Y: Large Pages:                    1            0            0          12M           0M           0M 
[2026-10-03T23:26:36.701+0000][52.876s][info][gc,reloc    ] GC(3) Y: Forwarding Usage: 10M
[2026-10-03T23:26:36.701+0000][52.876s][info][gc,reloc    ] GC(3) Y: Age Table:
[2026-10-03T23:26:36.701+0000][52.876s][info][gc,reloc    ] GC(3) Y:                    Live             Garbage             Small              Medium             Large        
[2026-10-03T23:26:36.701+0000][52.876s][info][gc,reloc    ] GC(3) Y: Eden              26M (1%)          383M (12%)        205 / 190            0 / 0              0 / 0        
[2026-10-03T23:26:36.701+0000][52.876s][info][gc,reloc    ] GC(3) Y: Survivor 1        46M (2%)           39M (1%)          21 / 3              1 / 1              1 / 0        
[2026-10-03T23:26:36.701+0000][52.876s][info][gc,reloc    ] GC(3) Y: Survivor 2        23M (1%)           38M (1%)          15 / 2              1 / 0              0 / 0        
[2026-10-03T23:26:36.701+0000][52.876s][info][gc,reloc    ] GC(3) Y: Survivor 3        21M (1%)           36M (1%)          13 / 3              1 / 1              0 / 0        
[2026-10-03T23:26:36.701+0000][52.876s][info][gc,heap     ] GC(3) Y: Min Capacity: 512M(17%)
[2026-10-03T23:26:36.701+0000][52.876s][info][gc,heap     ] GC(3) Y: Max Capacity: 3072M(100%)
[2026-10-03T23:26:36.701+0000][52.876s][info][gc,heap     ] GC(3) Y: Soft Max Capacity: 3072M(100%)
[2026-10-03T23:26:36.701+0000][52.876s][info][gc,heap     ] GC(3) Y: Heap Statistics:
[2026-10-03T23:26:36.701+0000][52.876s][info][gc,heap     ] GC(3) Y:                Mark Start          Mark End        Relocate Start      Relocate End           High               Low         
[2026-10-03T23:26:36.701+0000][52.876s][info][gc,heap     ] GC(3) Y:  Capacity:      652M (21%)         678M (22%)         678M (22%)         718M (23%)         718M (23%)         652M (21%)    
[2026-10-03T23:26:36.701+0000][52.876s][info][gc,heap     ] GC(3) Y:      Free:     2456M (80%)        2394M (78%)        2394M (78%)        2770M (90%)        2770M (90%)        2354M (77%)    
[2026-10-03T23:26:36.701+0000][52.876s][info][gc,heap     ] GC(3) Y:      Used:      616M (20%)         678M (22%)         678M (22%)         302M (10%)         718M (23%)         302M (10%)    
[2026-10-03T23:26:36.701+0000][52.876s][info][gc,heap     ] GC(3) Y: Young Generation Statistics:
[2026-10-03T23:26:36.701+0000][52.876s][info][gc,heap     ] GC(3) Y:                Mark Start          Mark End        Relocate Start      Relocate End    
[2026-10-03T23:26:36.701+0000][52.876s][info][gc,heap     ] GC(3) Y:      Used:      616M (20%)         678M (22%)         678M (22%)         302M (10%)    
[2026-10-03T23:26:36.701+0000][52.876s][info][gc,heap     ] GC(3) Y:      Live:         -               117M (4%)          117M (4%)          117M (4%)     
[2026-10-03T23:26:36.701+0000][52.876s][info][gc,heap     ] GC(3) Y:   Garbage:         -               498M (16%)         498M (16%)           6M (0%)     
[2026-10-03T23:26:36.701+0000][52.876s][info][gc,heap     ] GC(3) Y: Allocated:         -                62M (2%)           62M (2%)          177M (6%)     
[2026-10-03T23:26:36.701+0000][52.876s][info][gc,heap     ] GC(3) Y: Reclaimed:         -                  -                 0M (0%)          491M (16%)    
[2026-10-03T23:26:36.701+0000][52.876s][info][gc,heap     ] GC(3) Y:  Promoted:         -                  -                 0M (0%)            0M (0%)     
[2026-10-03T23:26:36.701+0000][52.876s][info][gc,heap     ] GC(3) Y: Compacted:         -                  -                  -                32M (1%)     
[2026-10-03T23:26:36.701+0000][52.876s][info][gc,phases   ] GC(3) Y: Young Generation 616M(20%)->302M(10%) 0.536s
[2026-10-03T23:26:36.701+0000][52.876s][info][gc,phases   ] GC(3) O: Old Generation
[2026-10-03T23:26:36.702+0000][52.877s][info][gc,phases   ] GC(3) O: Concurrent Mark 0.426ms
[2026-10-03T23:26:36.702+0000][52.877s][info][gc,phases   ] GC(3) O: Pause Mark End 0.012ms
[2026-10-03T23:26:36.702+0000][52.877s][info][gc,phases   ] GC(3) O: Concurrent Mark Free 0.000ms
[2026-10-03T23:26:36.729+0000][52.904s][info][gc,phases   ] GC(3) O: Concurrent Process Non-Strong 27.039ms
[2026-10-03T23:26:36.729+0000][52.904s][info][gc,phases   ] GC(3) O: Concurrent Reset Relocation Set 0.000ms
[2026-10-03T23:26:36.729+0000][52.904s][info][gc,phases   ] GC(3) O: Concurrent Select Relocation Set 0.046ms
[2026-10-03T23:26:36.729+0000][52.904s][info][gc,task     ] GC(3) O: Using 1 Workers for Old Generation
[2026-10-03T23:26:36.733+0000][52.908s][info][gc,task     ] GC(3) O: Using 1 Workers for Old Generation
[2026-10-03T23:26:36.733+0000][52.908s][info][gc,phases   ] GC(3) O: Concurrent Remap Roots 4.034ms
[2026-10-03T23:26:36.733+0000][52.908s][info][gc,phases   ] GC(3) O: Pause Relocate Start 0.010ms
[2026-10-03T23:26:36.734+0000][52.908s][info][gc,phases   ] GC(3) O: Concurrent Relocate 0.015ms
[2026-10-03T23:26:36.734+0000][52.908s][info][gc,alloc    ] GC(3) O:                         Mark Start        Mark End      Relocate Start    Relocate End   
[2026-10-03T23:26:36.734+0000][52.908s][info][gc,alloc    ] GC(3) O: Allocation Stalls:          0                0                0                0         
[2026-10-03T23:26:36.734+0000][52.908s][info][gc,load     ] GC(3) O: Load: 0.53 (11%) / 0.30 (6%) / 0.13 (3%)
[2026-10-03T23:26:36.734+0000][52.908s][info][gc,mmu      ] GC(3) O: MMU: 2ms/98.8%, 5ms/99.5%, 10ms/99.7%, 20ms/99.9%, 50ms/99.9%, 100ms/99.9%
[2026-10-03T23:26:36.734+0000][52.908s][info][gc,marking  ] GC(3) O: Mark: 1 stripe(s), 1 proactive flush(es), 1 terminate flush(es), 0 completion(s), 0 continuation(s) 
[2026-10-03T23:26:36.734+0000][52.908s][info][gc,nmethod  ] GC(3) O: NMethods: 6448 registered, 1019 unregistered
[2026-10-03T23:26:36.734+0000][52.908s][info][gc,metaspace] GC(3) O: Metaspace: 52M used, 53M committed, 1088M reserved
[2026-10-03T23:26:36.734+0000][52.908s][info][gc,ref      ] GC(3) O:                       Encountered   Discovered     Enqueued 
[2026-10-03T23:26:36.734+0000][52.908s][info][gc,ref      ] GC(3) O: Soft References:             3484            0            0 
[2026-10-03T23:26:36.734+0000][52.908s][info][gc,ref      ] GC(3) O: Weak References:            13013            0            0 
[2026-10-03T23:26:36.734+0000][52.908s][info][gc,ref      ] GC(3) O: Final References:              34            0            0 
[2026-10-03T23:26:36.734+0000][52.908s][info][gc,ref      ] GC(3) O: Phantom References:           686            0            0 
[2026-10-03T23:26:36.734+0000][52.908s][info][gc,heap     ] GC(3) O: Min Capacity: 512M(17%)
[2026-10-03T23:26:36.734+0000][52.908s][info][gc,heap     ] GC(3) O: Max Capacity: 3072M(100%)
[2026-10-03T23:26:36.734+0000][52.908s][info][gc,heap     ] GC(3) O: Soft Max Capacity: 3072M(100%)
[2026-10-03T23:26:36.734+0000][52.908s][info][gc,heap     ] GC(3) O: Heap Statistics:
[2026-10-03T23:26:36.734+0000][52.908s][info][gc,heap     ] GC(3) O:                Mark Start          Mark End        Relocate Start      Relocate End           High               Low         
[2026-10-03T23:26:36.734+0000][52.908s][info][gc,heap     ] GC(3) O:  Capacity:      652M (21%)         718M (23%)         718M (23%)         718M (23%)         718M (23%)         652M (21%)    
[2026-10-03T23:26:36.734+0000][52.908s][info][gc,heap     ] GC(3) O:      Free:     2456M (80%)        2770M (90%)        2762M (90%)        2762M (90%)        2770M (90%)        2354M (77%)    
[2026-10-03T23:26:36.734+0000][52.908s][info][gc,heap     ] GC(3) O:      Used:      616M (20%)         302M (10%)         310M (10%)         310M (10%)         718M (23%)         302M (10%)    
[2026-10-03T23:26:36.734+0000][52.908s][info][gc,heap     ] GC(3) O: Old Generation Statistics:
[2026-10-03T23:26:36.734+0000][52.908s][info][gc,heap     ] GC(3) O:                Mark Start          Mark End        Relocate Start      Relocate End    
[2026-10-03T23:26:36.734+0000][52.908s][info][gc,heap     ] GC(3) O:      Used:        0M (0%)            0M (0%)            0M (0%)            0M (0%)     
[2026-10-03T23:26:36.734+0000][52.908s][info][gc,heap     ] GC(3) O:      Live:         -                 0M (0%)            0M (0%)            0M (0%)     
[2026-10-03T23:26:36.734+0000][52.908s][info][gc,heap     ] GC(3) O:   Garbage:         -                 0M (0%)            0M (0%)            0M (0%)     
[2026-10-03T23:26:36.734+0000][52.908s][info][gc,heap     ] GC(3) O: Allocated:         -                 0M (0%)            0M (0%)            0M (0%)     
[2026-10-03T23:26:36.734+0000][52.908s][info][gc,heap     ] GC(3) O: Reclaimed:         -                  -                 0M (0%)            0M (0%)     
[2026-10-03T23:26:36.734+0000][52.908s][info][gc,heap     ] GC(3) O: Compacted:         -                  -                  -                 0M (0%)     
[2026-10-03T23:26:36.734+0000][52.908s][info][gc,phases   ] GC(3) O: Old Generation 302M(10%)->310M(10%) 0.032s
[2026-10-03T23:26:36.734+0000][52.909s][info][gc          ] GC(3) Major Collection (Warmup) 616M(20%)->310M(10%) 0.568s
[2026-10-03T23:26:40.916+0000][57.091s][info][gc          ] GC(4) Major Collection (Warmup)
[2026-10-03T23:26:40.916+0000][57.091s][info][gc,task     ] GC(4) Using 1 Workers for Young Generation
[2026-10-03T23:26:40.916+0000][57.091s][info][gc,task     ] GC(4) Using 1 Workers for Old Generation
[2026-10-03T23:26:40.916+0000][57.091s][info][gc,phases   ] GC(4) Y: Young Generation
[2026-10-03T23:26:40.916+0000][57.091s][info][gc,phases   ] GC(4) Y: Pause Mark Start (Major) 0.013ms
[2026-10-03T23:26:41.172+0000][57.347s][info][gc,exit     ] Stopping ZGC
[2026-10-03T23:26:41.173+0000][57.348s][info][gc,phases   ] GC(4) Y: Young Generation Aborted
[2026-10-03T23:26:41.173+0000][57.348s][info][gc          ] GC(4) Major Collection (Warmup) Aborted
[2026-10-03T23:26:41.176+0000][57.351s][info][gc,stats    ] === Garbage Collection Statistics =======================================================================================================================
[2026-10-03T23:26:41.176+0000][57.351s][info][gc,stats    ]                                                              Last 10s              Last 10m              Last 10h                Total
[2026-10-03T23:26:41.176+0000][57.351s][info][gc,stats    ]                                                              Avg / Max             Avg / Max             Avg / Max             Avg / Max
[2026-10-03T23:26:41.176+0000][57.351s][info][gc,stats    ]        Contention: Mark Segment Reset Contention                     0 / 0                 0 / 0                 0 / 0                 0 / 0           ops/s
[2026-10-03T23:26:41.176+0000][57.351s][info][gc,stats    ]        Contention: Mark SeqNum Reset Contention                      0 / 0                 0 / 0                 0 / 0                 0 / 0           ops/s
[2026-10-03T23:26:41.176+0000][57.351s][info][gc,stats    ]          Critical: Allocation Stall                                  0 / 0                 0 / 0                 0 / 0                 0 / 0           ops/s
[2026-10-03T23:26:41.176+0000][57.351s][info][gc,stats    ]          Critical: Allocation Stall                              0.000 / 0.000         0.000 / 0.000         0.000 / 0.000         0.000 / 0.000       ms
[2026-10-03T23:26:41.176+0000][57.351s][info][gc,stats    ]          Critical: JNI Critical Stall                                0 / 1                 0 / 1                 0 / 1                 0 / 1           ops/s
[2026-10-03T23:26:41.176+0000][57.351s][info][gc,stats    ]          Critical: JNI Critical Stall                            2.769 / 4.364         2.769 / 4.364         2.769 / 4.364         2.769 / 4.364       ms
[2026-10-03T23:26:41.176+0000][57.351s][info][gc,stats    ]          Critical: Relocation Stall                                  0 / 0                 0 / 0                 0 / 0                 0 / 0           ops/s
[2026-10-03T23:26:41.176+0000][57.351s][info][gc,stats    ]          Critical: Relocation Stall                              0.000 / 0.000         0.000 / 0.000         0.000 / 0.000         0.000 / 0.000       ms
[2026-10-03T23:26:41.176+0000][57.351s][info][gc,stats    ]  Major Collection: Major Collection                            266.506 / 568.418     266.506 / 568.418     266.506 / 568.418     266.506 / 568.418     ms
[2026-10-03T23:26:41.176+0000][57.351s][info][gc,stats    ]            Memory: Allocation Rate                                 194 / 404              35 / 404              35 / 404              35 / 404         MB/s
[2026-10-03T23:26:41.176+0000][57.351s][info][gc,stats    ]            Memory: Defragment                                        0 / 0                 0 / 0                 0 / 0                 0 / 0           ops/s
[2026-10-03T23:26:41.176+0000][57.351s][info][gc,stats    ]            Memory: Mapped Cache Harvest                              0 / 0                 0 / 0                 0 / 0                 0 / 0           MB/s
[2026-10-03T23:26:41.176+0000][57.351s][info][gc,stats    ]            Memory: Out Of Memory                                     0 / 0                 0 / 0                 0 / 0                 0 / 0           ops/s
[2026-10-03T23:26:41.176+0000][57.351s][info][gc,stats    ]            Memory: Uncommit                                          0 / 0                 0 / 0                 0 / 0                 0 / 0           MB/s
[2026-10-03T23:26:41.176+0000][57.351s][info][gc,stats    ]            Memory: Undo Object Allocation Failed                     0 / 0                 0 / 0                 0 / 0                 0 / 0           ops/s
[2026-10-03T23:26:41.176+0000][57.351s][info][gc,stats    ]            Memory: Undo Object Allocation Succeeded                  0 / 1                 0 / 1                 0 / 1                 0 / 1           ops/s
[2026-10-03T23:26:41.176+0000][57.351s][info][gc,stats    ]            Memory: Undo Page Allocation                              0 / 0                 0 / 0                 0 / 0                 0 / 0           ops/s
[2026-10-03T23:26:41.176+0000][57.351s][info][gc,stats    ]  Minor Collection: Minor Collection                              0.000 / 0.000         0.000 / 0.000         0.000 / 0.000         0.000 / 0.000       ms
[2026-10-03T23:26:41.176+0000][57.351s][info][gc,stats    ]    Old Generation: Old Generation                               21.476 / 32.240       21.476 / 32.240       21.476 / 32.240       21.476 / 32.240      ms
[2026-10-03T23:26:41.176+0000][57.351s][info][gc,stats    ]         Old Pause: Pause Mark End                                0.012 / 0.013         0.012 / 0.013         0.012 / 0.013         0.012 / 0.013       ms
[2026-10-03T23:26:41.176+0000][57.351s][info][gc,stats    ]         Old Pause: Pause Relocate Start                          0.009 / 0.010         0.009 / 0.010         0.009 / 0.010         0.009 / 0.010       ms
[2026-10-03T23:26:41.176+0000][57.351s][info][gc,stats    ]         Old Phase: Concurrent Mark                               0.914 / 2.547         0.914 / 2.547         0.914 / 2.547         0.914 / 2.547       ms
[2026-10-03T23:26:41.176+0000][57.351s][info][gc,stats    ]         Old Phase: Concurrent Mark Continue                      0.000 / 0.000         0.000 / 0.000         0.000 / 0.000         0.000 / 0.000       ms
[2026-10-03T23:26:41.176+0000][57.351s][info][gc,stats    ]         Old Phase: Concurrent Mark Free                          0.000 / 0.001         0.000 / 0.001         0.000 / 0.001         0.000 / 0.001       ms
[2026-10-03T23:26:41.176+0000][57.351s][info][gc,stats    ]         Old Phase: Concurrent Process Non-Strong                15.966 / 27.039       15.966 / 27.039       15.966 / 27.039       15.966 / 27.039      ms
[2026-10-03T23:26:41.176+0000][57.351s][info][gc,stats    ]         Old Phase: Concurrent Relocate                           0.032 / 0.083         0.032 / 0.083         0.032 / 0.083         0.032 / 0.083       ms
[2026-10-03T23:26:41.176+0000][57.351s][info][gc,stats    ]         Old Phase: Concurrent Remap Roots                        2.703 / 4.034         2.703 / 4.034         2.703 / 4.034         2.703 / 4.034       ms
[2026-10-03T23:26:41.176+0000][57.351s][info][gc,stats    ]         Old Phase: Concurrent Reset Relocation Set               0.001 / 0.001         0.001 / 0.001         0.001 / 0.001         0.001 / 0.001       ms
[2026-10-03T23:26:41.176+0000][57.351s][info][gc,stats    ]         Old Phase: Concurrent Select Relocation Set              0.185 / 0.607         0.185 / 0.607         0.185 / 0.607         0.185 / 0.607       ms
[2026-10-03T23:26:41.176+0000][57.351s][info][gc,stats    ]      Old Subphase: Concurrent Classes Purge                      0.772 / 1.258         0.772 / 1.258         0.772 / 1.258         0.772 / 1.258       ms
[2026-10-03T23:26:41.176+0000][57.351s][info][gc,stats    ]      Old Subphase: Concurrent Classes Unlink                    11.568 / 16.588       11.568 / 16.588       11.568 / 16.588       11.568 / 16.588      ms
[2026-10-03T23:26:41.176+0000][57.351s][info][gc,stats    ]      Old Subphase: Concurrent Mark Follow                        0.726 / 2.365         0.726 / 2.365         0.726 / 2.365         0.726 / 2.365       ms
[2026-10-03T23:26:41.176+0000][57.351s][info][gc,stats    ]      Old Subphase: Concurrent Mark Root Colored                  0.064 / 0.100         0.064 / 0.100         0.064 / 0.100         0.064 / 0.100       ms
[2026-10-03T23:26:41.176+0000][57.351s][info][gc,stats    ]      Old Subphase: Concurrent Mark Root Uncolored                0.094 / 0.132         0.094 / 0.132         0.094 / 0.132         0.094 / 0.132       ms
[2026-10-03T23:26:41.176+0000][57.351s][info][gc,stats    ]      Old Subphase: Concurrent Mark Roots                         0.186 / 0.220         0.186 / 0.220         0.186 / 0.220         0.186 / 0.220       ms
[2026-10-03T23:26:41.176+0000][57.351s][info][gc,stats    ]      Old Subphase: Concurrent References Enqueue                 0.000 / 0.001         0.000 / 0.001         0.000 / 0.001         0.000 / 0.001       ms
[2026-10-03T23:26:41.176+0000][57.351s][info][gc,stats    ]      Old Subphase: Concurrent References Process                 0.018 / 0.044         0.018 / 0.044         0.018 / 0.044         0.018 / 0.044       ms
[2026-10-03T23:26:41.176+0000][57.351s][info][gc,stats    ]      Old Subphase: Concurrent Remap Remembered                   0.001 / 0.001         0.001 / 0.001         0.001 / 0.001         0.001 / 0.001       ms
[2026-10-03T23:26:41.176+0000][57.351s][info][gc,stats    ]      Old Subphase: Concurrent Remap Roots Colored                0.613 / 0.915         0.613 / 0.915         0.613 / 0.915         0.613 / 0.915       ms
[2026-10-03T23:26:41.176+0000][57.351s][info][gc,stats    ]      Old Subphase: Concurrent Remap Roots Uncolored              2.041 / 3.072         2.041 / 3.072         2.041 / 3.072         2.041 / 3.072       ms
[2026-10-03T23:26:41.176+0000][57.351s][info][gc,stats    ]      Old Subphase: Concurrent Roots ClassLoaderDataGraph         0.195 / 0.523         0.195 / 0.523         0.195 / 0.523         0.195 / 0.523       ms
[2026-10-03T23:26:41.176+0000][57.351s][info][gc,stats    ]      Old Subphase: Concurrent Roots CodeCache                    2.037 / 3.069         2.037 / 3.069         2.037 / 3.069         2.037 / 3.069       ms
[2026-10-03T23:26:41.176+0000][57.351s][info][gc,stats    ]      Old Subphase: Concurrent Roots JavaThreads                  0.033 / 0.131         0.033 / 0.131         0.033 / 0.131         0.033 / 0.131       ms
[2026-10-03T23:26:41.176+0000][57.351s][info][gc,stats    ]      Old Subphase: Concurrent Roots OopStorageSet                0.010 / 0.028         0.010 / 0.028         0.010 / 0.028         0.010 / 0.028       ms
[2026-10-03T23:26:41.176+0000][57.351s][info][gc,stats    ]      Old Subphase: Concurrent Weak Roots OopStorageSet           0.814 / 2.431         0.814 / 2.431         0.814 / 2.431         0.814 / 2.431       ms
[2026-10-03T23:26:41.176+0000][57.351s][info][gc,stats    ]            System: Java Threads                                     13 / 14               13 / 14               13 / 14               13 / 14          threads
[2026-10-03T23:26:41.176+0000][57.351s][info][gc,stats    ]  Young Generation: Young Generation                            244.713 / 535.864     244.713 / 535.864     244.713 / 535.864     244.713 / 535.864     ms
[2026-10-03T23:26:41.176+0000][57.351s][info][gc,stats    ]  Young Generation: Young Generation                              0.000 / 0.000         0.000 / 0.000         0.000 / 0.000         0.000 / 0.000       ms
[2026-10-03T23:26:41.176+0000][57.351s][info][gc,stats    ]  Young Generation: Young Generation (Collect Roots)              0.000 / 0.000         0.000 / 0.000         0.000 / 0.000         0.000 / 0.000       ms
[2026-10-03T23:26:41.176+0000][57.351s][info][gc,stats    ]  Young Generation: Young Generation (Promote All)                0.000 / 0.000         0.000 / 0.000         0.000 / 0.000         0.000 / 0.000       ms
[2026-10-03T23:26:41.176+0000][57.351s][info][gc,stats    ]       Young Pause: Pause Mark End                                0.013 / 0.016         0.013 / 0.016         0.013 / 0.016         0.013 / 0.016       ms
[2026-10-03T23:26:41.176+0000][57.351s][info][gc,stats    ]       Young Pause: Pause Mark Start                              0.000 / 0.000         0.000 / 0.000         0.000 / 0.000         0.000 / 0.000       ms
[2026-10-03T23:26:41.176+0000][57.351s][info][gc,stats    ]       Young Pause: Pause Mark Start (Major)                      0.015 / 0.022         0.015 / 0.022         0.015 / 0.022         0.015 / 0.022       ms
[2026-10-03T23:26:41.176+0000][57.351s][info][gc,stats    ]       Young Pause: Pause Relocate Start                          0.009 / 0.012         0.009 / 0.012         0.009 / 0.012         0.009 / 0.012       ms
[2026-10-03T23:26:41.176+0000][57.351s][info][gc,stats    ]       Young Phase: Concurrent Mark                             197.850 / 468.768     197.850 / 468.768     197.850 / 468.768     197.850 / 468.768     ms
[2026-10-03T23:26:41.176+0000][57.351s][info][gc,stats    ]       Young Phase: Concurrent Mark Continue                      0.000 / 0.000         0.000 / 0.000         0.000 / 0.000         0.000 / 0.000       ms
[2026-10-03T23:26:41.176+0000][57.351s][info][gc,stats    ]       Young Phase: Concurrent Mark Free                          0.002 / 0.002         0.002 / 0.002         0.002 / 0.002         0.002 / 0.002       ms
[2026-10-03T23:26:41.176+0000][57.351s][info][gc,stats    ]       Young Phase: Concurrent Relocate                          42.455 / 65.641       42.455 / 65.641       42.455 / 65.641       42.455 / 65.641      ms
[2026-10-03T23:26:41.176+0000][57.351s][info][gc,stats    ]       Young Phase: Concurrent Reset Relocation Set               0.007 / 0.011         0.007 / 0.011         0.007 / 0.011         0.007 / 0.011       ms
[2026-10-03T23:26:41.176+0000][57.351s][info][gc,stats    ]       Young Phase: Concurrent Select Relocation Set              2.365 / 5.259         2.365 / 5.259         2.365 / 5.259         2.365 / 5.259       ms
[2026-10-03T23:26:41.176+0000][57.351s][info][gc,stats    ]    Young Subphase: Concurrent Mark Follow                      189.312 / 452.724     189.312 / 452.724     189.312 / 452.724     189.312 / 452.724     ms
[2026-10-03T23:26:41.176+0000][57.351s][info][gc,stats    ]    Young Subphase: Concurrent Mark Root Colored                  3.550 / 7.550         3.550 / 7.550         3.550 / 7.550         3.550 / 7.550       ms
[2026-10-03T23:26:41.176+0000][57.351s][info][gc,stats    ]    Young Subphase: Concurrent Mark Root Uncolored                4.299 / 8.431         4.299 / 8.431         4.299 / 8.431         4.299 / 8.431       ms
[2026-10-03T23:26:41.176+0000][57.351s][info][gc,stats    ]    Young Subphase: Concurrent Mark Roots                         8.535 / 16.041        8.535 / 16.041        8.535 / 16.041        8.535 / 16.041      ms
[2026-10-03T23:26:41.176+0000][57.351s][info][gc,stats    ]    Young Subphase: Concurrent Relocate Remset FP                 3.259 / 12.814        3.259 / 12.814        3.259 / 12.814        3.259 / 12.814      ms
[2026-10-03T23:26:41.176+0000][57.351s][info][gc,stats    ]    Young Subphase: Concurrent Roots ClassLoaderDataGraph         1.806 / 5.749         1.806 / 5.749         1.806 / 5.749         1.806 / 5.749       ms
[2026-10-03T23:26:41.176+0000][57.351s][info][gc,stats    ]    Young Subphase: Concurrent Roots CodeCache                    3.749 / 8.356         3.749 / 8.356         3.749 / 8.356         3.749 / 8.356       ms
[2026-10-03T23:26:41.176+0000][57.351s][info][gc,stats    ]    Young Subphase: Concurrent Roots JavaThreads                  0.276 / 1.665         0.276 / 1.665         0.276 / 1.665         0.276 / 1.665       ms
[2026-10-03T23:26:41.176+0000][57.351s][info][gc,stats    ]    Young Subphase: Concurrent Roots OopStorageSet                0.224 / 0.747         0.224 / 0.747         0.224 / 0.747         0.224 / 0.747       ms
[2026-10-03T23:26:41.176+0000][57.351s][info][gc,stats    ]    Young Subphase: Concurrent Weak Roots OopStorageSet           1.516 / 1.842         1.516 / 1.842         1.516 / 1.842         1.516 / 1.842       ms
[2026-10-03T23:26:41.176+0000][57.351s][info][gc,stats    ] =========================================================================================================================================================
[2026-10-03T23:26:41.180+0000][57.355s][info][gc,exit     ] Heap
[2026-10-03T23:26:41.180+0000][57.355s][info][gc,exit     ]  ZHeap           used 958M, capacity 958M, max capacity 3072M
[2026-10-03T23:26:41.180+0000][57.355s][info][gc,exit     ]   Cache          0M (0)
[2026-10-03T23:26:41.180+0000][57.355s][info][gc,exit     ]  Metaspace       used 89147K, committed 90048K, reserved 1179648K
[2026-10-03T23:26:41.180+0000][57.355s][info][gc,exit     ]   class space    used 15156K, committed 15552K, reserved 1048576K
