[2026-10-03T23:39:36.819+0000][0.004s][info][gc,init] Initializing The Z Garbage Collector
[2026-10-03T23:39:36.819+0000][0.004s][info][gc,init] Version: 25.0.4.1+1-LTS-5 (release)
[2026-10-03T23:39:36.819+0000][0.004s][info][gc,init] NUMA Support: Disabled
[2026-10-03T23:39:36.819+0000][0.004s][info][gc,init] CPUs: 5 total, 4 available
[2026-10-03T23:39:36.819+0000][0.004s][info][gc,init] Memory: 16384M
[2026-10-03T23:39:36.819+0000][0.004s][info][gc,init] Large Page Support: Disabled
[2026-10-03T23:39:36.819+0000][0.004s][info][gc,init] Address Space Size: unlimited
[2026-10-03T23:39:36.819+0000][0.004s][info][gc,init] Reserved Space Type: Contiguous/Unrestricted/Complete
[2026-10-03T23:39:36.819+0000][0.004s][info][gc,init] Reserved Space Size: 48G
[2026-10-03T23:39:36.819+0000][0.004s][info][gc,init] Heap Backing File: /memfd:java_heap
[2026-10-03T23:39:36.819+0000][0.004s][info][gc,init] Heap Backing Filesystem: tmpfs (0x1021994)
[2026-10-03T23:39:36.820+0000][0.005s][info][gc,init] Min Capacity: 512M
[2026-10-03T23:39:36.820+0000][0.005s][info][gc,init] Initial Capacity: 512M
[2026-10-03T23:39:36.820+0000][0.005s][info][gc,init] Max Capacity: 3072M
[2026-10-03T23:39:36.820+0000][0.005s][info][gc,init] Soft Max Capacity: 3072M
[2026-10-03T23:39:36.820+0000][0.005s][info][gc,init] Page Size Medium: Range [4M, 32M]
[2026-10-03T23:39:36.820+0000][0.005s][info][gc,init] Pre-touch: Disabled
[2026-10-03T23:39:36.820+0000][0.005s][info][gc,init] Available space on backing filesystem: N/A
[2026-10-03T23:39:36.820+0000][0.005s][info][gc,init] Uncommit: Enabled
[2026-10-03T23:39:36.820+0000][0.005s][info][gc,init] Uncommit Delay: 300s
[2026-10-03T23:39:36.820+0000][0.005s][info][gc,init] GC Workers for Old Generation: 1 (dynamic)
[2026-10-03T23:39:36.820+0000][0.005s][info][gc,init] GC Workers for Young Generation: 1 (dynamic)
[2026-10-03T23:39:36.861+0000][0.046s][info][gc,init] GC Workers Max: 1 (dynamic)
[2026-10-03T23:39:36.861+0000][0.046s][info][gc,init] Runtime Workers: 3
[2026-10-03T23:39:36.862+0000][0.047s][info][gc     ] Using The Z Garbage Collector
[2026-10-03T23:39:36.864+0000][0.050s][info][gc,metaspace] CDS archive(s) mapped at: [0x000000007b000000-0x000000007bd94000-0x000000007bd94000), size 14237696, SharedBaseAddress: 0x000000007b000000, ArchiveRelocationMode: 1.
[2026-10-03T23:39:36.864+0000][0.050s][info][gc,metaspace] Compressed class space mapped at: 0x000000007c000000-0x00000000bc000000, reserved size: 1073741824
[2026-10-03T23:39:36.864+0000][0.050s][info][gc,metaspace] UseCompressedClassPointers 1, UseCompactObjectHeaders 0
[2026-10-03T23:39:36.864+0000][0.050s][info][gc,metaspace] Narrow klass pointer bits 32, Max shift 3
[2026-10-03T23:39:36.864+0000][0.050s][info][gc,metaspace] Narrow klass base: 0x000000007b000000, Narrow klass shift: 0
[2026-10-03T23:39:36.865+0000][0.050s][info][gc,metaspace] Encoding Range: [0x000000007b000000 - 0x000000017b000000), (4294967296 bytes)
[2026-10-03T23:39:36.865+0000][0.050s][info][gc,metaspace] Klass Range:    [0x000000007b001000 - 0x00000000bc000000), (1090514944 bytes)
[2026-10-03T23:39:36.865+0000][0.050s][info][gc,metaspace] Klass ID Range:  [4096 - 1090519033) (1090514937)
[2026-10-03T23:39:36.865+0000][0.050s][info][gc,metaspace] Protection zone: [0x000000007b000000 - 0x000000007b001000), (4096 bytes)
[2026-10-03T23:40:48.337+0000][71.522s][info][gc          ] GC(0) Major Collection (Metadata GC Threshold)
[2026-10-03T23:40:48.337+0000][71.522s][info][gc,task     ] GC(0) Using 1 Workers for Young Generation
[2026-10-03T23:40:48.337+0000][71.522s][info][gc,task     ] GC(0) Using 1 Workers for Old Generation
[2026-10-03T23:40:48.337+0000][71.522s][info][gc,phases   ] GC(0) Y: Young Generation
[2026-10-03T23:40:48.340+0000][71.525s][info][gc,phases   ] GC(0) Y: Pause Mark Start (Major) 0.022ms
[2026-10-03T23:40:48.378+0000][71.563s][info][gc,phases   ] GC(0) Y: Concurrent Mark 37.744ms
[2026-10-03T23:40:48.378+0000][71.563s][info][gc,phases   ] GC(0) Y: Pause Mark End 0.010ms
[2026-10-03T23:40:48.378+0000][71.563s][info][gc,phases   ] GC(0) Y: Concurrent Mark Free 0.001ms
[2026-10-03T23:40:48.378+0000][71.563s][info][gc,phases   ] GC(0) Y: Concurrent Reset Relocation Set 0.008ms
[2026-10-03T23:40:48.378+0000][71.563s][info][gc,reloc    ] GC(0) Y: Using tenuring threshold: 1 (Computed)
[2026-10-03T23:40:48.380+0000][71.565s][info][gc,phases   ] GC(0) Y: Concurrent Select Relocation Set 2.142ms
[2026-10-03T23:40:48.381+0000][71.566s][info][gc,phases   ] GC(0) Y: Pause Relocate Start 0.006ms
[2026-10-03T23:40:48.408+0000][71.593s][info][gc,phases   ] GC(0) Y: Concurrent Relocate 27.615ms
[2026-10-03T23:40:48.408+0000][71.593s][info][gc,alloc    ] GC(0) Y:                         Mark Start        Mark End      Relocate Start    Relocate End   
[2026-10-03T23:40:48.408+0000][71.593s][info][gc,alloc    ] GC(0) Y: Allocation Stalls:          0                0                0                0         
[2026-10-03T23:40:48.408+0000][71.593s][info][gc,load     ] GC(0) Y: Load: 0.91 (18%) / 0.96 (19%) / 0.82 (16%)
[2026-10-03T23:40:48.408+0000][71.593s][info][gc,mmu      ] GC(0) Y: MMU: 2ms/98.9%, 5ms/99.6%, 10ms/99.8%, 20ms/99.9%, 50ms/99.9%, 100ms/100.0%
[2026-10-03T23:40:48.408+0000][71.593s][info][gc,marking  ] GC(0) Y: Mark: 1 stripe(s), 2 proactive flush(es), 1 terminate flush(es), 0 completion(s), 0 continuation(s) 
[2026-10-03T23:40:48.408+0000][71.593s][info][gc,nmethod  ] GC(0) Y: NMethods: 4026 registered, 0 unregistered
[2026-10-03T23:40:48.408+0000][71.593s][info][gc,metaspace] GC(0) Y: Metaspace: 21M used, 21M committed, 1088M reserved
[2026-10-03T23:40:48.408+0000][71.593s][info][gc,reloc    ] GC(0) Y:                        Candidates     Selected     In-Place         Size        Empty    Relocated 
[2026-10-03T23:40:48.408+0000][71.593s][info][gc,reloc    ] GC(0) Y: Small Pages:                   68           55            0         136M           6M          12M 
[2026-10-03T23:40:48.408+0000][71.593s][info][gc,reloc    ] GC(0) Y: Medium Pages:                   1            0            0          32M           0M           0M 
[2026-10-03T23:40:48.408+0000][71.593s][info][gc,reloc    ] GC(0) Y: Large Pages:                    2            0            0          24M          24M           0M 
[2026-10-03T23:40:48.408+0000][71.593s][info][gc,reloc    ] GC(0) Y: Forwarding Usage: 5M
[2026-10-03T23:40:48.408+0000][71.593s][info][gc,reloc    ] GC(0) Y: Age Table:
[2026-10-03T23:40:48.408+0000][71.593s][info][gc,reloc    ] GC(0) Y:                    Live             Garbage             Small              Medium             Large        
[2026-10-03T23:40:48.408+0000][71.593s][info][gc,reloc    ] GC(0) Y: Eden              20M (1%)          171M (6%)          68 / 55             1 / 0              2 / 0        
[2026-10-03T23:40:48.408+0000][71.593s][info][gc,heap     ] GC(0) Y: Min Capacity: 512M(17%)
[2026-10-03T23:40:48.408+0000][71.593s][info][gc,heap     ] GC(0) Y: Max Capacity: 3072M(100%)
[2026-10-03T23:40:48.408+0000][71.593s][info][gc,heap     ] GC(0) Y: Soft Max Capacity: 3072M(100%)
[2026-10-03T23:40:48.408+0000][71.593s][info][gc,heap     ] GC(0) Y: Heap Statistics:
[2026-10-03T23:40:48.408+0000][71.593s][info][gc,heap     ] GC(0) Y:                Mark Start          Mark End        Relocate Start      Relocate End           High               Low         
[2026-10-03T23:40:48.408+0000][71.593s][info][gc,heap     ] GC(0) Y:  Capacity:      512M (17%)         512M (17%)         512M (17%)         512M (17%)         512M (17%)         512M (17%)    
[2026-10-03T23:40:48.408+0000][71.593s][info][gc,heap     ] GC(0) Y:      Free:     2880M (94%)        2842M (93%)        2872M (93%)        2972M (97%)        2974M (97%)        2842M (93%)    
[2026-10-03T23:40:48.408+0000][71.593s][info][gc,heap     ] GC(0) Y:      Used:      192M (6%)          230M (7%)          200M (7%)          100M (3%)          230M (7%)           98M (3%)     
[2026-10-03T23:40:48.408+0000][71.593s][info][gc,heap     ] GC(0) Y: Young Generation Statistics:
[2026-10-03T23:40:48.408+0000][71.593s][info][gc,heap     ] GC(0) Y:                Mark Start          Mark End        Relocate Start      Relocate End    
[2026-10-03T23:40:48.408+0000][71.593s][info][gc,heap     ] GC(0) Y:      Used:      192M (6%)          230M (7%)          200M (7%)          100M (3%)     
[2026-10-03T23:40:48.408+0000][71.593s][info][gc,heap     ] GC(0) Y:      Live:         -                20M (1%)           20M (1%)           20M (1%)     
[2026-10-03T23:40:48.408+0000][71.593s][info][gc,heap     ] GC(0) Y:   Garbage:         -               171M (6%)          141M (5%)           28M (1%)     
[2026-10-03T23:40:48.408+0000][71.593s][info][gc,heap     ] GC(0) Y: Allocated:         -                38M (1%)           38M (1%)           50M (2%)     
[2026-10-03T23:40:48.408+0000][71.593s][info][gc,heap     ] GC(0) Y: Reclaimed:         -                  -                30M (1%)          142M (5%)     
[2026-10-03T23:40:48.408+0000][71.593s][info][gc,heap     ] GC(0) Y:  Promoted:         -                  -                 0M (0%)            0M (0%)     
[2026-10-03T23:40:48.408+0000][71.593s][info][gc,heap     ] GC(0) Y: Compacted:         -                  -                  -                17M (1%)     
[2026-10-03T23:40:48.408+0000][71.593s][info][gc,phases   ] GC(0) Y: Young Generation 192M(6%)->100M(3%) 0.071s
[2026-10-03T23:40:48.408+0000][71.593s][info][gc,phases   ] GC(0) O: Old Generation
[2026-10-03T23:40:48.409+0000][71.594s][info][gc,phases   ] GC(0) O: Concurrent Mark 0.303ms
[2026-10-03T23:40:48.409+0000][71.594s][info][gc,phases   ] GC(0) O: Pause Mark End 0.011ms
[2026-10-03T23:40:48.409+0000][71.594s][info][gc,phases   ] GC(0) O: Concurrent Mark Free 0.000ms
[2026-10-03T23:40:48.423+0000][71.608s][info][gc,phases   ] GC(0) O: Concurrent Process Non-Strong 13.902ms
[2026-10-03T23:40:48.423+0000][71.608s][info][gc,phases   ] GC(0) O: Concurrent Reset Relocation Set 0.000ms
[2026-10-03T23:40:48.423+0000][71.608s][info][gc,phases   ] GC(0) O: Concurrent Select Relocation Set 0.672ms
[2026-10-03T23:40:48.423+0000][71.608s][info][gc,task     ] GC(0) O: Using 1 Workers for Old Generation
[2026-10-03T23:40:48.425+0000][71.610s][info][gc,task     ] GC(0) O: Using 1 Workers for Old Generation
[2026-10-03T23:40:48.425+0000][71.610s][info][gc,phases   ] GC(0) O: Concurrent Remap Roots 2.007ms
[2026-10-03T23:40:48.425+0000][71.611s][info][gc,phases   ] GC(0) O: Pause Relocate Start 0.009ms
[2026-10-03T23:40:48.426+0000][71.611s][info][gc,phases   ] GC(0) O: Concurrent Relocate 0.040ms
[2026-10-03T23:40:48.426+0000][71.611s][info][gc,alloc    ] GC(0) O:                         Mark Start        Mark End      Relocate Start    Relocate End   
[2026-10-03T23:40:48.426+0000][71.611s][info][gc,alloc    ] GC(0) O: Allocation Stalls:          0                0                0                0         
[2026-10-03T23:40:48.426+0000][71.611s][info][gc,load     ] GC(0) O: Load: 0.91 (18%) / 0.96 (19%) / 0.82 (16%)
[2026-10-03T23:40:48.426+0000][71.611s][info][gc,mmu      ] GC(0) O: MMU: 2ms/98.9%, 5ms/99.6%, 10ms/99.8%, 20ms/99.9%, 50ms/99.9%, 100ms/99.9%
[2026-10-03T23:40:48.426+0000][71.611s][info][gc,marking  ] GC(0) O: Mark: 1 stripe(s), 1 proactive flush(es), 1 terminate flush(es), 0 completion(s), 0 continuation(s) 
[2026-10-03T23:40:48.426+0000][71.611s][info][gc,nmethod  ] GC(0) O: NMethods: 3340 registered, 698 unregistered
[2026-10-03T23:40:48.426+0000][71.611s][info][gc,metaspace] GC(0) O: Metaspace: 21M used, 21M committed, 1088M reserved
[2026-10-03T23:40:48.426+0000][71.611s][info][gc,ref      ] GC(0) O:                       Encountered   Discovered     Enqueued 
[2026-10-03T23:40:48.426+0000][71.611s][info][gc,ref      ] GC(0) O: Soft References:             2976            0            0 
[2026-10-03T23:40:48.426+0000][71.611s][info][gc,ref      ] GC(0) O: Weak References:             1645            0            0 
[2026-10-03T23:40:48.426+0000][71.611s][info][gc,ref      ] GC(0) O: Final References:              33            0            0 
[2026-10-03T23:40:48.426+0000][71.611s][info][gc,ref      ] GC(0) O: Phantom References:           559            0            0 
[2026-10-03T23:40:48.426+0000][71.611s][info][gc,heap     ] GC(0) O: Min Capacity: 512M(17%)
[2026-10-03T23:40:48.426+0000][71.611s][info][gc,heap     ] GC(0) O: Max Capacity: 3072M(100%)
[2026-10-03T23:40:48.426+0000][71.611s][info][gc,heap     ] GC(0) O: Soft Max Capacity: 3072M(100%)
[2026-10-03T23:40:48.426+0000][71.611s][info][gc,heap     ] GC(0) O: Heap Statistics:
[2026-10-03T23:40:48.426+0000][71.611s][info][gc,heap     ] GC(0) O:                Mark Start          Mark End        Relocate Start      Relocate End           High               Low         
[2026-10-03T23:40:48.426+0000][71.611s][info][gc,heap     ] GC(0) O:  Capacity:      512M (17%)         512M (17%)         512M (17%)         512M (17%)         512M (17%)         512M (17%)    
[2026-10-03T23:40:48.426+0000][71.611s][info][gc,heap     ] GC(0) O:      Free:     2880M (94%)        2972M (97%)        2970M (97%)        2970M (97%)        2974M (97%)        2842M (93%)    
[2026-10-03T23:40:48.426+0000][71.611s][info][gc,heap     ] GC(0) O:      Used:      192M (6%)          100M (3%)          102M (3%)          102M (3%)          230M (7%)           98M (3%)     
[2026-10-03T23:40:48.426+0000][71.611s][info][gc,heap     ] GC(0) O: Old Generation Statistics:
[2026-10-03T23:40:48.426+0000][71.611s][info][gc,heap     ] GC(0) O:                Mark Start          Mark End        Relocate Start      Relocate End    
[2026-10-03T23:40:48.426+0000][71.611s][info][gc,heap     ] GC(0) O:      Used:        0M (0%)            0M (0%)            0M (0%)            0M (0%)     
[2026-10-03T23:40:48.426+0000][71.611s][info][gc,heap     ] GC(0) O:      Live:         -                 0M (0%)            0M (0%)            0M (0%)     
[2026-10-03T23:40:48.426+0000][71.611s][info][gc,heap     ] GC(0) O:   Garbage:         -                 0M (0%)            0M (0%)            0M (0%)     
[2026-10-03T23:40:48.426+0000][71.611s][info][gc,heap     ] GC(0) O: Allocated:         -                 0M (0%)            0M (0%)            0M (0%)     
[2026-10-03T23:40:48.426+0000][71.611s][info][gc,heap     ] GC(0) O: Reclaimed:         -                  -                 0M (0%)            0M (0%)     
[2026-10-03T23:40:48.426+0000][71.611s][info][gc,heap     ] GC(0) O: Compacted:         -                  -                  -                 0M (0%)     
[2026-10-03T23:40:48.426+0000][71.611s][info][gc,phases   ] GC(0) O: Old Generation 100M(3%)->102M(3%) 0.017s
[2026-10-03T23:40:48.426+0000][71.611s][info][gc          ] GC(0) Major Collection (Metadata GC Threshold) 192M(6%)->102M(3%) 0.089s
[2026-10-03T23:40:48.996+0000][72.181s][info][gc          ] GC(1) Major Collection (Warmup)
[2026-10-03T23:40:48.996+0000][72.182s][info][gc,task     ] GC(1) Using 1 Workers for Young Generation
[2026-10-03T23:40:48.997+0000][72.182s][info][gc,task     ] GC(1) Using 1 Workers for Old Generation
[2026-10-03T23:40:48.997+0000][72.182s][info][gc,phases   ] GC(1) Y: Young Generation
[2026-10-03T23:40:48.997+0000][72.182s][info][gc,phases   ] GC(1) Y: Pause Mark Start (Major) 0.011ms
[2026-10-03T23:40:49.113+0000][72.298s][info][gc,phases   ] GC(1) Y: Concurrent Mark 115.887ms
[2026-10-03T23:40:49.113+0000][72.298s][info][gc,phases   ] GC(1) Y: Pause Mark End 0.015ms
[2026-10-03T23:40:49.113+0000][72.298s][info][gc,phases   ] GC(1) Y: Concurrent Mark Free 0.003ms
[2026-10-03T23:40:49.113+0000][72.298s][info][gc,phases   ] GC(1) Y: Concurrent Reset Relocation Set 0.007ms
[2026-10-03T23:40:49.113+0000][72.298s][info][gc,reloc    ] GC(1) Y: Using tenuring threshold: 2 (Computed)
[2026-10-03T23:40:49.117+0000][72.302s][info][gc,phases   ] GC(1) Y: Concurrent Select Relocation Set 4.197ms
[2026-10-03T23:40:49.117+0000][72.302s][info][gc,phases   ] GC(1) Y: Pause Relocate Start 0.008ms
[2026-10-03T23:40:49.151+0000][72.336s][info][gc,phases   ] GC(1) Y: Concurrent Relocate 33.415ms
[2026-10-03T23:40:49.151+0000][72.336s][info][gc,alloc    ] GC(1) Y:                         Mark Start        Mark End      Relocate Start    Relocate End   
[2026-10-03T23:40:49.151+0000][72.336s][info][gc,alloc    ] GC(1) Y: Allocation Stalls:          0                0                0                0         
[2026-10-03T23:40:49.151+0000][72.336s][info][gc,load     ] GC(1) Y: Load: 0.91 (18%) / 0.96 (19%) / 0.82 (16%)
[2026-10-03T23:40:49.151+0000][72.336s][info][gc,mmu      ] GC(1) Y: MMU: 2ms/98.9%, 5ms/99.5%, 10ms/99.8%, 20ms/99.9%, 50ms/99.9%, 100ms/99.9%
[2026-10-03T23:40:49.151+0000][72.336s][info][gc,marking  ] GC(1) Y: Mark: 1 stripe(s), 2 proactive flush(es), 1 terminate flush(es), 0 completion(s), 0 continuation(s) 
[2026-10-03T23:40:49.151+0000][72.336s][info][gc,nmethod  ] GC(1) Y: NMethods: 4043 registered, 698 unregistered
[2026-10-03T23:40:49.151+0000][72.336s][info][gc,metaspace] GC(1) Y: Metaspace: 23M used, 24M committed, 1088M reserved
[2026-10-03T23:40:49.151+0000][72.336s][info][gc,reloc    ] GC(1) Y:                        Candidates     Selected     In-Place         Size        Empty    Relocated 
[2026-10-03T23:40:49.151+0000][72.336s][info][gc,reloc    ] GC(1) Y: Small Pages:                  123           95            0         246M          10M          17M 
[2026-10-03T23:40:49.151+0000][72.336s][info][gc,reloc    ] GC(1) Y: Medium Pages:                   2            1            0          64M           0M           3M 
[2026-10-03T23:40:49.151+0000][72.336s][info][gc,reloc    ] GC(1) Y: Large Pages:                    0            0            0           0M           0M           0M 
[2026-10-03T23:40:49.151+0000][72.336s][info][gc,reloc    ] GC(1) Y: Forwarding Usage: 10M
[2026-10-03T23:40:49.151+0000][72.336s][info][gc,reloc    ] GC(1) Y: Age Table:
[2026-10-03T23:40:49.151+0000][72.336s][info][gc,reloc    ] GC(1) Y:                    Live             Garbage             Small              Medium             Large        
[2026-10-03T23:40:49.151+0000][72.336s][info][gc,reloc    ] GC(1) Y: Eden              24M (1%)          227M (7%)         110 / 92             1 / 0              0 / 0        
[2026-10-03T23:40:49.151+0000][72.336s][info][gc,reloc    ] GC(1) Y: Survivor 1        20M (1%)           37M (1%)          13 / 3              1 / 1              0 / 0        
[2026-10-03T23:40:49.151+0000][72.336s][info][gc,heap     ] GC(1) Y: Min Capacity: 512M(17%)
[2026-10-03T23:40:49.151+0000][72.336s][info][gc,heap     ] GC(1) Y: Max Capacity: 3072M(100%)
[2026-10-03T23:40:49.151+0000][72.336s][info][gc,heap     ] GC(1) Y: Soft Max Capacity: 3072M(100%)
[2026-10-03T23:40:49.151+0000][72.336s][info][gc,heap     ] GC(1) Y: Heap Statistics:
[2026-10-03T23:40:49.151+0000][72.336s][info][gc,heap     ] GC(1) Y:                Mark Start          Mark End        Relocate Start      Relocate End           High               Low         
[2026-10-03T23:40:49.151+0000][72.336s][info][gc,heap     ] GC(1) Y:  Capacity:      512M (17%)         512M (17%)         512M (17%)         512M (17%)         512M (17%)         512M (17%)    
[2026-10-03T23:40:49.151+0000][72.336s][info][gc,heap     ] GC(1) Y:      Free:     2762M (90%)        2702M (88%)        2710M (88%)        2876M (94%)        2878M (94%)        2670M (87%)    
[2026-10-03T23:40:49.151+0000][72.336s][info][gc,heap     ] GC(1) Y:      Used:      310M (10%)         370M (12%)         362M (12%)         196M (6%)          402M (13%)         194M (6%)     
[2026-10-03T23:40:49.151+0000][72.336s][info][gc,heap     ] GC(1) Y: Young Generation Statistics:
[2026-10-03T23:40:49.151+0000][72.336s][info][gc,heap     ] GC(1) Y:                Mark Start          Mark End        Relocate Start      Relocate End    
[2026-10-03T23:40:49.151+0000][72.336s][info][gc,heap     ] GC(1) Y:      Used:      310M (10%)         370M (12%)         362M (12%)         196M (6%)     
[2026-10-03T23:40:49.151+0000][72.336s][info][gc,heap     ] GC(1) Y:      Live:         -                45M (1%)           45M (1%)           45M (1%)     
[2026-10-03T23:40:49.151+0000][72.336s][info][gc,heap     ] GC(1) Y:   Garbage:         -               264M (9%)          254M (8%)            0M (0%)     
[2026-10-03T23:40:49.151+0000][72.336s][info][gc,heap     ] GC(1) Y: Allocated:         -                60M (2%)           62M (2%)          150M (5%)     
[2026-10-03T23:40:49.151+0000][72.336s][info][gc,heap     ] GC(1) Y: Reclaimed:         -                  -                10M (0%)          264M (9%)     
[2026-10-03T23:40:49.151+0000][72.336s][info][gc,heap     ] GC(1) Y:  Promoted:         -                  -                 0M (0%)            0M (0%)     
[2026-10-03T23:40:49.151+0000][72.336s][info][gc,heap     ] GC(1) Y: Compacted:         -                  -                  -                29M (1%)     
[2026-10-03T23:40:49.151+0000][72.336s][info][gc,phases   ] GC(1) Y: Young Generation 310M(10%)->196M(6%) 0.154s
[2026-10-03T23:40:49.151+0000][72.336s][info][gc,phases   ] GC(1) O: Old Generation
[2026-10-03T23:40:49.157+0000][72.342s][info][gc,phases   ] GC(1) O: Concurrent Mark 5.797ms
[2026-10-03T23:40:49.157+0000][72.342s][info][gc,phases   ] GC(1) O: Pause Mark End 0.017ms
[2026-10-03T23:40:49.157+0000][72.342s][info][gc,phases   ] GC(1) O: Concurrent Mark Free 0.001ms
[2026-10-03T23:40:49.164+0000][72.349s][info][gc,phases   ] GC(1) O: Concurrent Process Non-Strong 7.394ms
[2026-10-03T23:40:49.164+0000][72.349s][info][gc,phases   ] GC(1) O: Concurrent Reset Relocation Set 0.000ms
[2026-10-03T23:40:49.168+0000][72.353s][info][gc,phases   ] GC(1) O: Concurrent Select Relocation Set 3.814ms
[2026-10-03T23:40:49.168+0000][72.353s][info][gc,task     ] GC(1) O: Using 1 Workers for Old Generation
[2026-10-03T23:40:49.170+0000][72.356s][info][gc,task     ] GC(1) O: Using 1 Workers for Old Generation
[2026-10-03T23:40:49.171+0000][72.356s][info][gc,phases   ] GC(1) O: Concurrent Remap Roots 2.371ms
[2026-10-03T23:40:49.171+0000][72.356s][info][gc,phases   ] GC(1) O: Pause Relocate Start 0.009ms
[2026-10-03T23:40:49.171+0000][72.356s][info][gc,phases   ] GC(1) O: Concurrent Relocate 0.074ms
[2026-10-03T23:40:49.171+0000][72.356s][info][gc,alloc    ] GC(1) O:                         Mark Start        Mark End      Relocate Start    Relocate End   
[2026-10-03T23:40:49.171+0000][72.356s][info][gc,alloc    ] GC(1) O: Allocation Stalls:          0                0                0                0         
[2026-10-03T23:40:49.171+0000][72.356s][info][gc,load     ] GC(1) O: Load: 0.91 (18%) / 0.96 (19%) / 0.82 (16%)
[2026-10-03T23:40:49.171+0000][72.356s][info][gc,mmu      ] GC(1) O: MMU: 2ms/98.9%, 5ms/99.5%, 10ms/99.8%, 20ms/99.9%, 50ms/99.9%, 100ms/99.9%
[2026-10-03T23:40:49.171+0000][72.356s][info][gc,marking  ] GC(1) O: Mark: 1 stripe(s), 1 proactive flush(es), 1 terminate flush(es), 0 completion(s), 0 continuation(s) 
[2026-10-03T23:40:49.171+0000][72.356s][info][gc,nmethod  ] GC(1) O: NMethods: 3925 registered, 827 unregistered
[2026-10-03T23:40:49.171+0000][72.356s][info][gc,metaspace] GC(1) O: Metaspace: 24M used, 24M committed, 1088M reserved
[2026-10-03T23:40:49.171+0000][72.356s][info][gc,ref      ] GC(1) O:                       Encountered   Discovered     Enqueued 
[2026-10-03T23:40:49.171+0000][72.356s][info][gc,ref      ] GC(1) O: Soft References:             3076            0            0 
[2026-10-03T23:40:49.171+0000][72.356s][info][gc,ref      ] GC(1) O: Weak References:             1783            0            0 
[2026-10-03T23:40:49.171+0000][72.356s][info][gc,ref      ] GC(1) O: Final References:              33            0            0 
[2026-10-03T23:40:49.171+0000][72.356s][info][gc,ref      ] GC(1) O: Phantom References:           644            0            0 
[2026-10-03T23:40:49.171+0000][72.356s][info][gc,heap     ] GC(1) O: Min Capacity: 512M(17%)
[2026-10-03T23:40:49.171+0000][72.356s][info][gc,heap     ] GC(1) O: Max Capacity: 3072M(100%)
[2026-10-03T23:40:49.171+0000][72.356s][info][gc,heap     ] GC(1) O: Soft Max Capacity: 3072M(100%)
[2026-10-03T23:40:49.171+0000][72.356s][info][gc,heap     ] GC(1) O: Heap Statistics:
[2026-10-03T23:40:49.171+0000][72.356s][info][gc,heap     ] GC(1) O:                Mark Start          Mark End        Relocate Start      Relocate End           High               Low         
[2026-10-03T23:40:49.171+0000][72.356s][info][gc,heap     ] GC(1) O:  Capacity:      512M (17%)         512M (17%)         512M (17%)         512M (17%)         512M (17%)         512M (17%)    
[2026-10-03T23:40:49.171+0000][72.356s][info][gc,heap     ] GC(1) O:      Free:     2762M (90%)        2874M (94%)        2870M (93%)        2870M (93%)        2878M (94%)        2670M (87%)    
[2026-10-03T23:40:49.171+0000][72.356s][info][gc,heap     ] GC(1) O:      Used:      310M (10%)         198M (6%)          202M (7%)          202M (7%)          402M (13%)         194M (6%)     
[2026-10-03T23:40:49.171+0000][72.356s][info][gc,heap     ] GC(1) O: Old Generation Statistics:
[2026-10-03T23:40:49.171+0000][72.356s][info][gc,heap     ] GC(1) O:                Mark Start          Mark End        Relocate Start      Relocate End    
[2026-10-03T23:40:49.171+0000][72.356s][info][gc,heap     ] GC(1) O:      Used:        0M (0%)            0M (0%)            0M (0%)            0M (0%)     
[2026-10-03T23:40:49.171+0000][72.356s][info][gc,heap     ] GC(1) O:      Live:         -                 0M (0%)            0M (0%)            0M (0%)     
[2026-10-03T23:40:49.171+0000][72.356s][info][gc,heap     ] GC(1) O:   Garbage:         -                 0M (0%)            0M (0%)            0M (0%)     
[2026-10-03T23:40:49.171+0000][72.356s][info][gc,heap     ] GC(1) O: Allocated:         -                 0M (0%)            0M (0%)            0M (0%)     
[2026-10-03T23:40:49.171+0000][72.356s][info][gc,heap     ] GC(1) O: Reclaimed:         -                  -                 0M (0%)            0M (0%)     
[2026-10-03T23:40:49.171+0000][72.356s][info][gc,heap     ] GC(1) O: Compacted:         -                  -                  -                 0M (0%)     
[2026-10-03T23:40:49.171+0000][72.356s][info][gc,phases   ] GC(1) O: Old Generation 196M(6%)->202M(7%) 0.020s
[2026-10-03T23:40:49.171+0000][72.356s][info][gc          ] GC(1) Major Collection (Warmup) 310M(10%)->202M(7%) 0.175s
[2026-10-03T23:40:50.635+0000][73.820s][info][gc          ] GC(2) Major Collection (Metadata GC Threshold)
[2026-10-03T23:40:50.635+0000][73.820s][info][gc,task     ] GC(2) Using 1 Workers for Young Generation
[2026-10-03T23:40:50.635+0000][73.820s][info][gc,task     ] GC(2) Using 1 Workers for Old Generation
[2026-10-03T23:40:50.635+0000][73.820s][info][gc,phases   ] GC(2) Y: Young Generation
[2026-10-03T23:40:50.635+0000][73.820s][info][gc,phases   ] GC(2) Y: Pause Mark Start (Major) 0.015ms
[2026-10-03T23:40:50.831+0000][74.016s][info][gc,phases   ] GC(2) Y: Concurrent Mark 196.045ms
[2026-10-03T23:40:50.831+0000][74.016s][info][gc,phases   ] GC(2) Y: Pause Mark End 0.015ms
[2026-10-03T23:40:50.831+0000][74.016s][info][gc,phases   ] GC(2) Y: Concurrent Mark Free 0.002ms
[2026-10-03T23:40:50.831+0000][74.016s][info][gc,phases   ] GC(2) Y: Concurrent Reset Relocation Set 0.005ms
[2026-10-03T23:40:50.831+0000][74.016s][info][gc,reloc    ] GC(2) Y: Using tenuring threshold: 3 (Computed)
[2026-10-03T23:40:50.833+0000][74.018s][info][gc,phases   ] GC(2) Y: Concurrent Select Relocation Set 1.768ms
[2026-10-03T23:40:50.833+0000][74.018s][info][gc,phases   ] GC(2) Y: Pause Relocate Start 0.006ms
[2026-10-03T23:40:50.875+0000][74.060s][info][gc,phases   ] GC(2) Y: Concurrent Relocate 42.122ms
[2026-10-03T23:40:50.875+0000][74.060s][info][gc,alloc    ] GC(2) Y:                         Mark Start        Mark End      Relocate Start    Relocate End   
[2026-10-03T23:40:50.875+0000][74.060s][info][gc,alloc    ] GC(2) Y: Allocation Stalls:          0                0                0                0         
[2026-10-03T23:40:50.875+0000][74.060s][info][gc,load     ] GC(2) Y: Load: 1.16 (23%) / 1.01 (20%) / 0.84 (17%)
[2026-10-03T23:40:50.875+0000][74.060s][info][gc,mmu      ] GC(2) Y: MMU: 2ms/98.9%, 5ms/99.5%, 10ms/99.8%, 20ms/99.9%, 50ms/99.9%, 100ms/99.9%
[2026-10-03T23:40:50.875+0000][74.060s][info][gc,marking  ] GC(2) Y: Mark: 1 stripe(s), 2 proactive flush(es), 1 terminate flush(es), 0 completion(s), 0 continuation(s) 
[2026-10-03T23:40:50.875+0000][74.061s][info][gc,nmethod  ] GC(2) Y: NMethods: 5983 registered, 0 unregistered
[2026-10-03T23:40:50.876+0000][74.061s][info][gc,metaspace] GC(2) Y: Metaspace: 43M used, 43M committed, 1088M reserved
[2026-10-03T23:40:50.876+0000][74.061s][info][gc,reloc    ] GC(2) Y:                        Candidates     Selected     In-Place         Size        Empty    Relocated 
[2026-10-03T23:40:50.876+0000][74.061s][info][gc,reloc    ] GC(2) Y: Small Pages:                  242          198            0         484M           4M          27M 
[2026-10-03T23:40:50.876+0000][74.061s][info][gc,reloc    ] GC(2) Y: Medium Pages:                   3            2            0          96M           0M           3M 
[2026-10-03T23:40:50.876+0000][74.061s][info][gc,reloc    ] GC(2) Y: Large Pages:                    1            0            0          12M           0M           0M 
[2026-10-03T23:40:50.876+0000][74.061s][info][gc,reloc    ] GC(2) Y: Forwarding Usage: 13M
[2026-10-03T23:40:50.876+0000][74.061s][info][gc,reloc    ] GC(2) Y: Age Table:
[2026-10-03T23:40:50.876+0000][74.061s][info][gc,reloc    ] GC(2) Y:                    Live             Garbage             Small              Medium             Large        
[2026-10-03T23:40:50.876+0000][74.061s][info][gc,reloc    ] GC(2) Y: Eden              48M (2%)          427M (14%)        216 / 194            1 / 0              1 / 0        
[2026-10-03T23:40:50.876+0000][74.061s][info][gc,reloc    ] GC(2) Y: Survivor 1        22M (1%)           37M (1%)          14 / 2              1 / 1              0 / 0        
[2026-10-03T23:40:50.876+0000][74.061s][info][gc,reloc    ] GC(2) Y: Survivor 2        20M (1%)           35M (1%)          12 / 2              1 / 1              0 / 0        
[2026-10-03T23:40:50.876+0000][74.061s][info][gc,heap     ] GC(2) Y: Min Capacity: 512M(17%)
[2026-10-03T23:40:50.876+0000][74.061s][info][gc,heap     ] GC(2) Y: Max Capacity: 3072M(100%)
[2026-10-03T23:40:50.876+0000][74.061s][info][gc,heap     ] GC(2) Y: Soft Max Capacity: 3072M(100%)
[2026-10-03T23:40:50.876+0000][74.061s][info][gc,heap     ] GC(2) Y: Heap Statistics:
[2026-10-03T23:40:50.876+0000][74.061s][info][gc,heap     ] GC(2) Y:                Mark Start          Mark End        Relocate Start      Relocate End           High               Low         
[2026-10-03T23:40:50.876+0000][74.061s][info][gc,heap     ] GC(2) Y:  Capacity:      592M (19%)         626M (20%)         626M (20%)         664M (22%)         664M (22%)         592M (19%)    
[2026-10-03T23:40:50.876+0000][74.061s][info][gc,heap     ] GC(2) Y:      Free:     2480M (81%)        2446M (80%)        2450M (80%)        2832M (92%)        2832M (92%)        2408M (78%)    
[2026-10-03T23:40:50.876+0000][74.061s][info][gc,heap     ] GC(2) Y:      Used:      592M (19%)         626M (20%)         622M (20%)         240M (8%)          664M (22%)         240M (8%)     
[2026-10-03T23:40:50.876+0000][74.061s][info][gc,heap     ] GC(2) Y: Young Generation Statistics:
[2026-10-03T23:40:50.876+0000][74.061s][info][gc,heap     ] GC(2) Y:                Mark Start          Mark End        Relocate Start      Relocate End    
[2026-10-03T23:40:50.876+0000][74.061s][info][gc,heap     ] GC(2) Y:      Used:      592M (19%)         626M (20%)         622M (20%)         240M (8%)     
[2026-10-03T23:40:50.876+0000][74.061s][info][gc,heap     ] GC(2) Y:      Live:         -                91M (3%)           91M (3%)           91M (3%)     
[2026-10-03T23:40:50.876+0000][74.061s][info][gc,heap     ] GC(2) Y:   Garbage:         -               500M (16%)         496M (16%)           3M (0%)     
[2026-10-03T23:40:50.876+0000][74.061s][info][gc,heap     ] GC(2) Y: Allocated:         -                34M (1%)           34M (1%)          145M (5%)     
[2026-10-03T23:40:50.876+0000][74.061s][info][gc,heap     ] GC(2) Y: Reclaimed:         -                  -                 4M (0%)          497M (16%)    
[2026-10-03T23:40:50.876+0000][74.061s][info][gc,heap     ] GC(2) Y:  Promoted:         -                  -                 0M (0%)            0M (0%)     
[2026-10-03T23:40:50.876+0000][74.061s][info][gc,heap     ] GC(2) Y: Compacted:         -                  -                  -                38M (1%)     
[2026-10-03T23:40:50.876+0000][74.061s][info][gc,phases   ] GC(2) Y: Young Generation 592M(19%)->240M(8%) 0.241s
[2026-10-03T23:40:50.876+0000][74.061s][info][gc,phases   ] GC(2) O: Old Generation
[2026-10-03T23:40:50.877+0000][74.062s][info][gc,phases   ] GC(2) O: Concurrent Mark 1.366ms
[2026-10-03T23:40:50.877+0000][74.062s][info][gc,phases   ] GC(2) O: Pause Mark End 0.010ms
[2026-10-03T23:40:50.877+0000][74.062s][info][gc,phases   ] GC(2) O: Concurrent Mark Free 0.001ms
[2026-10-03T23:40:50.894+0000][74.079s][info][gc,phases   ] GC(2) O: Concurrent Process Non-Strong 16.527ms
[2026-10-03T23:40:50.894+0000][74.079s][info][gc,phases   ] GC(2) O: Concurrent Reset Relocation Set 0.000ms
[2026-10-03T23:40:50.894+0000][74.079s][info][gc,phases   ] GC(2) O: Concurrent Select Relocation Set 0.145ms
[2026-10-03T23:40:50.894+0000][74.079s][info][gc,task     ] GC(2) O: Using 1 Workers for Old Generation
[2026-10-03T23:40:50.897+0000][74.082s][info][gc,task     ] GC(2) O: Using 1 Workers for Old Generation
[2026-10-03T23:40:50.897+0000][74.082s][info][gc,phases   ] GC(2) O: Concurrent Remap Roots 3.328ms
[2026-10-03T23:40:50.898+0000][74.083s][info][gc,phases   ] GC(2) O: Pause Relocate Start 0.009ms
[2026-10-03T23:40:50.898+0000][74.083s][info][gc,phases   ] GC(2) O: Concurrent Relocate 0.072ms
[2026-10-03T23:40:50.898+0000][74.083s][info][gc,alloc    ] GC(2) O:                         Mark Start        Mark End      Relocate Start    Relocate End   
[2026-10-03T23:40:50.898+0000][74.083s][info][gc,alloc    ] GC(2) O: Allocation Stalls:          0                0                0                0         
[2026-10-03T23:40:50.898+0000][74.083s][info][gc,load     ] GC(2) O: Load: 1.16 (23%) / 1.01 (20%) / 0.84 (17%)
[2026-10-03T23:40:50.898+0000][74.083s][info][gc,mmu      ] GC(2) O: MMU: 2ms/98.9%, 5ms/99.5%, 10ms/99.8%, 20ms/99.9%, 50ms/99.9%, 100ms/99.9%
[2026-10-03T23:40:50.898+0000][74.083s][info][gc,marking  ] GC(2) O: Mark: 1 stripe(s), 1 proactive flush(es), 1 terminate flush(es), 0 completion(s), 0 continuation(s) 
[2026-10-03T23:40:50.898+0000][74.083s][info][gc,nmethod  ] GC(2) O: NMethods: 5515 registered, 494 unregistered
[2026-10-03T23:40:50.898+0000][74.083s][info][gc,metaspace] GC(2) O: Metaspace: 43M used, 43M committed, 1088M reserved
[2026-10-03T23:40:50.898+0000][74.083s][info][gc,ref      ] GC(2) O:                       Encountered   Discovered     Enqueued 
[2026-10-03T23:40:50.898+0000][74.083s][info][gc,ref      ] GC(2) O: Soft References:             3406            0            0 
[2026-10-03T23:40:50.898+0000][74.083s][info][gc,ref      ] GC(2) O: Weak References:             8537            0            0 
[2026-10-03T23:40:50.898+0000][74.083s][info][gc,ref      ] GC(2) O: Final References:              34            0            0 
[2026-10-03T23:40:50.898+0000][74.083s][info][gc,ref      ] GC(2) O: Phantom References:           687            0            0 
[2026-10-03T23:40:50.898+0000][74.083s][info][gc,heap     ] GC(2) O: Min Capacity: 512M(17%)
[2026-10-03T23:40:50.898+0000][74.083s][info][gc,heap     ] GC(2) O: Max Capacity: 3072M(100%)
[2026-10-03T23:40:50.898+0000][74.083s][info][gc,heap     ] GC(2) O: Soft Max Capacity: 3072M(100%)
[2026-10-03T23:40:50.898+0000][74.083s][info][gc,heap     ] GC(2) O: Heap Statistics:
[2026-10-03T23:40:50.898+0000][74.083s][info][gc,heap     ] GC(2) O:                Mark Start          Mark End        Relocate Start      Relocate End           High               Low         
[2026-10-03T23:40:50.898+0000][74.083s][info][gc,heap     ] GC(2) O:  Capacity:      592M (19%)         664M (22%)         664M (22%)         664M (22%)         664M (22%)         592M (19%)    
[2026-10-03T23:40:50.898+0000][74.083s][info][gc,heap     ] GC(2) O:      Free:     2480M (81%)        2832M (92%)        2828M (92%)        2828M (92%)        2832M (92%)        2408M (78%)    
[2026-10-03T23:40:50.898+0000][74.083s][info][gc,heap     ] GC(2) O:      Used:      592M (19%)         240M (8%)          244M (8%)          244M (8%)          664M (22%)         240M (8%)     
[2026-10-03T23:40:50.898+0000][74.083s][info][gc,heap     ] GC(2) O: Old Generation Statistics:
[2026-10-03T23:40:50.898+0000][74.083s][info][gc,heap     ] GC(2) O:                Mark Start          Mark End        Relocate Start      Relocate End    
[2026-10-03T23:40:50.898+0000][74.083s][info][gc,heap     ] GC(2) O:      Used:        0M (0%)            0M (0%)            0M (0%)            0M (0%)     
[2026-10-03T23:40:50.898+0000][74.083s][info][gc,heap     ] GC(2) O:      Live:         -                 0M (0%)            0M (0%)            0M (0%)     
[2026-10-03T23:40:50.898+0000][74.083s][info][gc,heap     ] GC(2) O:   Garbage:         -                 0M (0%)            0M (0%)            0M (0%)     
[2026-10-03T23:40:50.898+0000][74.083s][info][gc,heap     ] GC(2) O: Allocated:         -                 0M (0%)            0M (0%)            0M (0%)     
[2026-10-03T23:40:50.898+0000][74.083s][info][gc,heap     ] GC(2) O: Reclaimed:         -                  -                 0M (0%)            0M (0%)     
[2026-10-03T23:40:50.898+0000][74.083s][info][gc,heap     ] GC(2) O: Compacted:         -                  -                  -                 0M (0%)     
[2026-10-03T23:40:50.898+0000][74.083s][info][gc,phases   ] GC(2) O: Old Generation 240M(8%)->244M(8%) 0.022s
[2026-10-03T23:40:50.898+0000][74.083s][info][gc          ] GC(2) Major Collection (Metadata GC Threshold) 592M(19%)->244M(8%) 0.263s
[2026-10-03T23:40:51.884+0000][75.069s][info][gc          ] GC(3) Major Collection (Warmup)
[2026-10-03T23:40:51.884+0000][75.069s][info][gc,task     ] GC(3) Using 1 Workers for Young Generation
[2026-10-03T23:40:51.884+0000][75.069s][info][gc,task     ] GC(3) Using 1 Workers for Old Generation
[2026-10-03T23:40:51.884+0000][75.069s][info][gc,phases   ] GC(3) Y: Young Generation
[2026-10-03T23:40:51.885+0000][75.070s][info][gc,phases   ] GC(3) Y: Pause Mark Start (Major) 0.011ms
[2026-10-03T23:40:52.132+0000][75.317s][info][gc,phases   ] GC(3) Y: Concurrent Mark 247.331ms
[2026-10-03T23:40:52.132+0000][75.317s][info][gc,phases   ] GC(3) Y: Pause Mark End 0.013ms
[2026-10-03T23:40:52.132+0000][75.317s][info][gc,phases   ] GC(3) Y: Concurrent Mark Free 0.001ms
[2026-10-03T23:40:52.132+0000][75.317s][info][gc,phases   ] GC(3) Y: Concurrent Reset Relocation Set 0.010ms
[2026-10-03T23:40:52.132+0000][75.317s][info][gc,reloc    ] GC(3) Y: Using tenuring threshold: 4 (Computed)
[2026-10-03T23:40:52.133+0000][75.318s][info][gc,phases   ] GC(3) Y: Concurrent Select Relocation Set 0.733ms
[2026-10-03T23:40:52.133+0000][75.318s][info][gc,phases   ] GC(3) Y: Pause Relocate Start 0.007ms
[2026-10-03T23:40:52.174+0000][75.359s][info][gc,phases   ] GC(3) Y: Concurrent Relocate 41.026ms
[2026-10-03T23:40:52.174+0000][75.359s][info][gc,alloc    ] GC(3) Y:                         Mark Start        Mark End      Relocate Start    Relocate End   
[2026-10-03T23:40:52.174+0000][75.359s][info][gc,alloc    ] GC(3) Y: Allocation Stalls:          0                0                0                0         
[2026-10-03T23:40:52.174+0000][75.359s][info][gc,load     ] GC(3) Y: Load: 1.16 (23%) / 1.01 (20%) / 0.84 (17%)
[2026-10-03T23:40:52.174+0000][75.359s][info][gc,mmu      ] GC(3) Y: MMU: 2ms/98.9%, 5ms/99.5%, 10ms/99.8%, 20ms/99.9%, 50ms/99.9%, 100ms/99.9%
[2026-10-03T23:40:52.174+0000][75.359s][info][gc,marking  ] GC(3) Y: Mark: 1 stripe(s), 2 proactive flush(es), 1 terminate flush(es), 0 completion(s), 0 continuation(s) 
[2026-10-03T23:40:52.174+0000][75.359s][info][gc,nmethod  ] GC(3) Y: NMethods: 7081 registered, 494 unregistered
[2026-10-03T23:40:52.174+0000][75.359s][info][gc,metaspace] GC(3) Y: Metaspace: 51M used, 51M committed, 1088M reserved
[2026-10-03T23:40:52.174+0000][75.359s][info][gc,reloc    ] GC(3) Y:                        Candidates     Selected     In-Place         Size        Empty    Relocated 
[2026-10-03T23:40:52.174+0000][75.359s][info][gc,reloc    ] GC(3) Y: Small Pages:                  254          199            0         508M           0M          25M 
[2026-10-03T23:40:52.174+0000][75.359s][info][gc,reloc    ] GC(3) Y: Medium Pages:                   3            2            0          96M           0M           3M 
[2026-10-03T23:40:52.174+0000][75.359s][info][gc,reloc    ] GC(3) Y: Large Pages:                    1            0            0          12M           0M           0M 
[2026-10-03T23:40:52.174+0000][75.359s][info][gc,reloc    ] GC(3) Y: Forwarding Usage: 10M
[2026-10-03T23:40:52.174+0000][75.359s][info][gc,reloc    ] GC(3) Y: Age Table:
[2026-10-03T23:40:52.174+0000][75.359s][info][gc,reloc    ] GC(3) Y:                    Live             Garbage             Small              Medium             Large        
[2026-10-03T23:40:52.174+0000][75.359s][info][gc,reloc    ] GC(3) Y: Eden              26M (1%)          387M (13%)        207 / 193            0 / 0              0 / 0        
[2026-10-03T23:40:52.174+0000][75.359s][info][gc,reloc    ] GC(3) Y: Survivor 1        47M (2%)           36M (1%)          20 / 2              1 / 1              1 / 0        
[2026-10-03T23:40:52.174+0000][75.359s][info][gc,reloc    ] GC(3) Y: Survivor 2        22M (1%)           37M (1%)          14 / 1              1 / 0              0 / 0        
[2026-10-03T23:40:52.174+0000][75.359s][info][gc,reloc    ] GC(3) Y: Survivor 3        20M (1%)           37M (1%)          13 / 3              1 / 1              0 / 0        
[2026-10-03T23:40:52.174+0000][75.359s][info][gc,heap     ] GC(3) Y: Min Capacity: 512M(17%)
[2026-10-03T23:40:52.174+0000][75.359s][info][gc,heap     ] GC(3) Y: Max Capacity: 3072M(100%)
[2026-10-03T23:40:52.174+0000][75.359s][info][gc,heap     ] GC(3) Y: Soft Max Capacity: 3072M(100%)
[2026-10-03T23:40:52.174+0000][75.359s][info][gc,heap     ] GC(3) Y: Heap Statistics:
[2026-10-03T23:40:52.174+0000][75.359s][info][gc,heap     ] GC(3) Y:                Mark Start          Mark End        Relocate Start      Relocate End           High               Low         
[2026-10-03T23:40:52.174+0000][75.359s][info][gc,heap     ] GC(3) Y:  Capacity:      664M (22%)         674M (22%)         674M (22%)         716M (23%)         716M (23%)         664M (22%)    
[2026-10-03T23:40:52.174+0000][75.359s][info][gc,heap     ] GC(3) Y:      Free:     2456M (80%)        2398M (78%)        2398M (78%)        2780M (90%)        2780M (90%)        2356M (77%)    
[2026-10-03T23:40:52.174+0000][75.359s][info][gc,heap     ] GC(3) Y:      Used:      616M (20%)         674M (22%)         674M (22%)         292M (10%)         716M (23%)         292M (10%)    
[2026-10-03T23:40:52.174+0000][75.359s][info][gc,heap     ] GC(3) Y: Young Generation Statistics:
[2026-10-03T23:40:52.174+0000][75.359s][info][gc,heap     ] GC(3) Y:                Mark Start          Mark End        Relocate Start      Relocate End    
[2026-10-03T23:40:52.174+0000][75.359s][info][gc,heap     ] GC(3) Y:      Used:      616M (20%)         674M (22%)         674M (22%)         292M (10%)    
[2026-10-03T23:40:52.174+0000][75.359s][info][gc,heap     ] GC(3) Y:      Live:         -               117M (4%)          117M (4%)          117M (4%)     
[2026-10-03T23:40:52.174+0000][75.359s][info][gc,heap     ] GC(3) Y:   Garbage:         -               498M (16%)         498M (16%)           4M (0%)     
[2026-10-03T23:40:52.174+0000][75.359s][info][gc,heap     ] GC(3) Y: Allocated:         -                58M (2%)           58M (2%)          170M (6%)     
[2026-10-03T23:40:52.174+0000][75.359s][info][gc,heap     ] GC(3) Y: Reclaimed:         -                  -                 0M (0%)          494M (16%)    
[2026-10-03T23:40:52.174+0000][75.360s][info][gc,heap     ] GC(3) Y:  Promoted:         -                  -                 0M (0%)            0M (0%)     
[2026-10-03T23:40:52.174+0000][75.360s][info][gc,heap     ] GC(3) Y: Compacted:         -                  -                  -                33M (1%)     
[2026-10-03T23:40:52.174+0000][75.360s][info][gc,phases   ] GC(3) Y: Young Generation 616M(20%)->292M(10%) 0.290s
[2026-10-03T23:40:52.174+0000][75.360s][info][gc,phases   ] GC(3) O: Old Generation
[2026-10-03T23:40:52.176+0000][75.361s][info][gc,phases   ] GC(3) O: Concurrent Mark 1.276ms
[2026-10-03T23:40:52.176+0000][75.361s][info][gc,phases   ] GC(3) O: Pause Mark End 0.012ms
[2026-10-03T23:40:52.176+0000][75.361s][info][gc,phases   ] GC(3) O: Concurrent Mark Free 0.000ms
[2026-10-03T23:40:52.193+0000][75.378s][info][gc,phases   ] GC(3) O: Concurrent Process Non-Strong 17.112ms
[2026-10-03T23:40:52.193+0000][75.378s][info][gc,phases   ] GC(3) O: Concurrent Reset Relocation Set 0.000ms
[2026-10-03T23:40:52.193+0000][75.378s][info][gc,phases   ] GC(3) O: Concurrent Select Relocation Set 0.086ms
[2026-10-03T23:40:52.193+0000][75.378s][info][gc,task     ] GC(3) O: Using 1 Workers for Old Generation
[2026-10-03T23:40:52.197+0000][75.382s][info][gc,task     ] GC(3) O: Using 1 Workers for Old Generation
[2026-10-03T23:40:52.197+0000][75.382s][info][gc,phases   ] GC(3) O: Concurrent Remap Roots 3.875ms
[2026-10-03T23:40:52.197+0000][75.382s][info][gc,phases   ] GC(3) O: Pause Relocate Start 0.010ms
[2026-10-03T23:40:52.197+0000][75.382s][info][gc,phases   ] GC(3) O: Concurrent Relocate 0.041ms
[2026-10-03T23:40:52.197+0000][75.382s][info][gc,alloc    ] GC(3) O:                         Mark Start        Mark End      Relocate Start    Relocate End   
[2026-10-03T23:40:52.197+0000][75.382s][info][gc,alloc    ] GC(3) O: Allocation Stalls:          0                0                0                0         
[2026-10-03T23:40:52.197+0000][75.382s][info][gc,load     ] GC(3) O: Load: 1.16 (23%) / 1.01 (20%) / 0.84 (17%)
[2026-10-03T23:40:52.197+0000][75.382s][info][gc,mmu      ] GC(3) O: MMU: 2ms/98.9%, 5ms/99.5%, 10ms/99.8%, 20ms/99.9%, 50ms/99.9%, 100ms/99.9%
[2026-10-03T23:40:52.197+0000][75.382s][info][gc,marking  ] GC(3) O: Mark: 1 stripe(s), 1 proactive flush(es), 1 terminate flush(es), 0 completion(s), 0 continuation(s) 
[2026-10-03T23:40:52.197+0000][75.382s][info][gc,nmethod  ] GC(3) O: NMethods: 6427 registered, 1161 unregistered
[2026-10-03T23:40:52.197+0000][75.382s][info][gc,metaspace] GC(3) O: Metaspace: 51M used, 52M committed, 1088M reserved
[2026-10-03T23:40:52.197+0000][75.382s][info][gc,ref      ] GC(3) O:                       Encountered   Discovered     Enqueued 
[2026-10-03T23:40:52.197+0000][75.382s][info][gc,ref      ] GC(3) O: Soft References:             3484            0            0 
[2026-10-03T23:40:52.197+0000][75.382s][info][gc,ref      ] GC(3) O: Weak References:            13009            0            0 
[2026-10-03T23:40:52.197+0000][75.382s][info][gc,ref      ] GC(3) O: Final References:              34            0            0 
[2026-10-03T23:40:52.197+0000][75.382s][info][gc,ref      ] GC(3) O: Phantom References:           687            0            0 
[2026-10-03T23:40:52.197+0000][75.382s][info][gc,heap     ] GC(3) O: Min Capacity: 512M(17%)
[2026-10-03T23:40:52.197+0000][75.382s][info][gc,heap     ] GC(3) O: Max Capacity: 3072M(100%)
[2026-10-03T23:40:52.197+0000][75.382s][info][gc,heap     ] GC(3) O: Soft Max Capacity: 3072M(100%)
[2026-10-03T23:40:52.197+0000][75.382s][info][gc,heap     ] GC(3) O: Heap Statistics:
[2026-10-03T23:40:52.197+0000][75.382s][info][gc,heap     ] GC(3) O:                Mark Start          Mark End        Relocate Start      Relocate End           High               Low         
[2026-10-03T23:40:52.197+0000][75.382s][info][gc,heap     ] GC(3) O:  Capacity:      664M (22%)         716M (23%)         716M (23%)         716M (23%)         716M (23%)         664M (22%)    
[2026-10-03T23:40:52.197+0000][75.382s][info][gc,heap     ] GC(3) O:      Free:     2456M (80%)        2780M (90%)        2776M (90%)        2776M (90%)        2780M (90%)        2356M (77%)    
[2026-10-03T23:40:52.197+0000][75.382s][info][gc,heap     ] GC(3) O:      Used:      616M (20%)         292M (10%)         296M (10%)         296M (10%)         716M (23%)         292M (10%)    
[2026-10-03T23:40:52.197+0000][75.382s][info][gc,heap     ] GC(3) O: Old Generation Statistics:
[2026-10-03T23:40:52.197+0000][75.382s][info][gc,heap     ] GC(3) O:                Mark Start          Mark End        Relocate Start      Relocate End    
[2026-10-03T23:40:52.197+0000][75.382s][info][gc,heap     ] GC(3) O:      Used:        0M (0%)            0M (0%)            0M (0%)            0M (0%)     
[2026-10-03T23:40:52.197+0000][75.382s][info][gc,heap     ] GC(3) O:      Live:         -                 0M (0%)            0M (0%)            0M (0%)     
[2026-10-03T23:40:52.197+0000][75.382s][info][gc,heap     ] GC(3) O:   Garbage:         -                 0M (0%)            0M (0%)            0M (0%)     
[2026-10-03T23:40:52.197+0000][75.382s][info][gc,heap     ] GC(3) O: Allocated:         -                 0M (0%)            0M (0%)            0M (0%)     
[2026-10-03T23:40:52.197+0000][75.382s][info][gc,heap     ] GC(3) O: Reclaimed:         -                  -                 0M (0%)            0M (0%)     
[2026-10-03T23:40:52.197+0000][75.382s][info][gc,heap     ] GC(3) O: Compacted:         -                  -                  -                 0M (0%)     
[2026-10-03T23:40:52.197+0000][75.382s][info][gc,phases   ] GC(3) O: Old Generation 292M(10%)->296M(10%) 0.023s
[2026-10-03T23:40:52.197+0000][75.382s][info][gc          ] GC(3) Major Collection (Warmup) 616M(20%)->296M(10%) 0.313s
[2026-10-03T23:40:54.812+0000][77.998s][info][gc          ] GC(4) Major Collection (Warmup)
[2026-10-03T23:40:54.813+0000][77.998s][info][gc,task     ] GC(4) Using 1 Workers for Young Generation
[2026-10-03T23:40:54.813+0000][77.998s][info][gc,task     ] GC(4) Using 1 Workers for Old Generation
[2026-10-03T23:40:54.813+0000][77.998s][info][gc,phases   ] GC(4) Y: Young Generation
[2026-10-03T23:40:54.813+0000][77.998s][info][gc,phases   ] GC(4) Y: Pause Mark Start (Major) 0.015ms
[2026-10-03T23:40:55.133+0000][78.318s][info][gc,phases   ] GC(4) Y: Concurrent Mark 320.510ms
[2026-10-03T23:40:55.134+0000][78.319s][info][gc,phases   ] GC(4) Y: Pause Mark End 0.013ms
[2026-10-03T23:40:55.134+0000][78.319s][info][gc,phases   ] GC(4) Y: Concurrent Mark Free 0.002ms
[2026-10-03T23:40:55.134+0000][78.319s][info][gc,phases   ] GC(4) Y: Concurrent Reset Relocation Set 0.011ms
[2026-10-03T23:40:55.134+0000][78.319s][info][gc,reloc    ] GC(4) Y: Using tenuring threshold: 3 (Computed)
[2026-10-03T23:40:55.153+0000][78.338s][info][gc,phases   ] GC(4) Y: Concurrent Select Relocation Set 19.505ms
[2026-10-03T23:40:55.156+0000][78.341s][info][gc,phases   ] GC(4) Y: Pause Relocate Start 0.010ms
[2026-10-03T23:40:55.255+0000][78.440s][info][gc,phases   ] GC(4) Y: Concurrent Relocate 98.505ms
[2026-10-03T23:40:55.255+0000][78.440s][info][gc,alloc    ] GC(4) Y:                         Mark Start        Mark End      Relocate Start    Relocate End   
[2026-10-03T23:40:55.255+0000][78.440s][info][gc,alloc    ] GC(4) Y: Allocation Stalls:          0                0                0                0         
[2026-10-03T23:40:55.255+0000][78.440s][info][gc,load     ] GC(4) Y: Load: 1.16 (23%) / 1.01 (20%) / 0.84 (17%)
[2026-10-03T23:40:55.255+0000][78.440s][info][gc,mmu      ] GC(4) Y: MMU: 2ms/98.9%, 5ms/99.5%, 10ms/99.8%, 20ms/99.9%, 50ms/99.9%, 100ms/99.9%
[2026-10-03T23:40:55.255+0000][78.440s][info][gc,marking  ] GC(4) Y: Mark: 1 stripe(s), 2 proactive flush(es), 1 terminate flush(es), 0 completion(s), 0 continuation(s) 
[2026-10-03T23:40:55.255+0000][78.440s][info][gc,nmethod  ] GC(4) Y: NMethods: 9019 registered, 1161 unregistered
[2026-10-03T23:40:55.255+0000][78.440s][info][gc,metaspace] GC(4) Y: Metaspace: 89M used, 90M committed, 1152M reserved
[2026-10-03T23:40:55.255+0000][78.440s][info][gc,reloc    ] GC(4) Y:                        Candidates     Selected     In-Place         Size        Empty    Relocated 
[2026-10-03T23:40:55.255+0000][78.440s][info][gc,reloc    ] GC(4) Y: Small Pages:                  399          321            0         798M           0M          41M 
[2026-10-03T23:40:55.255+0000][78.440s][info][gc,reloc    ] GC(4) Y: Medium Pages:                   4            3            0         112M           0M           5M 
[2026-10-03T23:40:55.255+0000][78.440s][info][gc,reloc    ] GC(4) Y: Large Pages:                    1            0            0          12M           0M           0M 
[2026-10-03T23:40:55.255+0000][78.440s][info][gc,reloc    ] GC(4) Y: Forwarding Usage: 21M
[2026-10-03T23:40:55.255+0000][78.440s][info][gc,reloc    ] GC(4) Y: Age Table:
[2026-10-03T23:40:55.255+0000][78.440s][info][gc,reloc    ] GC(4) Y:                    Live             Garbage             Small              Medium             Large        
[2026-10-03T23:40:55.255+0000][78.440s][info][gc,reloc    ] GC(4) Y: Eden              45M (1%)          646M (21%)        338 / 311            1 / 1              0 / 0        
[2026-10-03T23:40:55.255+0000][78.440s][info][gc,reloc    ] GC(4) Y: Survivor 1        26M (1%)            3M (0%)          15 / 2              0 / 0              0 / 0        
[2026-10-03T23:40:55.255+0000][78.440s][info][gc,reloc    ] GC(4) Y: Survivor 2        46M (2%)           37M (1%)          20 / 2              1 / 0              1 / 0        
[2026-10-03T23:40:55.255+0000][78.440s][info][gc,reloc    ] GC(4) Y: Survivor 3        21M (1%)           38M (1%)          14 / 3              1 / 1              0 / 0        
[2026-10-03T23:40:55.255+0000][78.440s][info][gc,reloc    ] GC(4) Y: Survivor 4        20M (1%)           35M (1%)          12 / 3              1 / 1              0 / 0        
[2026-10-03T23:40:55.255+0000][78.440s][info][gc,heap     ] GC(4) Y: Min Capacity: 512M(17%)
[2026-10-03T23:40:55.255+0000][78.440s][info][gc,heap     ] GC(4) Y: Max Capacity: 3072M(100%)
[2026-10-03T23:40:55.255+0000][78.440s][info][gc,heap     ] GC(4) Y: Soft Max Capacity: 3072M(100%)
[2026-10-03T23:40:55.255+0000][78.440s][info][gc,heap     ] GC(4) Y: Heap Statistics:
[2026-10-03T23:40:55.255+0000][78.440s][info][gc,heap     ] GC(4) Y:                Mark Start          Mark End        Relocate Start      Relocate End           High               Low         
[2026-10-03T23:40:55.255+0000][78.440s][info][gc,heap     ] GC(4) Y:  Capacity:      922M (30%)        1016M (33%)        1018M (33%)        1094M (36%)        1094M (36%)         922M (30%)    
[2026-10-03T23:40:55.255+0000][78.440s][info][gc,heap     ] GC(4) Y:      Free:     2150M (70%)        2056M (67%)        2054M (67%)        2668M (87%)        2672M (87%)        1978M (64%)    
[2026-10-03T23:40:55.255+0000][78.440s][info][gc,heap     ] GC(4) Y:      Used:      922M (30%)        1016M (33%)        1018M (33%)         404M (13%)        1094M (36%)         400M (13%)    
[2026-10-03T23:40:55.255+0000][78.440s][info][gc,heap     ] GC(4) Y: Young Generation Statistics:
[2026-10-03T23:40:55.255+0000][78.440s][info][gc,heap     ] GC(4) Y:                Mark Start          Mark End        Relocate Start      Relocate End    
[2026-10-03T23:40:55.255+0000][78.440s][info][gc,heap     ] GC(4) Y:      Used:      922M (30%)        1016M (33%)         982M (32%)         292M (10%)    
[2026-10-03T23:40:55.255+0000][78.440s][info][gc,heap     ] GC(4) Y:      Live:         -               161M (5%)          127M (4%)          119M (4%)     
[2026-10-03T23:40:55.255+0000][78.440s][info][gc,heap     ] GC(4) Y:   Garbage:         -               760M (25%)         758M (25%)           2M (0%)     
[2026-10-03T23:40:55.255+0000][78.440s][info][gc,heap     ] GC(4) Y: Allocated:         -                94M (3%)           96M (3%)          170M (6%)     
[2026-10-03T23:40:55.255+0000][78.440s][info][gc,heap     ] GC(4) Y: Reclaimed:         -                  -                 2M (0%)          758M (25%)    
[2026-10-03T23:40:55.255+0000][78.440s][info][gc,heap     ] GC(4) Y:  Promoted:         -                  -                33M (1%)           42M (1%)     
[2026-10-03T23:40:55.255+0000][78.440s][info][gc,heap     ] GC(4) Y: Compacted:         -                  -                  -                47M (2%)     
[2026-10-03T23:40:55.255+0000][78.440s][info][gc,phases   ] GC(4) Y: Young Generation 922M(30%)->404M(13%) 0.442s
[2026-10-03T23:40:55.255+0000][78.440s][info][gc,phases   ] GC(4) O: Old Generation
[2026-10-03T23:40:55.266+0000][78.451s][info][gc,phases   ] GC(4) O: Concurrent Mark 10.963ms
[2026-10-03T23:40:55.266+0000][78.451s][info][gc,phases   ] GC(4) O: Pause Mark End 0.011ms
[2026-10-03T23:40:55.266+0000][78.451s][info][gc,phases   ] GC(4) O: Concurrent Mark Free 0.001ms
[2026-10-03T23:40:55.294+0000][78.479s][info][gc,phases   ] GC(4) O: Concurrent Process Non-Strong 27.754ms
[2026-10-03T23:40:55.294+0000][78.479s][info][gc,phases   ] GC(4) O: Concurrent Reset Relocation Set 0.000ms
[2026-10-03T23:40:55.294+0000][78.479s][info][gc,phases   ] GC(4) O: Concurrent Select Relocation Set 0.100ms
[2026-10-03T23:40:55.294+0000][78.479s][info][gc,task     ] GC(4) O: Using 1 Workers for Old Generation
[2026-10-03T23:40:55.307+0000][78.492s][info][gc,task     ] GC(4) O: Using 1 Workers for Old Generation
[2026-10-03T23:40:55.307+0000][78.492s][info][gc,phases   ] GC(4) O: Concurrent Remap Roots 12.452ms
[2026-10-03T23:40:55.307+0000][78.492s][info][gc,phases   ] GC(4) O: Pause Relocate Start 0.010ms
[2026-10-03T23:40:55.307+0000][78.492s][info][gc,phases   ] GC(4) O: Concurrent Relocate 0.068ms
[2026-10-03T23:40:55.307+0000][78.492s][info][gc,alloc    ] GC(4) O:                         Mark Start        Mark End      Relocate Start    Relocate End   
[2026-10-03T23:40:55.307+0000][78.492s][info][gc,alloc    ] GC(4) O: Allocation Stalls:          0                0                0                0         
[2026-10-03T23:40:55.307+0000][78.492s][info][gc,load     ] GC(4) O: Load: 1.16 (23%) / 1.01 (20%) / 0.84 (17%)
[2026-10-03T23:40:55.307+0000][78.492s][info][gc,mmu      ] GC(4) O: MMU: 2ms/98.9%, 5ms/99.5%, 10ms/99.8%, 20ms/99.9%, 50ms/99.9%, 100ms/99.9%
[2026-10-03T23:40:55.307+0000][78.492s][info][gc,marking  ] GC(4) O: Mark: 1 stripe(s), 1 proactive flush(es), 1 terminate flush(es), 0 completion(s), 0 continuation(s) 
[2026-10-03T23:40:55.307+0000][78.492s][info][gc,nmethod  ] GC(4) O: NMethods: 8220 registered, 1990 unregistered
[2026-10-03T23:40:55.307+0000][78.492s][info][gc,metaspace] GC(4) O: Metaspace: 89M used, 90M committed, 1152M reserved
[2026-10-03T23:40:55.307+0000][78.492s][info][gc,ref      ] GC(4) O:                       Encountered   Discovered     Enqueued 
[2026-10-03T23:40:55.307+0000][78.492s][info][gc,ref      ] GC(4) O: Soft References:             3881            0            0 
[2026-10-03T23:40:55.307+0000][78.492s][info][gc,ref      ] GC(4) O: Weak References:            29188            0            0 
[2026-10-03T23:40:55.307+0000][78.492s][info][gc,ref      ] GC(4) O: Final References:              36            0            0 
[2026-10-03T23:40:55.307+0000][78.492s][info][gc,ref      ] GC(4) O: Phantom References:           698            0            0 
[2026-10-03T23:40:55.307+0000][78.492s][info][gc,heap     ] GC(4) O: Min Capacity: 512M(17%)
[2026-10-03T23:40:55.307+0000][78.492s][info][gc,heap     ] GC(4) O: Max Capacity: 3072M(100%)
[2026-10-03T23:40:55.307+0000][78.492s][info][gc,heap     ] GC(4) O: Soft Max Capacity: 3072M(100%)
[2026-10-03T23:40:55.307+0000][78.492s][info][gc,heap     ] GC(4) O: Heap Statistics:
[2026-10-03T23:40:55.307+0000][78.492s][info][gc,heap     ] GC(4) O:                Mark Start          Mark End        Relocate Start      Relocate End           High               Low         
[2026-10-03T23:40:55.307+0000][78.492s][info][gc,heap     ] GC(4) O:  Capacity:      922M (30%)        1094M (36%)        1094M (36%)        1094M (36%)        1094M (36%)         922M (30%)    
[2026-10-03T23:40:55.307+0000][78.492s][info][gc,heap     ] GC(4) O:      Free:     2150M (70%)        2668M (87%)        2662M (87%)        2662M (87%)        2672M (87%)        1978M (64%)    
[2026-10-03T23:40:55.307+0000][78.492s][info][gc,heap     ] GC(4) O:      Used:      922M (30%)         404M (13%)         410M (13%)         410M (13%)        1094M (36%)         400M (13%)    
[2026-10-03T23:40:55.307+0000][78.492s][info][gc,heap     ] GC(4) O: Old Generation Statistics:
[2026-10-03T23:40:55.307+0000][78.492s][info][gc,heap     ] GC(4) O:                Mark Start          Mark End        Relocate Start      Relocate End    
[2026-10-03T23:40:55.307+0000][78.492s][info][gc,heap     ] GC(4) O:      Used:        0M (0%)          112M (4%)          112M (4%)          112M (4%)     
[2026-10-03T23:40:55.307+0000][78.492s][info][gc,heap     ] GC(4) O:      Live:         -                 0M (0%)            0M (0%)            0M (0%)     
[2026-10-03T23:40:55.307+0000][78.492s][info][gc,heap     ] GC(4) O:   Garbage:         -                 0M (0%)            0M (0%)            0M (0%)     
[2026-10-03T23:40:55.307+0000][78.492s][info][gc,heap     ] GC(4) O: Allocated:         -               112M (4%)          112M (4%)          112M (4%)     
[2026-10-03T23:40:55.307+0000][78.492s][info][gc,heap     ] GC(4) O: Reclaimed:         -                  -                 0M (0%)            0M (0%)     
[2026-10-03T23:40:55.307+0000][78.492s][info][gc,heap     ] GC(4) O: Compacted:         -                  -                  -                 0M (0%)     
[2026-10-03T23:40:55.307+0000][78.492s][info][gc,phases   ] GC(4) O: Old Generation 404M(13%)->410M(13%) 0.052s
[2026-10-03T23:40:55.307+0000][78.492s][info][gc          ] GC(4) Major Collection (Warmup) 922M(30%)->410M(13%) 0.495s
[2026-10-03T23:41:00.742+0000][83.927s][info][gc          ] GC(5) Minor Collection (Allocation Rate)
[2026-10-03T23:41:00.742+0000][83.928s][info][gc,task     ] GC(5) Using 1 Workers for Young Generation
[2026-10-03T23:41:00.742+0000][83.928s][info][gc,phases   ] GC(5) y: Young Generation
[2026-10-03T23:41:00.743+0000][83.928s][info][gc,phases   ] GC(5) y: Pause Mark Start 0.013ms
[2026-10-03T23:41:01.199+0000][84.384s][info][gc,phases   ] GC(5) y: Concurrent Mark 455.873ms
[2026-10-03T23:41:01.199+0000][84.384s][info][gc,phases   ] GC(5) y: Pause Mark End 0.014ms
[2026-10-03T23:41:01.199+0000][84.384s][info][gc,phases   ] GC(5) y: Concurrent Mark Free 0.003ms
[2026-10-03T23:41:01.199+0000][84.384s][info][gc,phases   ] GC(5) y: Concurrent Reset Relocation Set 0.053ms
[2026-10-03T23:41:01.199+0000][84.384s][info][gc,reloc    ] GC(5) y: Using tenuring threshold: 4 (Computed)
[2026-10-03T23:41:01.201+0000][84.386s][info][gc,phases   ] GC(5) y: Concurrent Select Relocation Set 1.741ms
[2026-10-03T23:41:01.201+0000][84.386s][info][gc,phases   ] GC(5) y: Pause Relocate Start 0.008ms
[2026-10-03T23:41:01.276+0000][84.461s][info][gc,phases   ] GC(5) y: Concurrent Relocate 75.032ms
[2026-10-03T23:41:01.276+0000][84.461s][info][gc,alloc    ] GC(5) y:                         Mark Start        Mark End      Relocate Start    Relocate End   
[2026-10-03T23:41:01.276+0000][84.461s][info][gc,alloc    ] GC(5) y: Allocation Stalls:          0                0                0                0         
[2026-10-03T23:41:01.276+0000][84.461s][info][gc,load     ] GC(5) y: Load: 1.61 (32%) / 1.11 (22%) / 0.87 (17%)
[2026-10-03T23:41:01.276+0000][84.461s][info][gc,mmu      ] GC(5) y: MMU: 2ms/98.9%, 5ms/99.5%, 10ms/99.8%, 20ms/99.9%, 50ms/99.9%, 100ms/99.9%
[2026-10-03T23:41:01.276+0000][84.461s][info][gc,marking  ] GC(5) y: Mark: 1 stripe(s), 2 proactive flush(es), 1 terminate flush(es), 0 completion(s), 0 continuation(s) 
[2026-10-03T23:41:01.276+0000][84.461s][info][gc,nmethod  ] GC(5) y: NMethods: 14041 registered, 0 unregistered
[2026-10-03T23:41:01.276+0000][84.461s][info][gc,metaspace] GC(5) y: Metaspace: 108M used, 110M committed, 1152M reserved
[2026-10-03T23:41:01.276+0000][84.461s][info][gc,reloc    ] GC(5) y:                        Candidates     Selected     In-Place         Size        Empty    Relocated 
[2026-10-03T23:41:01.276+0000][84.461s][info][gc,reloc    ] GC(5) y: Small Pages:                  666          568            0        1332M          26M          39M 
[2026-10-03T23:41:01.276+0000][84.461s][info][gc,reloc    ] GC(5) y: Medium Pages:                   3            2            0          80M           0M           3M 
[2026-10-03T23:41:01.276+0000][84.461s][info][gc,reloc    ] GC(5) y: Large Pages:                    1            0            0          12M           0M           0M 
[2026-10-03T23:41:01.276+0000][84.461s][info][gc,reloc    ] GC(5) y: Forwarding Usage: 20M
[2026-10-03T23:41:01.276+0000][84.461s][info][gc,reloc    ] GC(5) y: Age Table:
[2026-10-03T23:41:01.276+0000][84.461s][info][gc,reloc    ] GC(5) y:                    Live             Garbage             Small              Medium             Large        
[2026-10-03T23:41:01.276+0000][84.461s][info][gc,reloc    ] GC(5) y: Eden              54M (2%)         1189M (39%)        606 / 564            1 / 1              0 / 0        
[2026-10-03T23:41:01.276+0000][84.461s][info][gc,reloc    ] GC(5) y: Survivor 1        44M (1%)           19M (1%)          24 / 1              1 / 1              0 / 0        
[2026-10-03T23:41:01.276+0000][84.461s][info][gc,reloc    ] GC(5) y: Survivor 2        26M (1%)            3M (0%)          15 / 1              0 / 0              0 / 0        
[2026-10-03T23:41:01.276+0000][84.461s][info][gc,reloc    ] GC(5) y: Survivor 3        46M (1%)           39M (1%)          21 / 2              1 / 0              1 / 0        
[2026-10-03T23:41:01.276+0000][84.461s][info][gc,heap     ] GC(5) y: Min Capacity: 512M(17%)
[2026-10-03T23:41:01.276+0000][84.461s][info][gc,heap     ] GC(5) y: Max Capacity: 3072M(100%)
[2026-10-03T23:41:01.276+0000][84.461s][info][gc,heap     ] GC(5) y: Soft Max Capacity: 3072M(100%)
[2026-10-03T23:41:01.276+0000][84.461s][info][gc,heap     ] GC(5) y: Heap Statistics:
[2026-10-03T23:41:01.276+0000][84.461s][info][gc,heap     ] GC(5) y:                Mark Start          Mark End        Relocate Start      Relocate End           High               Low         
[2026-10-03T23:41:01.276+0000][84.461s][info][gc,heap     ] GC(5) y:  Capacity:     1536M (50%)        1598M (52%)        1598M (52%)        1662M (54%)        1662M (54%)        1536M (50%)    
[2026-10-03T23:41:01.276+0000][84.461s][info][gc,heap     ] GC(5) y:      Free:     1536M (50%)        1474M (48%)        1500M (49%)        2612M (85%)        2612M (85%)        1456M (47%)    
[2026-10-03T23:41:01.276+0000][84.461s][info][gc,heap     ] GC(5) y:      Used:     1536M (50%)        1598M (52%)        1572M (51%)         460M (15%)        1616M (53%)         460M (15%)    
[2026-10-03T23:41:01.276+0000][84.461s][info][gc,heap     ] GC(5) y: Young Generation Statistics:
[2026-10-03T23:41:01.276+0000][84.461s][info][gc,heap     ] GC(5) y:                Mark Start          Mark End        Relocate Start      Relocate End    
[2026-10-03T23:41:01.276+0000][84.461s][info][gc,heap     ] GC(5) y:      Used:     1424M (46%)        1486M (48%)        1460M (48%)         348M (11%)    
[2026-10-03T23:41:01.276+0000][84.461s][info][gc,heap     ] GC(5) y:      Live:         -               172M (6%)          172M (6%)          172M (6%)     
[2026-10-03T23:41:01.276+0000][84.461s][info][gc,heap     ] GC(5) y:   Garbage:         -              1251M (41%)        1225M (40%)           6M (0%)     
[2026-10-03T23:41:01.276+0000][84.461s][info][gc,heap     ] GC(5) y: Allocated:         -                62M (2%)           62M (2%)          169M (6%)     
[2026-10-03T23:41:01.276+0000][84.461s][info][gc,heap     ] GC(5) y: Reclaimed:         -                  -                26M (1%)         1245M (41%)    
[2026-10-03T23:41:01.276+0000][84.461s][info][gc,heap     ] GC(5) y:  Promoted:         -                  -                 0M (0%)            0M (0%)     
[2026-10-03T23:41:01.276+0000][84.461s][info][gc,heap     ] GC(5) y: Compacted:         -                  -                  -                50M (2%)     
[2026-10-03T23:41:01.276+0000][84.461s][info][gc,phases   ] GC(5) y: Young Generation 1536M(50%)->460M(15%) 0.533s
[2026-10-03T23:41:01.276+0000][84.461s][info][gc          ] GC(5) Minor Collection (Allocation Rate) 1536M(50%)->460M(15%) 0.534s
[2026-10-03T23:41:36.980+0000][120.165s][info][gc          ] GC(6) Major Collection (Proactive)
[2026-10-03T23:41:36.980+0000][120.165s][info][gc,task     ] GC(6) Using 1 Workers for Young Generation
[2026-10-03T23:41:36.980+0000][120.165s][info][gc,task     ] GC(6) Using 1 Workers for Old Generation
[2026-10-03T23:41:36.980+0000][120.165s][info][gc,phases   ] GC(6) Y: Young Generation
[2026-10-03T23:41:36.980+0000][120.165s][info][gc,phases   ] GC(6) Y: Pause Mark Start (Major) 0.014ms
[2026-10-03T23:41:37.381+0000][120.566s][info][gc,phases   ] GC(6) Y: Concurrent Mark 401.378ms
[2026-10-03T23:41:37.381+0000][120.566s][info][gc,phases   ] GC(6) Y: Pause Mark End 0.015ms
[2026-10-03T23:41:37.381+0000][120.566s][info][gc,phases   ] GC(6) Y: Concurrent Mark Free 0.001ms
[2026-10-03T23:41:37.381+0000][120.567s][info][gc,phases   ] GC(6) Y: Concurrent Reset Relocation Set 0.041ms
[2026-10-03T23:41:37.382+0000][120.567s][info][gc,reloc    ] GC(6) Y: Using tenuring threshold: 2 (Computed)
[2026-10-03T23:41:37.435+0000][120.620s][info][gc,phases   ] GC(6) Y: Concurrent Select Relocation Set 53.554ms
[2026-10-03T23:41:37.435+0000][120.620s][info][gc,phases   ] GC(6) Y: Pause Relocate Start 0.014ms
[2026-10-03T23:41:37.534+0000][120.719s][info][gc,phases   ] GC(6) Y: Concurrent Relocate 98.872ms
[2026-10-03T23:41:37.534+0000][120.719s][info][gc,alloc    ] GC(6) Y:                         Mark Start        Mark End      Relocate Start    Relocate End   
[2026-10-03T23:41:37.534+0000][120.719s][info][gc,alloc    ] GC(6) Y: Allocation Stalls:          0                0                0                0         
[2026-10-03T23:41:37.534+0000][120.719s][info][gc,load     ] GC(6) Y: Load: 1.15 (23%) / 1.05 (21%) / 0.86 (17%)
[2026-10-03T23:41:37.534+0000][120.719s][info][gc,mmu      ] GC(6) Y: MMU: 2ms/98.9%, 5ms/99.5%, 10ms/99.8%, 20ms/99.9%, 50ms/99.9%, 100ms/99.9%
[2026-10-03T23:41:37.534+0000][120.719s][info][gc,marking  ] GC(6) Y: Mark: 1 stripe(s), 2 proactive flush(es), 1 terminate flush(es), 0 completion(s), 0 continuation(s) 
[2026-10-03T23:41:37.534+0000][120.719s][info][gc,nmethod  ] GC(6) Y: NMethods: 16246 registered, 0 unregistered
[2026-10-03T23:41:37.534+0000][120.719s][info][gc,metaspace] GC(6) Y: Metaspace: 122M used, 123M committed, 1152M reserved
[2026-10-03T23:41:37.534+0000][120.719s][info][gc,reloc    ] GC(6) Y:                        Candidates     Selected     In-Place         Size        Empty    Relocated 
[2026-10-03T23:41:37.534+0000][120.719s][info][gc,reloc    ] GC(6) Y: Small Pages:                  275          132            0         550M         124M          10M 
[2026-10-03T23:41:37.534+0000][120.719s][info][gc,reloc    ] GC(6) Y: Medium Pages:                   4            3            0         112M           0M           4M 
[2026-10-03T23:41:37.534+0000][120.719s][info][gc,reloc    ] GC(6) Y: Large Pages:                    1            0            0          12M           0M           0M 
[2026-10-03T23:41:37.534+0000][120.719s][info][gc,reloc    ] GC(6) Y: Forwarding Usage: 5M
[2026-10-03T23:41:37.534+0000][120.719s][info][gc,reloc    ] GC(6) Y: Age Table:
[2026-10-03T23:41:37.534+0000][120.719s][info][gc,reloc    ] GC(6) Y:                    Live             Garbage             Small              Medium             Large        
[2026-10-03T23:41:37.534+0000][120.719s][info][gc,reloc    ] GC(6) Y: Eden               7M (0%)          390M (13%)        183 / 119            1 / 1              0 / 0        
[2026-10-03T23:41:37.534+0000][120.719s][info][gc,reloc    ] GC(6) Y: Survivor 1        42M (1%)           53M (2%)          32 / 9              1 / 1              0 / 0        
[2026-10-03T23:41:37.534+0000][120.719s][info][gc,reloc    ] GC(6) Y: Survivor 2        44M (1%)           19M (1%)          24 / 1              1 / 1              0 / 0        
[2026-10-03T23:41:37.534+0000][120.719s][info][gc,reloc    ] GC(6) Y: Survivor 3        26M (1%)            1M (0%)          14 / 1              0 / 0              0 / 0        
[2026-10-03T23:41:37.534+0000][120.719s][info][gc,reloc    ] GC(6) Y: Survivor 4        45M (1%)           42M (1%)          22 / 2              1 / 0              1 / 0        
[2026-10-03T23:41:37.534+0000][120.719s][info][gc,heap     ] GC(6) Y: Min Capacity: 512M(17%)
[2026-10-03T23:41:37.534+0000][120.719s][info][gc,heap     ] GC(6) Y: Max Capacity: 3072M(100%)
[2026-10-03T23:41:37.534+0000][120.719s][info][gc,heap     ] GC(6) Y: Soft Max Capacity: 3072M(100%)
[2026-10-03T23:41:37.534+0000][120.719s][info][gc,heap     ] GC(6) Y: Heap Statistics:
[2026-10-03T23:41:37.534+0000][120.719s][info][gc,heap     ] GC(6) Y:                Mark Start          Mark End        Relocate Start      Relocate End           High               Low         
[2026-10-03T23:41:37.534+0000][120.719s][info][gc,heap     ] GC(6) Y:  Capacity:     1662M (54%)        1662M (54%)        1662M (54%)        1662M (54%)        1662M (54%)        1662M (54%)    
[2026-10-03T23:41:37.534+0000][120.719s][info][gc,heap     ] GC(6) Y:      Free:     2286M (74%)        2280M (74%)        2404M (78%)        2666M (87%)        2666M (87%)        2280M (74%)    
[2026-10-03T23:41:37.534+0000][120.719s][info][gc,heap     ] GC(6) Y:      Used:      786M (26%)         792M (26%)         668M (22%)         406M (13%)         792M (26%)         406M (13%)    
[2026-10-03T23:41:37.534+0000][120.719s][info][gc,heap     ] GC(6) Y: Young Generation Statistics:
[2026-10-03T23:41:37.534+0000][120.719s][info][gc,heap     ] GC(6) Y:                Mark Start          Mark End        Relocate Start      Relocate End    
[2026-10-03T23:41:37.534+0000][120.719s][info][gc,heap     ] GC(6) Y:      Used:      674M (22%)         680M (22%)         438M (14%)         140M (5%)     
[2026-10-03T23:41:37.534+0000][120.719s][info][gc,heap     ] GC(6) Y:      Live:         -               167M (5%)           53M (2%)           50M (2%)     
[2026-10-03T23:41:37.534+0000][120.719s][info][gc,heap     ] GC(6) Y:   Garbage:         -               506M (16%)         378M (12%)           4M (0%)     
[2026-10-03T23:41:37.534+0000][120.719s][info][gc,heap     ] GC(6) Y: Allocated:         -                 6M (0%)            6M (0%)           85M (3%)     
[2026-10-03T23:41:37.534+0000][120.719s][info][gc,heap     ] GC(6) Y: Reclaimed:         -                  -               127M (4%)          501M (16%)    
[2026-10-03T23:41:37.534+0000][120.719s][info][gc,heap     ] GC(6) Y:  Promoted:         -                  -               114M (4%)          117M (4%)     
[2026-10-03T23:41:37.534+0000][120.719s][info][gc,heap     ] GC(6) Y: Compacted:         -                  -                  -                16M (1%)     
[2026-10-03T23:41:37.534+0000][120.719s][info][gc,phases   ] GC(6) Y: Young Generation 786M(26%)->406M(13%) 0.554s
[2026-10-03T23:41:37.534+0000][120.719s][info][gc,phases   ] GC(6) O: Old Generation
[2026-10-03T23:41:37.594+0000][120.779s][info][gc,phases   ] GC(6) O: Concurrent Mark 59.830ms
[2026-10-03T23:41:37.594+0000][120.779s][info][gc,phases   ] GC(6) O: Pause Mark End 0.014ms
[2026-10-03T23:41:37.594+0000][120.779s][info][gc,phases   ] GC(6) O: Concurrent Mark Free 0.001ms
[2026-10-03T23:41:37.664+0000][120.849s][info][gc,phases   ] GC(6) O: Concurrent Process Non-Strong 69.411ms
[2026-10-03T23:41:37.664+0000][120.849s][info][gc,phases   ] GC(6) O: Concurrent Reset Relocation Set 0.001ms
[2026-10-03T23:41:37.665+0000][120.850s][info][gc,phases   ] GC(6) O: Concurrent Select Relocation Set 1.177ms
[2026-10-03T23:41:37.665+0000][120.850s][info][gc,task     ] GC(6) O: Using 1 Workers for Old Generation
[2026-10-03T23:41:37.679+0000][120.864s][info][gc,task     ] GC(6) O: Using 1 Workers for Old Generation
[2026-10-03T23:41:37.679+0000][120.864s][info][gc,phases   ] GC(6) O: Concurrent Remap Roots 13.820ms
[2026-10-03T23:41:37.680+0000][120.866s][info][gc,phases   ] GC(6) O: Pause Relocate Start 0.011ms
[2026-10-03T23:41:37.688+0000][120.873s][info][gc,phases   ] GC(6) O: Concurrent Relocate 7.411ms
[2026-10-03T23:41:37.688+0000][120.873s][info][gc,alloc    ] GC(6) O:                         Mark Start        Mark End      Relocate Start    Relocate End   
[2026-10-03T23:41:37.688+0000][120.873s][info][gc,alloc    ] GC(6) O: Allocation Stalls:          0                0                0                0         
[2026-10-03T23:41:37.688+0000][120.873s][info][gc,load     ] GC(6) O: Load: 1.15 (23%) / 1.05 (21%) / 0.86 (17%)
[2026-10-03T23:41:37.688+0000][120.873s][info][gc,mmu      ] GC(6) O: MMU: 2ms/98.9%, 5ms/99.5%, 10ms/99.8%, 20ms/99.9%, 50ms/99.9%, 100ms/99.9%
[2026-10-03T23:41:37.688+0000][120.873s][info][gc,marking  ] GC(6) O: Mark: 1 stripe(s), 2 proactive flush(es), 1 terminate flush(es), 0 completion(s), 0 continuation(s) 
[2026-10-03T23:41:37.688+0000][120.873s][info][gc,nmethod  ] GC(6) O: NMethods: 12569 registered, 3683 unregistered
[2026-10-03T23:41:37.688+0000][120.873s][info][gc,metaspace] GC(6) O: Metaspace: 122M used, 123M committed, 1152M reserved
[2026-10-03T23:41:37.688+0000][120.873s][info][gc,ref      ] GC(6) O:                       Encountered   Discovered     Enqueued 
[2026-10-03T23:41:37.688+0000][120.873s][info][gc,ref      ] GC(6) O: Soft References:             4466            0            0 
[2026-10-03T23:41:37.688+0000][120.873s][info][gc,ref      ] GC(6) O: Weak References:            43014         1206          507 
[2026-10-03T23:41:37.688+0000][120.873s][info][gc,ref      ] GC(6) O: Final References:             121            0            0 
[2026-10-03T23:41:37.688+0000][120.873s][info][gc,ref      ] GC(6) O: Phantom References:           849          189           40 
[2026-10-03T23:41:37.688+0000][120.873s][info][gc,reloc    ] GC(6) O:                        Candidates     Selected     In-Place         Size        Empty    Relocated 
[2026-10-03T23:41:37.688+0000][120.873s][info][gc,reloc    ] GC(6) O: Small Pages:                   24            4            0          48M           0M           2M 
[2026-10-03T23:41:37.688+0000][120.873s][info][gc,reloc    ] GC(6) O: Medium Pages:                   2            1            0          64M           0M           2M 
[2026-10-03T23:41:37.688+0000][120.873s][info][gc,reloc    ] GC(6) O: Large Pages:                    0            0            0           0M           0M           0M 
[2026-10-03T23:41:37.688+0000][120.873s][info][gc,reloc    ] GC(6) O: Forwarding Usage: 1M
[2026-10-03T23:41:37.688+0000][120.873s][info][gc,heap     ] GC(6) O: Min Capacity: 512M(17%)
[2026-10-03T23:41:37.688+0000][120.873s][info][gc,heap     ] GC(6) O: Max Capacity: 3072M(100%)
[2026-10-03T23:41:37.688+0000][120.873s][info][gc,heap     ] GC(6) O: Soft Max Capacity: 3072M(100%)
[2026-10-03T23:41:37.688+0000][120.873s][info][gc,heap     ] GC(6) O: Heap Statistics:
[2026-10-03T23:41:37.688+0000][120.873s][info][gc,heap     ] GC(6) O:                Mark Start          Mark End        Relocate Start      Relocate End           High               Low         
[2026-10-03T23:41:37.688+0000][120.873s][info][gc,heap     ] GC(6) O:  Capacity:     1662M (54%)        1662M (54%)        1662M (54%)        1662M (54%)        1662M (54%)        1662M (54%)    
[2026-10-03T23:41:37.688+0000][120.873s][info][gc,heap     ] GC(6) O:      Free:     2286M (74%)        2666M (87%)        2666M (87%)        2706M (88%)        2706M (88%)        2280M (74%)    
[2026-10-03T23:41:37.688+0000][120.873s][info][gc,heap     ] GC(6) O:      Used:      786M (26%)         406M (13%)         406M (13%)         366M (12%)         792M (26%)         366M (12%)    
[2026-10-03T23:41:37.688+0000][120.873s][info][gc,heap     ] GC(6) O: Old Generation Statistics:
[2026-10-03T23:41:37.688+0000][120.873s][info][gc,heap     ] GC(6) O:                Mark Start          Mark End        Relocate Start      Relocate End    
[2026-10-03T23:41:37.688+0000][120.873s][info][gc,heap     ] GC(6) O:      Used:      112M (4%)          266M (9%)          266M (9%)          226M (7%)     
[2026-10-03T23:41:37.688+0000][120.873s][info][gc,heap     ] GC(6) O:      Live:         -                41M (1%)           41M (1%)           41M (1%)     
[2026-10-03T23:41:37.688+0000][120.873s][info][gc,heap     ] GC(6) O:   Garbage:         -                70M (2%)           70M (2%)            1M (0%)     
[2026-10-03T23:41:37.688+0000][120.873s][info][gc,heap     ] GC(6) O: Allocated:         -               154M (5%)          154M (5%)          182M (6%)     
[2026-10-03T23:41:37.688+0000][120.873s][info][gc,heap     ] GC(6) O: Reclaimed:         -                  -                 0M (0%)           68M (2%)     
[2026-10-03T23:41:37.688+0000][120.873s][info][gc,heap     ] GC(6) O: Compacted:         -                  -                  -                 9M (0%)     
[2026-10-03T23:41:37.688+0000][120.873s][info][gc,phases   ] GC(6) O: Old Generation 406M(13%)->366M(12%) 0.154s
[2026-10-03T23:41:37.688+0000][120.873s][info][gc          ] GC(6) Major Collection (Proactive) 786M(26%)->366M(12%) 0.708s
[2026-10-03T23:42:25.531+0000][168.716s][info][gc,exit     ] Stopping ZGC
[2026-10-03T23:42:25.536+0000][168.721s][info][gc,stats    ] === Garbage Collection Statistics =======================================================================================================================
[2026-10-03T23:42:25.536+0000][168.721s][info][gc,stats    ]                                                              Last 10s              Last 10m              Last 10h                Total
[2026-10-03T23:42:25.536+0000][168.721s][info][gc,stats    ]                                                              Avg / Max             Avg / Max             Avg / Max             Avg / Max
[2026-10-03T23:42:25.536+0000][168.721s][info][gc,stats    ]        Contention: Mark Segment Reset Contention                     0 / 0                 0 / 0                 0 / 0                 0 / 0           ops/s
[2026-10-03T23:42:25.536+0000][168.721s][info][gc,stats    ]        Contention: Mark SeqNum Reset Contention                      0 / 0                 0 / 0                 0 / 0                 0 / 0           ops/s
[2026-10-03T23:42:25.536+0000][168.721s][info][gc,stats    ]          Critical: Allocation Stall                                  0 / 0                 0 / 0                 0 / 0                 0 / 0           ops/s
[2026-10-03T23:42:25.536+0000][168.721s][info][gc,stats    ]          Critical: Allocation Stall                              0.000 / 0.000         0.000 / 0.000         0.000 / 0.000         0.000 / 0.000       ms
[2026-10-03T23:42:25.536+0000][168.721s][info][gc,stats    ]          Critical: JNI Critical Stall                                0 / 0                 0 / 1                 0 / 1                 0 / 1           ops/s
[2026-10-03T23:42:25.536+0000][168.721s][info][gc,stats    ]          Critical: JNI Critical Stall                            0.000 / 0.000         2.795 / 7.377         2.795 / 7.377         2.795 / 7.377       ms
[2026-10-03T23:42:25.536+0000][168.721s][info][gc,stats    ]          Critical: Relocation Stall                                  0 / 0                 0 / 0                 0 / 0                 0 / 0           ops/s
[2026-10-03T23:42:25.536+0000][168.721s][info][gc,stats    ]          Critical: Relocation Stall                              0.000 / 0.000         0.000 / 0.000         0.000 / 0.000         0.000 / 0.000       ms
[2026-10-03T23:42:25.536+0000][168.721s][info][gc,stats    ]  Major Collection: Major Collection                              0.000 / 0.000       340.508 / 708.421     340.508 / 708.421     340.508 / 708.421     ms
[2026-10-03T23:42:25.536+0000][168.721s][info][gc,stats    ]            Memory: Allocation Rate                                   0 / 0                22 / 490              22 / 490              22 / 490         MB/s
[2026-10-03T23:42:25.536+0000][168.721s][info][gc,stats    ]            Memory: Defragment                                        0 / 0                 0 / 0                 0 / 0                 0 / 0           ops/s
[2026-10-03T23:42:25.536+0000][168.721s][info][gc,stats    ]            Memory: Mapped Cache Harvest                              0 / 0                 0 / 0                 0 / 0                 0 / 0           MB/s
[2026-10-03T23:42:25.536+0000][168.721s][info][gc,stats    ]            Memory: Out Of Memory                                     0 / 0                 0 / 0                 0 / 0                 0 / 0           ops/s
[2026-10-03T23:42:25.536+0000][168.721s][info][gc,stats    ]            Memory: Uncommit                                          0 / 0                 0 / 0                 0 / 0                 0 / 0           MB/s
[2026-10-03T23:42:25.536+0000][168.721s][info][gc,stats    ]            Memory: Undo Object Allocation Failed                     0 / 0                 0 / 0                 0 / 0                 0 / 0           ops/s
[2026-10-03T23:42:25.536+0000][168.721s][info][gc,stats    ]            Memory: Undo Object Allocation Succeeded                  0 / 0                 0 / 1                 0 / 1                 0 / 1           ops/s
[2026-10-03T23:42:25.536+0000][168.721s][info][gc,stats    ]            Memory: Undo Page Allocation                              0 / 0                 0 / 1                 0 / 1                 0 / 1           ops/s
[2026-10-03T23:42:25.536+0000][168.721s][info][gc,stats    ]  Minor Collection: Minor Collection                              0.000 / 0.000       533.632 / 533.632     533.632 / 533.632     533.632 / 533.632     ms
[2026-10-03T23:42:25.536+0000][168.721s][info][gc,stats    ]    Old Generation: Old Generation                                0.000 / 0.000        47.993 / 153.754      47.993 / 153.754      47.993 / 153.754     ms
[2026-10-03T23:42:25.536+0000][168.721s][info][gc,stats    ]         Old Pause: Pause Mark End                                0.000 / 0.000         0.012 / 0.017         0.012 / 0.017         0.012 / 0.017       ms
[2026-10-03T23:42:25.536+0000][168.721s][info][gc,stats    ]         Old Pause: Pause Relocate Start                          0.000 / 0.000         0.010 / 0.011         0.010 / 0.011         0.010 / 0.011       ms
[2026-10-03T23:42:25.536+0000][168.721s][info][gc,stats    ]         Old Phase: Concurrent Mark                               0.000 / 0.000        13.256 / 59.830       13.256 / 59.830       13.256 / 59.830      ms
[2026-10-03T23:42:25.536+0000][168.721s][info][gc,stats    ]         Old Phase: Concurrent Mark Continue                      0.000 / 0.000         0.000 / 0.000         0.000 / 0.000         0.000 / 0.000       ms
[2026-10-03T23:42:25.536+0000][168.721s][info][gc,stats    ]         Old Phase: Concurrent Mark Free                          0.000 / 0.000         0.001 / 0.001         0.001 / 0.001         0.001 / 0.001       ms
[2026-10-03T23:42:25.536+0000][168.721s][info][gc,stats    ]         Old Phase: Concurrent Process Non-Strong                 0.000 / 0.000        25.350 / 69.411       25.350 / 69.411       25.350 / 69.411      ms
[2026-10-03T23:42:25.536+0000][168.721s][info][gc,stats    ]         Old Phase: Concurrent Relocate                           0.000 / 0.000         1.284 / 7.411         1.284 / 7.411         1.284 / 7.411       ms
[2026-10-03T23:42:25.536+0000][168.721s][info][gc,stats    ]         Old Phase: Concurrent Remap Roots                        0.000 / 0.000         6.309 / 13.820        6.309 / 13.820        6.309 / 13.820      ms
[2026-10-03T23:42:25.536+0000][168.721s][info][gc,stats    ]         Old Phase: Concurrent Reset Relocation Set               0.000 / 0.000         0.000 / 0.001         0.000 / 0.001         0.000 / 0.001       ms
[2026-10-03T23:42:25.536+0000][168.721s][info][gc,stats    ]         Old Phase: Concurrent Select Relocation Set              0.000 / 0.000         0.999 / 3.814         0.999 / 3.814         0.999 / 3.814       ms
[2026-10-03T23:42:25.536+0000][168.721s][info][gc,stats    ]      Old Subphase: Concurrent Classes Purge                      0.000 / 0.000         1.382 / 4.787         1.382 / 4.787         1.382 / 4.787       ms
[2026-10-03T23:42:25.536+0000][168.721s][info][gc,stats    ]      Old Subphase: Concurrent Classes Unlink                     0.000 / 0.000        19.953 / 61.491       19.953 / 61.491       19.953 / 61.491      ms
[2026-10-03T23:42:25.536+0000][168.721s][info][gc,stats    ]      Old Subphase: Concurrent Mark Follow                        0.000 / 0.000        11.932 / 59.235       11.932 / 59.235       11.932 / 59.235      ms
[2026-10-03T23:42:25.536+0000][168.721s][info][gc,stats    ]      Old Subphase: Concurrent Mark Root Colored                  0.000 / 0.000         0.088 / 0.255         0.088 / 0.255         0.088 / 0.255       ms
[2026-10-03T23:42:25.536+0000][168.721s][info][gc,stats    ]      Old Subphase: Concurrent Mark Root Uncolored                0.000 / 0.000         1.166 / 5.236         1.166 / 5.236         1.166 / 5.236       ms
[2026-10-03T23:42:25.536+0000][168.721s][info][gc,stats    ]      Old Subphase: Concurrent Mark Roots                         0.000 / 0.000         1.322 / 5.346         1.322 / 5.346         1.322 / 5.346       ms
[2026-10-03T23:42:25.536+0000][168.721s][info][gc,stats    ]      Old Subphase: Concurrent References Enqueue                 0.000 / 0.000         0.003 / 0.016         0.003 / 0.016         0.003 / 0.016       ms
[2026-10-03T23:42:25.536+0000][168.721s][info][gc,stats    ]      Old Subphase: Concurrent References Process                 0.000 / 0.000         0.054 / 0.189         0.054 / 0.189         0.054 / 0.189       ms
[2026-10-03T23:42:25.536+0000][168.721s][info][gc,stats    ]      Old Subphase: Concurrent Remap Remembered                   0.000 / 0.000         1.178 / 4.041         1.178 / 4.041         1.178 / 4.041       ms
[2026-10-03T23:42:25.536+0000][168.721s][info][gc,stats    ]      Old Subphase: Concurrent Remap Roots Colored                0.000 / 0.000         1.626 / 4.772         1.626 / 4.772         1.626 / 4.772       ms
[2026-10-03T23:42:25.536+0000][168.721s][info][gc,stats    ]      Old Subphase: Concurrent Remap Roots Uncolored              0.000 / 0.000         3.186 / 8.198         3.186 / 8.198         3.186 / 8.198       ms
[2026-10-03T23:42:25.536+0000][168.721s][info][gc,stats    ]      Old Subphase: Concurrent Roots ClassLoaderDataGraph         0.000 / 0.000         0.603 / 4.042         0.603 / 4.042         0.603 / 4.042       ms
[2026-10-03T23:42:25.536+0000][168.721s][info][gc,stats    ]      Old Subphase: Concurrent Roots CodeCache                    0.000 / 0.000         3.181 / 8.186         3.181 / 8.186         3.181 / 8.186       ms
[2026-10-03T23:42:25.536+0000][168.721s][info][gc,stats    ]      Old Subphase: Concurrent Roots JavaThreads                  0.000 / 0.000         0.391 / 5.235         0.391 / 5.235         0.391 / 5.235       ms
[2026-10-03T23:42:25.536+0000][168.721s][info][gc,stats    ]      Old Subphase: Concurrent Roots OopStorageSet                0.000 / 0.000         0.011 / 0.032         0.011 / 0.032         0.011 / 0.032       ms
[2026-10-03T23:42:25.536+0000][168.721s][info][gc,stats    ]      Old Subphase: Concurrent Weak Roots OopStorageSet           0.000 / 0.000         1.097 / 3.635         1.097 / 3.635         1.097 / 3.635       ms
[2026-10-03T23:42:25.536+0000][168.721s][info][gc,stats    ]            System: Java Threads                                      0 / 0                19 / 43               19 / 43               19 / 43          threads
[2026-10-03T23:42:25.536+0000][168.721s][info][gc,stats    ]  Young Generation: Young Generation                              0.000 / 0.000       292.140 / 554.300     292.140 / 554.300     292.140 / 554.300     ms
[2026-10-03T23:42:25.536+0000][168.721s][info][gc,stats    ]  Young Generation: Young Generation                              0.000 / 0.000       533.418 / 533.418     533.418 / 533.418     533.418 / 533.418     ms
[2026-10-03T23:42:25.536+0000][168.721s][info][gc,stats    ]  Young Generation: Young Generation (Collect Roots)              0.000 / 0.000         0.000 / 0.000         0.000 / 0.000         0.000 / 0.000       ms
[2026-10-03T23:42:25.536+0000][168.721s][info][gc,stats    ]  Young Generation: Young Generation (Promote All)                0.000 / 0.000         0.000 / 0.000         0.000 / 0.000         0.000 / 0.000       ms
[2026-10-03T23:42:25.536+0000][168.721s][info][gc,stats    ]       Young Pause: Pause Mark End                                0.000 / 0.000         0.014 / 0.015         0.014 / 0.015         0.014 / 0.015       ms
[2026-10-03T23:42:25.536+0000][168.721s][info][gc,stats    ]       Young Pause: Pause Mark Start                              0.000 / 0.000         0.013 / 0.013         0.013 / 0.013         0.013 / 0.013       ms
[2026-10-03T23:42:25.536+0000][168.721s][info][gc,stats    ]       Young Pause: Pause Mark Start (Major)                      0.000 / 0.000         0.015 / 0.022         0.015 / 0.022         0.015 / 0.022       ms
[2026-10-03T23:42:25.536+0000][168.721s][info][gc,stats    ]       Young Pause: Pause Relocate Start                          0.000 / 0.000         0.008 / 0.014         0.008 / 0.014         0.008 / 0.014       ms
[2026-10-03T23:42:25.536+0000][168.721s][info][gc,stats    ]       Young Phase: Concurrent Mark                               0.000 / 0.000       253.538 / 455.873     253.538 / 455.873     253.538 / 455.873     ms
[2026-10-03T23:42:25.536+0000][168.721s][info][gc,stats    ]       Young Phase: Concurrent Mark Continue                      0.000 / 0.000         0.000 / 0.000         0.000 / 0.000         0.000 / 0.000       ms
[2026-10-03T23:42:25.536+0000][168.721s][info][gc,stats    ]       Young Phase: Concurrent Mark Free                          0.000 / 0.000         0.002 / 0.003         0.002 / 0.003         0.002 / 0.003       ms
[2026-10-03T23:42:25.536+0000][168.721s][info][gc,stats    ]       Young Phase: Concurrent Relocate                           0.000 / 0.000        59.512 / 98.872       59.512 / 98.872       59.512 / 98.872      ms
[2026-10-03T23:42:25.536+0000][168.721s][info][gc,stats    ]       Young Phase: Concurrent Reset Relocation Set               0.000 / 0.000         0.019 / 0.053         0.019 / 0.053         0.019 / 0.053       ms
[2026-10-03T23:42:25.536+0000][168.721s][info][gc,stats    ]       Young Phase: Concurrent Select Relocation Set              0.000 / 0.000        11.949 / 53.554       11.949 / 53.554       11.949 / 53.554      ms
[2026-10-03T23:42:25.536+0000][168.721s][info][gc,stats    ]    Young Subphase: Concurrent Mark Follow                        0.000 / 0.000       243.098 / 439.250     243.098 / 439.250     243.098 / 439.250     ms
[2026-10-03T23:42:25.536+0000][168.721s][info][gc,stats    ]    Young Subphase: Concurrent Mark Root Colored                  0.000 / 0.000         4.050 / 6.985         4.050 / 6.985         4.050 / 6.985       ms
[2026-10-03T23:42:25.536+0000][168.721s][info][gc,stats    ]    Young Subphase: Concurrent Mark Root Uncolored                0.000 / 0.000         5.838 / 13.346        5.838 / 13.346        5.838 / 13.346      ms
[2026-10-03T23:42:25.536+0000][168.721s][info][gc,stats    ]    Young Subphase: Concurrent Mark Roots                         0.000 / 0.000        10.437 / 20.369       10.437 / 20.369       10.437 / 20.369      ms
[2026-10-03T23:42:25.536+0000][168.722s][info][gc,stats    ]    Young Subphase: Concurrent Relocate Remset FP                 0.000 / 0.000        14.676 / 79.410       14.676 / 79.410       14.676 / 79.410      ms
[2026-10-03T23:42:25.536+0000][168.722s][info][gc,stats    ]    Young Subphase: Concurrent Roots ClassLoaderDataGraph         0.000 / 0.000         0.963 / 1.524         0.963 / 1.524         0.963 / 1.524       ms
[2026-10-03T23:42:25.536+0000][168.722s][info][gc,stats    ]    Young Subphase: Concurrent Roots CodeCache                    0.000 / 0.000         5.257 / 12.486        5.257 / 12.486        5.257 / 12.486      ms
[2026-10-03T23:42:25.536+0000][168.722s][info][gc,stats    ]    Young Subphase: Concurrent Roots JavaThreads                  0.000 / 0.000         0.292 / 1.687         0.292 / 1.687         0.292 / 1.687       ms
[2026-10-03T23:42:25.536+0000][168.722s][info][gc,stats    ]    Young Subphase: Concurrent Roots OopStorageSet                0.000 / 0.000         0.069 / 0.123         0.069 / 0.123         0.069 / 0.123       ms
[2026-10-03T23:42:25.536+0000][168.722s][info][gc,stats    ]    Young Subphase: Concurrent Weak Roots OopStorageSet           0.000 / 0.000         2.984 / 5.359         2.984 / 5.359         2.984 / 5.359       ms
[2026-10-03T23:42:25.536+0000][168.722s][info][gc,stats    ] =========================================================================================================================================================
[2026-10-03T23:42:25.537+0000][168.722s][info][gc,exit     ] Heap
[2026-10-03T23:42:25.537+0000][168.722s][info][gc,exit     ]  ZHeap           used 376M, capacity 1662M, max capacity 3072M
[2026-10-03T23:42:25.537+0000][168.722s][info][gc,exit     ]   Cache          1286M (12)
[2026-10-03T23:42:25.537+0000][168.722s][info][gc,exit     ]    size classes  2M (4), 4M (1), 16M (2), 32M (2), 128M (1), 256M (1), 512M (1)
[2026-10-03T23:42:25.537+0000][168.722s][info][gc,exit     ]  Metaspace       used 125294K, committed 126400K, reserved 1179648K
[2026-10-03T23:42:25.537+0000][168.722s][info][gc,exit     ]   class space    used 20583K, committed 21056K, reserved 1048576K
