[2026-10-03T23:39:36.831+0000][0.005s][info][gc,init] Initializing The Z Garbage Collector
[2026-10-03T23:39:36.831+0000][0.005s][info][gc,init] Version: 25.0.4.1+1-LTS-5 (release)
[2026-10-03T23:39:36.831+0000][0.005s][info][gc,init] NUMA Support: Disabled
[2026-10-03T23:39:36.831+0000][0.005s][info][gc,init] CPUs: 5 total, 4 available
[2026-10-03T23:39:36.831+0000][0.005s][info][gc,init] Memory: 16384M
[2026-10-03T23:39:36.831+0000][0.005s][info][gc,init] Large Page Support: Disabled
[2026-10-03T23:39:36.831+0000][0.005s][info][gc,init] Address Space Size: unlimited
[2026-10-03T23:39:36.831+0000][0.005s][info][gc,init] Reserved Space Type: Contiguous/Unrestricted/Complete
[2026-10-03T23:39:36.831+0000][0.005s][info][gc,init] Reserved Space Size: 48G
[2026-10-03T23:39:36.831+0000][0.005s][info][gc,init] Heap Backing File: /memfd:java_heap
[2026-10-03T23:39:36.831+0000][0.005s][info][gc,init] Heap Backing Filesystem: tmpfs (0x1021994)
[2026-10-03T23:39:36.831+0000][0.005s][info][gc,init] Min Capacity: 512M
[2026-10-03T23:39:36.831+0000][0.005s][info][gc,init] Initial Capacity: 512M
[2026-10-03T23:39:36.831+0000][0.005s][info][gc,init] Max Capacity: 3072M
[2026-10-03T23:39:36.831+0000][0.005s][info][gc,init] Soft Max Capacity: 3072M
[2026-10-03T23:39:36.831+0000][0.005s][info][gc,init] Page Size Medium: Range [4M, 32M]
[2026-10-03T23:39:36.831+0000][0.005s][info][gc,init] Pre-touch: Disabled
[2026-10-03T23:39:36.831+0000][0.005s][info][gc,init] Available space on backing filesystem: N/A
[2026-10-03T23:39:36.831+0000][0.005s][info][gc,init] Uncommit: Enabled
[2026-10-03T23:39:36.831+0000][0.005s][info][gc,init] Uncommit Delay: 300s
[2026-10-03T23:39:36.831+0000][0.005s][info][gc,init] GC Workers for Old Generation: 1 (dynamic)
[2026-10-03T23:39:36.832+0000][0.005s][info][gc,init] GC Workers for Young Generation: 1 (dynamic)
[2026-10-03T23:39:36.869+0000][0.043s][info][gc,init] GC Workers Max: 1 (dynamic)
[2026-10-03T23:39:36.869+0000][0.043s][info][gc,init] Runtime Workers: 3
[2026-10-03T23:39:36.870+0000][0.044s][info][gc     ] Using The Z Garbage Collector
[2026-10-03T23:39:36.873+0000][0.047s][info][gc,metaspace] CDS archive(s) mapped at: [0x0000000036000000-0x0000000036d94000-0x0000000036d94000), size 14237696, SharedBaseAddress: 0x0000000036000000, ArchiveRelocationMode: 1.
[2026-10-03T23:39:36.873+0000][0.047s][info][gc,metaspace] Compressed class space mapped at: 0x0000000037000000-0x0000000077000000, reserved size: 1073741824
[2026-10-03T23:39:36.873+0000][0.047s][info][gc,metaspace] UseCompressedClassPointers 1, UseCompactObjectHeaders 0
[2026-10-03T23:39:36.873+0000][0.047s][info][gc,metaspace] Narrow klass pointer bits 32, Max shift 3
[2026-10-03T23:39:36.873+0000][0.047s][info][gc,metaspace] Narrow klass base: 0x0000000036000000, Narrow klass shift: 0
[2026-10-03T23:39:36.873+0000][0.047s][info][gc,metaspace] Encoding Range: [0x0000000036000000 - 0x0000000136000000), (4294967296 bytes)
[2026-10-03T23:39:36.873+0000][0.047s][info][gc,metaspace] Klass Range:    [0x0000000036001000 - 0x0000000077000000), (1090514944 bytes)
[2026-10-03T23:39:36.873+0000][0.047s][info][gc,metaspace] Klass ID Range:  [4096 - 1090519033) (1090514937)
[2026-10-03T23:39:36.873+0000][0.047s][info][gc,metaspace] Protection zone: [0x0000000036000000 - 0x0000000036001000), (4096 bytes)
[2026-10-03T23:40:28.956+0000][52.130s][info][gc          ] GC(0) Major Collection (Metadata GC Threshold)
[2026-10-03T23:40:28.956+0000][52.130s][info][gc,task     ] GC(0) Using 1 Workers for Young Generation
[2026-10-03T23:40:28.956+0000][52.130s][info][gc,task     ] GC(0) Using 1 Workers for Old Generation
[2026-10-03T23:40:28.956+0000][52.130s][info][gc,phases   ] GC(0) Y: Young Generation
[2026-10-03T23:40:28.956+0000][52.130s][info][gc,phases   ] GC(0) Y: Pause Mark Start (Major) 0.018ms
[2026-10-03T23:40:28.984+0000][52.158s][info][gc,phases   ] GC(0) Y: Concurrent Mark 27.887ms
[2026-10-03T23:40:28.984+0000][52.158s][info][gc,phases   ] GC(0) Y: Pause Mark End 0.009ms
[2026-10-03T23:40:28.984+0000][52.158s][info][gc,phases   ] GC(0) Y: Concurrent Mark Free 0.002ms
[2026-10-03T23:40:28.984+0000][52.158s][info][gc,phases   ] GC(0) Y: Concurrent Reset Relocation Set 0.006ms
[2026-10-03T23:40:28.984+0000][52.158s][info][gc,reloc    ] GC(0) Y: Using tenuring threshold: 1 (Computed)
[2026-10-03T23:40:28.993+0000][52.167s][info][gc,phases   ] GC(0) Y: Concurrent Select Relocation Set 9.060ms
[2026-10-03T23:40:28.993+0000][52.167s][info][gc,phases   ] GC(0) Y: Pause Relocate Start 0.008ms
[2026-10-03T23:40:29.008+0000][52.181s][info][gc,phases   ] GC(0) Y: Concurrent Relocate 14.042ms
[2026-10-03T23:40:29.008+0000][52.182s][info][gc,alloc    ] GC(0) Y:                         Mark Start        Mark End      Relocate Start    Relocate End   
[2026-10-03T23:40:29.008+0000][52.182s][info][gc,alloc    ] GC(0) Y: Allocation Stalls:          0                0                0                0         
[2026-10-03T23:40:29.008+0000][52.182s][info][gc,load     ] GC(0) Y: Load: 0.33 (7%) / 0.85 (17%) / 0.78 (16%)
[2026-10-03T23:40:29.008+0000][52.182s][info][gc,mmu      ] GC(0) Y: MMU: 2ms/99.1%, 5ms/99.6%, 10ms/99.8%, 20ms/99.9%, 50ms/99.9%, 100ms/100.0%
[2026-10-03T23:40:29.008+0000][52.182s][info][gc,marking  ] GC(0) Y: Mark: 1 stripe(s), 2 proactive flush(es), 1 terminate flush(es), 0 completion(s), 0 continuation(s) 
[2026-10-03T23:40:29.008+0000][52.182s][info][gc,nmethod  ] GC(0) Y: NMethods: 3961 registered, 0 unregistered
[2026-10-03T23:40:29.008+0000][52.182s][info][gc,metaspace] GC(0) Y: Metaspace: 20M used, 21M committed, 1088M reserved
[2026-10-03T23:40:29.008+0000][52.182s][info][gc,reloc    ] GC(0) Y:                        Candidates     Selected     In-Place         Size        Empty    Relocated 
[2026-10-03T23:40:29.008+0000][52.182s][info][gc,reloc    ] GC(0) Y: Small Pages:                   69           55            0         138M           6M          11M 
[2026-10-03T23:40:29.008+0000][52.182s][info][gc,reloc    ] GC(0) Y: Medium Pages:                   1            0            0          32M           0M           0M 
[2026-10-03T23:40:29.008+0000][52.182s][info][gc,reloc    ] GC(0) Y: Large Pages:                    2            0            0          24M          24M           0M 
[2026-10-03T23:40:29.008+0000][52.182s][info][gc,reloc    ] GC(0) Y: Forwarding Usage: 4M
[2026-10-03T23:40:29.008+0000][52.182s][info][gc,reloc    ] GC(0) Y: Age Table:
[2026-10-03T23:40:29.008+0000][52.182s][info][gc,reloc    ] GC(0) Y:                    Live             Garbage             Small              Medium             Large        
[2026-10-03T23:40:29.008+0000][52.182s][info][gc,reloc    ] GC(0) Y: Eden              21M (1%)          172M (6%)          69 / 55             1 / 0              2 / 0        
[2026-10-03T23:40:29.008+0000][52.182s][info][gc,heap     ] GC(0) Y: Min Capacity: 512M(17%)
[2026-10-03T23:40:29.008+0000][52.182s][info][gc,heap     ] GC(0) Y: Max Capacity: 3072M(100%)
[2026-10-03T23:40:29.008+0000][52.182s][info][gc,heap     ] GC(0) Y: Soft Max Capacity: 3072M(100%)
[2026-10-03T23:40:29.008+0000][52.182s][info][gc,heap     ] GC(0) Y: Heap Statistics:
[2026-10-03T23:40:29.008+0000][52.182s][info][gc,heap     ] GC(0) Y:                Mark Start          Mark End        Relocate Start      Relocate End           High               Low         
[2026-10-03T23:40:29.008+0000][52.182s][info][gc,heap     ] GC(0) Y:  Capacity:      512M (17%)         512M (17%)         512M (17%)         512M (17%)         512M (17%)         512M (17%)    
[2026-10-03T23:40:29.008+0000][52.182s][info][gc,heap     ] GC(0) Y:      Free:     2878M (94%)        2840M (92%)        2870M (93%)        2976M (97%)        2976M (97%)        2840M (92%)    
[2026-10-03T23:40:29.008+0000][52.182s][info][gc,heap     ] GC(0) Y:      Used:      194M (6%)          232M (8%)          202M (7%)           96M (3%)          232M (8%)           96M (3%)     
[2026-10-03T23:40:29.008+0000][52.182s][info][gc,heap     ] GC(0) Y: Young Generation Statistics:
[2026-10-03T23:40:29.008+0000][52.182s][info][gc,heap     ] GC(0) Y:                Mark Start          Mark End        Relocate Start      Relocate End    
[2026-10-03T23:40:29.008+0000][52.182s][info][gc,heap     ] GC(0) Y:      Used:      194M (6%)          232M (8%)          202M (7%)           96M (3%)     
[2026-10-03T23:40:29.008+0000][52.182s][info][gc,heap     ] GC(0) Y:      Live:         -                21M (1%)           21M (1%)           21M (1%)     
[2026-10-03T23:40:29.008+0000][52.182s][info][gc,heap     ] GC(0) Y:   Garbage:         -               172M (6%)          142M (5%)           29M (1%)     
[2026-10-03T23:40:29.008+0000][52.182s][info][gc,heap     ] GC(0) Y: Allocated:         -                38M (1%)           38M (1%)           44M (1%)     
[2026-10-03T23:40:29.008+0000][52.182s][info][gc,heap     ] GC(0) Y: Reclaimed:         -                  -                30M (1%)          142M (5%)     
[2026-10-03T23:40:29.008+0000][52.182s][info][gc,heap     ] GC(0) Y:  Promoted:         -                  -                 0M (0%)            0M (0%)     
[2026-10-03T23:40:29.008+0000][52.182s][info][gc,heap     ] GC(0) Y: Compacted:         -                  -                  -                15M (0%)     
[2026-10-03T23:40:29.008+0000][52.182s][info][gc,phases   ] GC(0) Y: Young Generation 194M(6%)->96M(3%) 0.052s
[2026-10-03T23:40:29.008+0000][52.182s][info][gc,phases   ] GC(0) O: Old Generation
[2026-10-03T23:40:29.012+0000][52.186s][info][gc,phases   ] GC(0) O: Concurrent Mark 4.005ms
[2026-10-03T23:40:29.012+0000][52.186s][info][gc,phases   ] GC(0) O: Pause Mark End 0.008ms
[2026-10-03T23:40:29.012+0000][52.186s][info][gc,phases   ] GC(0) O: Concurrent Mark Free 0.001ms
[2026-10-03T23:40:29.028+0000][52.202s][info][gc,phases   ] GC(0) O: Concurrent Process Non-Strong 16.318ms
[2026-10-03T23:40:29.028+0000][52.202s][info][gc,phases   ] GC(0) O: Concurrent Reset Relocation Set 0.001ms
[2026-10-03T23:40:29.028+0000][52.202s][info][gc,phases   ] GC(0) O: Concurrent Select Relocation Set 0.047ms
[2026-10-03T23:40:29.028+0000][52.202s][info][gc,task     ] GC(0) O: Using 1 Workers for Old Generation
[2026-10-03T23:40:29.030+0000][52.204s][info][gc,task     ] GC(0) O: Using 1 Workers for Old Generation
[2026-10-03T23:40:29.030+0000][52.204s][info][gc,phases   ] GC(0) O: Concurrent Remap Roots 1.882ms
[2026-10-03T23:40:29.031+0000][52.205s][info][gc,phases   ] GC(0) O: Pause Relocate Start 0.008ms
[2026-10-03T23:40:29.031+0000][52.205s][info][gc,phases   ] GC(0) O: Concurrent Relocate 0.017ms
[2026-10-03T23:40:29.031+0000][52.205s][info][gc,alloc    ] GC(0) O:                         Mark Start        Mark End      Relocate Start    Relocate End   
[2026-10-03T23:40:29.031+0000][52.205s][info][gc,alloc    ] GC(0) O: Allocation Stalls:          0                0                0                0         
[2026-10-03T23:40:29.031+0000][52.205s][info][gc,load     ] GC(0) O: Load: 0.33 (7%) / 0.85 (17%) / 0.78 (16%)
[2026-10-03T23:40:29.031+0000][52.205s][info][gc,mmu      ] GC(0) O: MMU: 2ms/99.1%, 5ms/99.6%, 10ms/99.8%, 20ms/99.9%, 50ms/99.9%, 100ms/99.9%
[2026-10-03T23:40:29.031+0000][52.205s][info][gc,marking  ] GC(0) O: Mark: 1 stripe(s), 1 proactive flush(es), 1 terminate flush(es), 0 completion(s), 0 continuation(s) 
[2026-10-03T23:40:29.031+0000][52.205s][info][gc,nmethod  ] GC(0) O: NMethods: 3324 registered, 656 unregistered
[2026-10-03T23:40:29.031+0000][52.205s][info][gc,metaspace] GC(0) O: Metaspace: 21M used, 21M committed, 1088M reserved
[2026-10-03T23:40:29.031+0000][52.205s][info][gc,ref      ] GC(0) O:                       Encountered   Discovered     Enqueued 
[2026-10-03T23:40:29.031+0000][52.205s][info][gc,ref      ] GC(0) O: Soft References:             2976            0            0 
[2026-10-03T23:40:29.031+0000][52.205s][info][gc,ref      ] GC(0) O: Weak References:             1645            0            0 
[2026-10-03T23:40:29.031+0000][52.205s][info][gc,ref      ] GC(0) O: Final References:              33            0            0 
[2026-10-03T23:40:29.031+0000][52.205s][info][gc,ref      ] GC(0) O: Phantom References:           563            0            0 
[2026-10-03T23:40:29.031+0000][52.205s][info][gc,heap     ] GC(0) O: Min Capacity: 512M(17%)
[2026-10-03T23:40:29.031+0000][52.205s][info][gc,heap     ] GC(0) O: Max Capacity: 3072M(100%)
[2026-10-03T23:40:29.031+0000][52.205s][info][gc,heap     ] GC(0) O: Soft Max Capacity: 3072M(100%)
[2026-10-03T23:40:29.031+0000][52.205s][info][gc,heap     ] GC(0) O: Heap Statistics:
[2026-10-03T23:40:29.031+0000][52.205s][info][gc,heap     ] GC(0) O:                Mark Start          Mark End        Relocate Start      Relocate End           High               Low         
[2026-10-03T23:40:29.031+0000][52.205s][info][gc,heap     ] GC(0) O:  Capacity:      512M (17%)         512M (17%)         512M (17%)         512M (17%)         512M (17%)         512M (17%)    
[2026-10-03T23:40:29.031+0000][52.205s][info][gc,heap     ] GC(0) O:      Free:     2878M (94%)        2976M (97%)        2972M (97%)        2972M (97%)        2976M (97%)        2840M (92%)    
[2026-10-03T23:40:29.031+0000][52.205s][info][gc,heap     ] GC(0) O:      Used:      194M (6%)           96M (3%)          100M (3%)          100M (3%)          232M (8%)           96M (3%)     
[2026-10-03T23:40:29.031+0000][52.205s][info][gc,heap     ] GC(0) O: Old Generation Statistics:
[2026-10-03T23:40:29.031+0000][52.205s][info][gc,heap     ] GC(0) O:                Mark Start          Mark End        Relocate Start      Relocate End    
[2026-10-03T23:40:29.031+0000][52.205s][info][gc,heap     ] GC(0) O:      Used:        0M (0%)            0M (0%)            0M (0%)            0M (0%)     
[2026-10-03T23:40:29.031+0000][52.205s][info][gc,heap     ] GC(0) O:      Live:         -                 0M (0%)            0M (0%)            0M (0%)     
[2026-10-03T23:40:29.031+0000][52.205s][info][gc,heap     ] GC(0) O:   Garbage:         -                 0M (0%)            0M (0%)            0M (0%)     
[2026-10-03T23:40:29.031+0000][52.205s][info][gc,heap     ] GC(0) O: Allocated:         -                 0M (0%)            0M (0%)            0M (0%)     
[2026-10-03T23:40:29.031+0000][52.205s][info][gc,heap     ] GC(0) O: Reclaimed:         -                  -                 0M (0%)            0M (0%)     
[2026-10-03T23:40:29.031+0000][52.205s][info][gc,heap     ] GC(0) O: Compacted:         -                  -                  -                 0M (0%)     
[2026-10-03T23:40:29.031+0000][52.205s][info][gc,phases   ] GC(0) O: Old Generation 96M(3%)->100M(3%) 0.023s
[2026-10-03T23:40:29.031+0000][52.205s][info][gc          ] GC(0) Major Collection (Metadata GC Threshold) 194M(6%)->100M(3%) 0.075s
[2026-10-03T23:40:29.609+0000][52.783s][info][gc          ] GC(1) Major Collection (Warmup)
[2026-10-03T23:40:29.609+0000][52.783s][info][gc,task     ] GC(1) Using 1 Workers for Young Generation
[2026-10-03T23:40:29.609+0000][52.783s][info][gc,task     ] GC(1) Using 1 Workers for Old Generation
[2026-10-03T23:40:29.609+0000][52.783s][info][gc,phases   ] GC(1) Y: Young Generation
[2026-10-03T23:40:29.612+0000][52.786s][info][gc,phases   ] GC(1) Y: Pause Mark Start (Major) 0.013ms
[2026-10-03T23:40:29.702+0000][52.876s][info][gc,phases   ] GC(1) Y: Concurrent Mark 89.834ms
[2026-10-03T23:40:29.702+0000][52.876s][info][gc,phases   ] GC(1) Y: Pause Mark End 0.014ms
[2026-10-03T23:40:29.702+0000][52.876s][info][gc,phases   ] GC(1) Y: Concurrent Mark Free 0.002ms
[2026-10-03T23:40:29.702+0000][52.876s][info][gc,phases   ] GC(1) Y: Concurrent Reset Relocation Set 0.010ms
[2026-10-03T23:40:29.703+0000][52.876s][info][gc,reloc    ] GC(1) Y: Using tenuring threshold: 2 (Computed)
[2026-10-03T23:40:29.711+0000][52.885s][info][gc,phases   ] GC(1) Y: Concurrent Select Relocation Set 8.735ms
[2026-10-03T23:40:29.711+0000][52.885s][info][gc,phases   ] GC(1) Y: Pause Relocate Start 0.010ms
[2026-10-03T23:40:29.756+0000][52.930s][info][gc,phases   ] GC(1) Y: Concurrent Relocate 44.836ms
[2026-10-03T23:40:29.756+0000][52.930s][info][gc,alloc    ] GC(1) Y:                         Mark Start        Mark End      Relocate Start    Relocate End   
[2026-10-03T23:40:29.756+0000][52.930s][info][gc,alloc    ] GC(1) Y: Allocation Stalls:          0                0                0                0         
[2026-10-03T23:40:29.756+0000][52.930s][info][gc,load     ] GC(1) Y: Load: 0.33 (7%) / 0.85 (17%) / 0.78 (16%)
[2026-10-03T23:40:29.756+0000][52.930s][info][gc,mmu      ] GC(1) Y: MMU: 2ms/99.1%, 5ms/99.6%, 10ms/99.8%, 20ms/99.9%, 50ms/99.9%, 100ms/99.9%
[2026-10-03T23:40:29.756+0000][52.930s][info][gc,marking  ] GC(1) Y: Mark: 1 stripe(s), 2 proactive flush(es), 1 terminate flush(es), 0 completion(s), 0 continuation(s) 
[2026-10-03T23:40:29.756+0000][52.930s][info][gc,nmethod  ] GC(1) Y: NMethods: 4035 registered, 656 unregistered
[2026-10-03T23:40:29.756+0000][52.930s][info][gc,metaspace] GC(1) Y: Metaspace: 23M used, 24M committed, 1088M reserved
[2026-10-03T23:40:29.756+0000][52.930s][info][gc,reloc    ] GC(1) Y:                        Candidates     Selected     In-Place         Size        Empty    Relocated 
[2026-10-03T23:40:29.756+0000][52.930s][info][gc,reloc    ] GC(1) Y: Small Pages:                  122           94            0         244M           8M          18M 
[2026-10-03T23:40:29.756+0000][52.930s][info][gc,reloc    ] GC(1) Y: Medium Pages:                   2            1            0          64M           0M           3M 
[2026-10-03T23:40:29.756+0000][52.930s][info][gc,reloc    ] GC(1) Y: Large Pages:                    0            0            0           0M           0M           0M 
[2026-10-03T23:40:29.756+0000][52.930s][info][gc,reloc    ] GC(1) Y: Forwarding Usage: 10M
[2026-10-03T23:40:29.756+0000][52.930s][info][gc,reloc    ] GC(1) Y: Age Table:
[2026-10-03T23:40:29.756+0000][52.930s][info][gc,reloc    ] GC(1) Y:                    Live             Garbage             Small              Medium             Large        
[2026-10-03T23:40:29.756+0000][52.930s][info][gc,reloc    ] GC(1) Y: Eden              24M (1%)          227M (7%)         110 / 93             1 / 0              0 / 0        
[2026-10-03T23:40:29.756+0000][52.930s][info][gc,reloc    ] GC(1) Y: Survivor 1        21M (1%)           34M (1%)          12 / 1              1 / 1              0 / 0        
[2026-10-03T23:40:29.756+0000][52.930s][info][gc,heap     ] GC(1) Y: Min Capacity: 512M(17%)
[2026-10-03T23:40:29.756+0000][52.930s][info][gc,heap     ] GC(1) Y: Max Capacity: 3072M(100%)
[2026-10-03T23:40:29.756+0000][52.930s][info][gc,heap     ] GC(1) Y: Soft Max Capacity: 3072M(100%)
[2026-10-03T23:40:29.756+0000][52.930s][info][gc,heap     ] GC(1) Y: Heap Statistics:
[2026-10-03T23:40:29.756+0000][52.930s][info][gc,heap     ] GC(1) Y:                Mark Start          Mark End        Relocate Start      Relocate End           High               Low         
[2026-10-03T23:40:29.756+0000][52.930s][info][gc,heap     ] GC(1) Y:  Capacity:      512M (17%)         512M (17%)         512M (17%)         512M (17%)         512M (17%)         512M (17%)    
[2026-10-03T23:40:29.756+0000][52.930s][info][gc,heap     ] GC(1) Y:      Free:     2764M (90%)        2718M (88%)        2722M (89%)        2888M (94%)        2888M (94%)        2686M (87%)    
[2026-10-03T23:40:29.756+0000][52.930s][info][gc,heap     ] GC(1) Y:      Used:      308M (10%)         354M (12%)         350M (11%)         184M (6%)          386M (13%)         184M (6%)     
[2026-10-03T23:40:29.756+0000][52.930s][info][gc,heap     ] GC(1) Y: Young Generation Statistics:
[2026-10-03T23:40:29.756+0000][52.930s][info][gc,heap     ] GC(1) Y:                Mark Start          Mark End        Relocate Start      Relocate End    
[2026-10-03T23:40:29.756+0000][52.930s][info][gc,heap     ] GC(1) Y:      Used:      308M (10%)         354M (12%)         350M (11%)         184M (6%)     
[2026-10-03T23:40:29.756+0000][52.930s][info][gc,heap     ] GC(1) Y:      Live:         -                45M (1%)           45M (1%)           45M (1%)     
[2026-10-03T23:40:29.756+0000][52.930s][info][gc,heap     ] GC(1) Y:   Garbage:         -               262M (9%)          254M (8%)            1M (0%)     
[2026-10-03T23:40:29.756+0000][52.930s][info][gc,heap     ] GC(1) Y: Allocated:         -                46M (1%)           50M (2%)          136M (4%)     
[2026-10-03T23:40:29.756+0000][52.930s][info][gc,heap     ] GC(1) Y: Reclaimed:         -                  -                 8M (0%)          260M (8%)     
[2026-10-03T23:40:29.756+0000][52.930s][info][gc,heap     ] GC(1) Y:  Promoted:         -                  -                 0M (0%)            0M (0%)     
[2026-10-03T23:40:29.756+0000][52.930s][info][gc,heap     ] GC(1) Y: Compacted:         -                  -                  -                29M (1%)     
[2026-10-03T23:40:29.756+0000][52.930s][info][gc,phases   ] GC(1) Y: Young Generation 308M(10%)->184M(6%) 0.147s
[2026-10-03T23:40:29.756+0000][52.930s][info][gc,phases   ] GC(1) O: Old Generation
[2026-10-03T23:40:29.757+0000][52.931s][info][gc,phases   ] GC(1) O: Concurrent Mark 0.467ms
[2026-10-03T23:40:29.757+0000][52.931s][info][gc,phases   ] GC(1) O: Pause Mark End 0.012ms
[2026-10-03T23:40:29.757+0000][52.931s][info][gc,phases   ] GC(1) O: Concurrent Mark Free 0.000ms
[2026-10-03T23:40:29.764+0000][52.938s][info][gc,phases   ] GC(1) O: Concurrent Process Non-Strong 6.884ms
[2026-10-03T23:40:29.764+0000][52.938s][info][gc,phases   ] GC(1) O: Concurrent Reset Relocation Set 0.001ms
[2026-10-03T23:40:29.764+0000][52.938s][info][gc,phases   ] GC(1) O: Concurrent Select Relocation Set 0.044ms
[2026-10-03T23:40:29.764+0000][52.938s][info][gc,task     ] GC(1) O: Using 1 Workers for Old Generation
[2026-10-03T23:40:29.765+0000][52.939s][info][gc,task     ] GC(1) O: Using 1 Workers for Old Generation
[2026-10-03T23:40:29.766+0000][52.939s][info][gc,phases   ] GC(1) O: Concurrent Remap Roots 1.554ms
[2026-10-03T23:40:29.768+0000][52.942s][info][gc,phases   ] GC(1) O: Pause Relocate Start 0.008ms
[2026-10-03T23:40:29.768+0000][52.942s][info][gc,phases   ] GC(1) O: Concurrent Relocate 0.011ms
[2026-10-03T23:40:29.768+0000][52.942s][info][gc,alloc    ] GC(1) O:                         Mark Start        Mark End      Relocate Start    Relocate End   
[2026-10-03T23:40:29.768+0000][52.942s][info][gc,alloc    ] GC(1) O: Allocation Stalls:          0                0                0                0         
[2026-10-03T23:40:29.768+0000][52.942s][info][gc,load     ] GC(1) O: Load: 0.33 (7%) / 0.85 (17%) / 0.78 (16%)
[2026-10-03T23:40:29.768+0000][52.942s][info][gc,mmu      ] GC(1) O: MMU: 2ms/99.1%, 5ms/99.6%, 10ms/99.8%, 20ms/99.9%, 50ms/99.9%, 100ms/99.9%
[2026-10-03T23:40:29.768+0000][52.942s][info][gc,marking  ] GC(1) O: Mark: 1 stripe(s), 1 proactive flush(es), 1 terminate flush(es), 0 completion(s), 0 continuation(s) 
[2026-10-03T23:40:29.768+0000][52.942s][info][gc,nmethod  ] GC(1) O: NMethods: 3897 registered, 795 unregistered
[2026-10-03T23:40:29.768+0000][52.942s][info][gc,metaspace] GC(1) O: Metaspace: 23M used, 24M committed, 1088M reserved
[2026-10-03T23:40:29.768+0000][52.942s][info][gc,ref      ] GC(1) O:                       Encountered   Discovered     Enqueued 
[2026-10-03T23:40:29.768+0000][52.942s][info][gc,ref      ] GC(1) O: Soft References:             3075            0            0 
[2026-10-03T23:40:29.768+0000][52.942s][info][gc,ref      ] GC(1) O: Weak References:             1784            0            0 
[2026-10-03T23:40:29.768+0000][52.942s][info][gc,ref      ] GC(1) O: Final References:              33            0            0 
[2026-10-03T23:40:29.768+0000][52.942s][info][gc,ref      ] GC(1) O: Phantom References:           645            0            0 
[2026-10-03T23:40:29.768+0000][52.942s][info][gc,heap     ] GC(1) O: Min Capacity: 512M(17%)
[2026-10-03T23:40:29.768+0000][52.942s][info][gc,heap     ] GC(1) O: Max Capacity: 3072M(100%)
[2026-10-03T23:40:29.768+0000][52.942s][info][gc,heap     ] GC(1) O: Soft Max Capacity: 3072M(100%)
[2026-10-03T23:40:29.768+0000][52.942s][info][gc,heap     ] GC(1) O: Heap Statistics:
[2026-10-03T23:40:29.768+0000][52.942s][info][gc,heap     ] GC(1) O:                Mark Start          Mark End        Relocate Start      Relocate End           High               Low         
[2026-10-03T23:40:29.768+0000][52.942s][info][gc,heap     ] GC(1) O:  Capacity:      512M (17%)         512M (17%)         512M (17%)         512M (17%)         512M (17%)         512M (17%)    
[2026-10-03T23:40:29.768+0000][52.942s][info][gc,heap     ] GC(1) O:      Free:     2764M (90%)        2888M (94%)        2882M (94%)        2882M (94%)        2888M (94%)        2686M (87%)    
[2026-10-03T23:40:29.768+0000][52.942s][info][gc,heap     ] GC(1) O:      Used:      308M (10%)         184M (6%)          190M (6%)          190M (6%)          386M (13%)         184M (6%)     
[2026-10-03T23:40:29.768+0000][52.942s][info][gc,heap     ] GC(1) O: Old Generation Statistics:
[2026-10-03T23:40:29.768+0000][52.942s][info][gc,heap     ] GC(1) O:                Mark Start          Mark End        Relocate Start      Relocate End    
[2026-10-03T23:40:29.768+0000][52.942s][info][gc,heap     ] GC(1) O:      Used:        0M (0%)            0M (0%)            0M (0%)            0M (0%)     
[2026-10-03T23:40:29.768+0000][52.942s][info][gc,heap     ] GC(1) O:      Live:         -                 0M (0%)            0M (0%)            0M (0%)     
[2026-10-03T23:40:29.768+0000][52.942s][info][gc,heap     ] GC(1) O:   Garbage:         -                 0M (0%)            0M (0%)            0M (0%)     
[2026-10-03T23:40:29.768+0000][52.942s][info][gc,heap     ] GC(1) O: Allocated:         -                 0M (0%)            0M (0%)            0M (0%)     
[2026-10-03T23:40:29.768+0000][52.942s][info][gc,heap     ] GC(1) O: Reclaimed:         -                  -                 0M (0%)            0M (0%)     
[2026-10-03T23:40:29.768+0000][52.942s][info][gc,heap     ] GC(1) O: Compacted:         -                  -                  -                 0M (0%)     
[2026-10-03T23:40:29.768+0000][52.942s][info][gc,phases   ] GC(1) O: Old Generation 184M(6%)->190M(6%) 0.012s
[2026-10-03T23:40:29.768+0000][52.942s][info][gc          ] GC(1) Major Collection (Warmup) 308M(10%)->190M(6%) 0.160s
[2026-10-03T23:40:31.245+0000][54.419s][info][gc          ] GC(2) Major Collection (Metadata GC Threshold)
[2026-10-03T23:40:31.245+0000][54.419s][info][gc,task     ] GC(2) Using 1 Workers for Young Generation
[2026-10-03T23:40:31.245+0000][54.419s][info][gc,task     ] GC(2) Using 1 Workers for Old Generation
[2026-10-03T23:40:31.245+0000][54.419s][info][gc,phases   ] GC(2) Y: Young Generation
[2026-10-03T23:40:31.245+0000][54.419s][info][gc,phases   ] GC(2) Y: Pause Mark Start (Major) 0.009ms
[2026-10-03T23:40:31.400+0000][54.573s][info][gc,phases   ] GC(2) Y: Concurrent Mark 154.626ms
[2026-10-03T23:40:31.400+0000][54.573s][info][gc,phases   ] GC(2) Y: Pause Mark End 0.010ms
[2026-10-03T23:40:31.400+0000][54.573s][info][gc,phases   ] GC(2) Y: Concurrent Mark Free 0.001ms
[2026-10-03T23:40:31.400+0000][54.573s][info][gc,phases   ] GC(2) Y: Concurrent Reset Relocation Set 0.006ms
[2026-10-03T23:40:31.400+0000][54.574s][info][gc,reloc    ] GC(2) Y: Using tenuring threshold: 3 (Computed)
[2026-10-03T23:40:31.401+0000][54.575s][info][gc,phases   ] GC(2) Y: Concurrent Select Relocation Set 1.771ms
[2026-10-03T23:40:31.401+0000][54.575s][info][gc,phases   ] GC(2) Y: Pause Relocate Start 0.006ms
[2026-10-03T23:40:31.444+0000][54.618s][info][gc,phases   ] GC(2) Y: Concurrent Relocate 42.749ms
[2026-10-03T23:40:31.444+0000][54.618s][info][gc,alloc    ] GC(2) Y:                         Mark Start        Mark End      Relocate Start    Relocate End   
[2026-10-03T23:40:31.444+0000][54.618s][info][gc,alloc    ] GC(2) Y: Allocation Stalls:          0                0                0                0         
[2026-10-03T23:40:31.444+0000][54.618s][info][gc,load     ] GC(2) Y: Load: 0.55 (11%) / 0.89 (18%) / 0.79 (16%)
[2026-10-03T23:40:31.444+0000][54.618s][info][gc,mmu      ] GC(2) Y: MMU: 2ms/99.1%, 5ms/99.6%, 10ms/99.8%, 20ms/99.9%, 50ms/99.9%, 100ms/99.9%
[2026-10-03T23:40:31.444+0000][54.618s][info][gc,marking  ] GC(2) Y: Mark: 1 stripe(s), 2 proactive flush(es), 1 terminate flush(es), 0 completion(s), 0 continuation(s) 
[2026-10-03T23:40:31.444+0000][54.618s][info][gc,nmethod  ] GC(2) Y: NMethods: 5897 registered, 0 unregistered
[2026-10-03T23:40:31.444+0000][54.618s][info][gc,metaspace] GC(2) Y: Metaspace: 42M used, 43M committed, 1088M reserved
[2026-10-03T23:40:31.444+0000][54.618s][info][gc,reloc    ] GC(2) Y:                        Candidates     Selected     In-Place         Size        Empty    Relocated 
[2026-10-03T23:40:31.444+0000][54.618s][info][gc,reloc    ] GC(2) Y: Small Pages:                  240          196            0         480M           2M          26M 
[2026-10-03T23:40:31.444+0000][54.618s][info][gc,reloc    ] GC(2) Y: Medium Pages:                   3            2            0          96M           0M           3M 
[2026-10-03T23:40:31.444+0000][54.618s][info][gc,reloc    ] GC(2) Y: Large Pages:                    1            0            0          12M           0M           0M 
[2026-10-03T23:40:31.444+0000][54.618s][info][gc,reloc    ] GC(2) Y: Forwarding Usage: 14M
[2026-10-03T23:40:31.444+0000][54.618s][info][gc,reloc    ] GC(2) Y: Age Table:
[2026-10-03T23:40:31.444+0000][54.618s][info][gc,reloc    ] GC(2) Y:                    Live             Garbage             Small              Medium             Large        
[2026-10-03T23:40:31.444+0000][54.618s][info][gc,reloc    ] GC(2) Y: Eden              48M (2%)          427M (14%)        216 / 193            1 / 0              1 / 0        
[2026-10-03T23:40:31.444+0000][54.618s][info][gc,reloc    ] GC(2) Y: Survivor 1        22M (1%)           37M (1%)          14 / 2              1 / 1              0 / 0        
[2026-10-03T23:40:31.444+0000][54.618s][info][gc,reloc    ] GC(2) Y: Survivor 2        21M (1%)           30M (1%)          10 / 1              1 / 1              0 / 0        
[2026-10-03T23:40:31.444+0000][54.618s][info][gc,heap     ] GC(2) Y: Min Capacity: 512M(17%)
[2026-10-03T23:40:31.444+0000][54.618s][info][gc,heap     ] GC(2) Y: Max Capacity: 3072M(100%)
[2026-10-03T23:40:31.444+0000][54.618s][info][gc,heap     ] GC(2) Y: Soft Max Capacity: 3072M(100%)
[2026-10-03T23:40:31.444+0000][54.618s][info][gc,heap     ] GC(2) Y: Heap Statistics:
[2026-10-03T23:40:31.444+0000][54.618s][info][gc,heap     ] GC(2) Y:                Mark Start          Mark End        Relocate Start      Relocate End           High               Low         
[2026-10-03T23:40:31.444+0000][54.618s][info][gc,heap     ] GC(2) Y:  Capacity:      588M (19%)         618M (20%)         618M (20%)         656M (21%)         656M (21%)         588M (19%)    
[2026-10-03T23:40:31.444+0000][54.618s][info][gc,heap     ] GC(2) Y:      Free:     2484M (81%)        2454M (80%)        2456M (80%)        2836M (92%)        2836M (92%)        2416M (79%)    
[2026-10-03T23:40:31.444+0000][54.618s][info][gc,heap     ] GC(2) Y:      Used:      588M (19%)         618M (20%)         616M (20%)         236M (8%)          656M (21%)         236M (8%)     
[2026-10-03T23:40:31.444+0000][54.618s][info][gc,heap     ] GC(2) Y: Young Generation Statistics:
[2026-10-03T23:40:31.444+0000][54.618s][info][gc,heap     ] GC(2) Y:                Mark Start          Mark End        Relocate Start      Relocate End    
[2026-10-03T23:40:31.444+0000][54.618s][info][gc,heap     ] GC(2) Y:      Used:      588M (19%)         618M (20%)         616M (20%)         236M (8%)     
[2026-10-03T23:40:31.444+0000][54.618s][info][gc,heap     ] GC(2) Y:      Live:         -                91M (3%)           91M (3%)           91M (3%)     
[2026-10-03T23:40:31.444+0000][54.618s][info][gc,heap     ] GC(2) Y:   Garbage:         -               496M (16%)         494M (16%)           5M (0%)     
[2026-10-03T23:40:31.444+0000][54.618s][info][gc,heap     ] GC(2) Y: Allocated:         -                30M (1%)           30M (1%)          139M (5%)     
[2026-10-03T23:40:31.444+0000][54.618s][info][gc,heap     ] GC(2) Y: Reclaimed:         -                  -                 2M (0%)          491M (16%)    
[2026-10-03T23:40:31.444+0000][54.618s][info][gc,heap     ] GC(2) Y:  Promoted:         -                  -                 0M (0%)            0M (0%)     
[2026-10-03T23:40:31.444+0000][54.618s][info][gc,heap     ] GC(2) Y: Compacted:         -                  -                  -                38M (1%)     
[2026-10-03T23:40:31.444+0000][54.618s][info][gc,phases   ] GC(2) Y: Young Generation 588M(19%)->236M(8%) 0.199s
[2026-10-03T23:40:31.444+0000][54.618s][info][gc,phases   ] GC(2) O: Old Generation
[2026-10-03T23:40:31.447+0000][54.621s][info][gc,phases   ] GC(2) O: Concurrent Mark 2.499ms
[2026-10-03T23:40:31.447+0000][54.621s][info][gc,phases   ] GC(2) O: Pause Mark End 0.010ms
[2026-10-03T23:40:31.447+0000][54.621s][info][gc,phases   ] GC(2) O: Concurrent Mark Free 0.000ms
[2026-10-03T23:40:31.465+0000][54.639s][info][gc,phases   ] GC(2) O: Concurrent Process Non-Strong 18.208ms
[2026-10-03T23:40:31.465+0000][54.639s][info][gc,phases   ] GC(2) O: Concurrent Reset Relocation Set 0.000ms
[2026-10-03T23:40:31.465+0000][54.639s][info][gc,phases   ] GC(2) O: Concurrent Select Relocation Set 0.056ms
[2026-10-03T23:40:31.465+0000][54.639s][info][gc,task     ] GC(2) O: Using 1 Workers for Old Generation
[2026-10-03T23:40:31.468+0000][54.641s][info][gc,task     ] GC(2) O: Using 1 Workers for Old Generation
[2026-10-03T23:40:31.468+0000][54.641s][info][gc,phases   ] GC(2) O: Concurrent Remap Roots 2.283ms
[2026-10-03T23:40:31.468+0000][54.642s][info][gc,phases   ] GC(2) O: Pause Relocate Start 0.007ms
[2026-10-03T23:40:31.468+0000][54.642s][info][gc,phases   ] GC(2) O: Concurrent Relocate 0.012ms
[2026-10-03T23:40:31.468+0000][54.642s][info][gc,alloc    ] GC(2) O:                         Mark Start        Mark End      Relocate Start    Relocate End   
[2026-10-03T23:40:31.468+0000][54.642s][info][gc,alloc    ] GC(2) O: Allocation Stalls:          0                0                0                0         
[2026-10-03T23:40:31.468+0000][54.642s][info][gc,load     ] GC(2) O: Load: 0.55 (11%) / 0.89 (18%) / 0.79 (16%)
[2026-10-03T23:40:31.468+0000][54.642s][info][gc,mmu      ] GC(2) O: MMU: 2ms/99.1%, 5ms/99.6%, 10ms/99.8%, 20ms/99.9%, 50ms/99.9%, 100ms/99.9%
[2026-10-03T23:40:31.468+0000][54.642s][info][gc,marking  ] GC(2) O: Mark: 1 stripe(s), 1 proactive flush(es), 1 terminate flush(es), 0 completion(s), 0 continuation(s) 
[2026-10-03T23:40:31.468+0000][54.642s][info][gc,nmethod  ] GC(2) O: NMethods: 5434 registered, 503 unregistered
[2026-10-03T23:40:31.468+0000][54.642s][info][gc,metaspace] GC(2) O: Metaspace: 43M used, 43M committed, 1088M reserved
[2026-10-03T23:40:31.468+0000][54.642s][info][gc,ref      ] GC(2) O:                       Encountered   Discovered     Enqueued 
[2026-10-03T23:40:31.468+0000][54.642s][info][gc,ref      ] GC(2) O: Soft References:             3405            0            0 
[2026-10-03T23:40:31.468+0000][54.642s][info][gc,ref      ] GC(2) O: Weak References:             8488            0            0 
[2026-10-03T23:40:31.468+0000][54.642s][info][gc,ref      ] GC(2) O: Final References:              34            0            0 
[2026-10-03T23:40:31.468+0000][54.642s][info][gc,ref      ] GC(2) O: Phantom References:           688            0            0 
[2026-10-03T23:40:31.468+0000][54.642s][info][gc,heap     ] GC(2) O: Min Capacity: 512M(17%)
[2026-10-03T23:40:31.468+0000][54.642s][info][gc,heap     ] GC(2) O: Max Capacity: 3072M(100%)
[2026-10-03T23:40:31.468+0000][54.642s][info][gc,heap     ] GC(2) O: Soft Max Capacity: 3072M(100%)
[2026-10-03T23:40:31.468+0000][54.642s][info][gc,heap     ] GC(2) O: Heap Statistics:
[2026-10-03T23:40:31.468+0000][54.642s][info][gc,heap     ] GC(2) O:                Mark Start          Mark End        Relocate Start      Relocate End           High               Low         
[2026-10-03T23:40:31.468+0000][54.642s][info][gc,heap     ] GC(2) O:  Capacity:      588M (19%)         656M (21%)         656M (21%)         656M (21%)         656M (21%)         588M (19%)    
[2026-10-03T23:40:31.468+0000][54.642s][info][gc,heap     ] GC(2) O:      Free:     2484M (81%)        2836M (92%)        2832M (92%)        2832M (92%)        2836M (92%)        2416M (79%)    
[2026-10-03T23:40:31.468+0000][54.642s][info][gc,heap     ] GC(2) O:      Used:      588M (19%)         236M (8%)          240M (8%)          240M (8%)          656M (21%)         236M (8%)     
[2026-10-03T23:40:31.468+0000][54.642s][info][gc,heap     ] GC(2) O: Old Generation Statistics:
[2026-10-03T23:40:31.468+0000][54.642s][info][gc,heap     ] GC(2) O:                Mark Start          Mark End        Relocate Start      Relocate End    
[2026-10-03T23:40:31.468+0000][54.642s][info][gc,heap     ] GC(2) O:      Used:        0M (0%)            0M (0%)            0M (0%)            0M (0%)     
[2026-10-03T23:40:31.468+0000][54.642s][info][gc,heap     ] GC(2) O:      Live:         -                 0M (0%)            0M (0%)            0M (0%)     
[2026-10-03T23:40:31.468+0000][54.642s][info][gc,heap     ] GC(2) O:   Garbage:         -                 0M (0%)            0M (0%)            0M (0%)     
[2026-10-03T23:40:31.468+0000][54.642s][info][gc,heap     ] GC(2) O: Allocated:         -                 0M (0%)            0M (0%)            0M (0%)     
[2026-10-03T23:40:31.468+0000][54.642s][info][gc,heap     ] GC(2) O: Reclaimed:         -                  -                 0M (0%)            0M (0%)     
[2026-10-03T23:40:31.468+0000][54.642s][info][gc,heap     ] GC(2) O: Compacted:         -                  -                  -                 0M (0%)     
[2026-10-03T23:40:31.468+0000][54.642s][info][gc,phases   ] GC(2) O: Old Generation 236M(8%)->240M(8%) 0.024s
[2026-10-03T23:40:31.468+0000][54.642s][info][gc          ] GC(2) Major Collection (Metadata GC Threshold) 588M(19%)->240M(8%) 0.223s
[2026-10-03T23:40:32.493+0000][55.666s][info][gc          ] GC(3) Major Collection (Warmup)
[2026-10-03T23:40:32.493+0000][55.666s][info][gc,task     ] GC(3) Using 1 Workers for Young Generation
[2026-10-03T23:40:32.493+0000][55.666s][info][gc,task     ] GC(3) Using 1 Workers for Old Generation
[2026-10-03T23:40:32.493+0000][55.666s][info][gc,phases   ] GC(3) Y: Young Generation
[2026-10-03T23:40:32.493+0000][55.667s][info][gc,phases   ] GC(3) Y: Pause Mark Start (Major) 0.012ms
[2026-10-03T23:40:32.733+0000][55.907s][info][gc,phases   ] GC(3) Y: Concurrent Mark 240.207ms
[2026-10-03T23:40:32.733+0000][55.907s][info][gc,phases   ] GC(3) Y: Pause Mark End 0.011ms
[2026-10-03T23:40:32.733+0000][55.907s][info][gc,phases   ] GC(3) Y: Concurrent Mark Free 0.000ms
[2026-10-03T23:40:32.733+0000][55.907s][info][gc,phases   ] GC(3) Y: Concurrent Reset Relocation Set 0.021ms
[2026-10-03T23:40:32.733+0000][55.907s][info][gc,reloc    ] GC(3) Y: Using tenuring threshold: 4 (Computed)
[2026-10-03T23:40:32.734+0000][55.908s][info][gc,phases   ] GC(3) Y: Concurrent Select Relocation Set 1.074ms
[2026-10-03T23:40:32.734+0000][55.908s][info][gc,phases   ] GC(3) Y: Pause Relocate Start 0.005ms
[2026-10-03T23:40:32.775+0000][55.949s][info][gc,phases   ] GC(3) Y: Concurrent Relocate 40.934ms
[2026-10-03T23:40:32.775+0000][55.949s][info][gc,alloc    ] GC(3) Y:                         Mark Start        Mark End      Relocate Start    Relocate End   
[2026-10-03T23:40:32.775+0000][55.949s][info][gc,alloc    ] GC(3) Y: Allocation Stalls:          0                0                0                0         
[2026-10-03T23:40:32.775+0000][55.949s][info][gc,load     ] GC(3) Y: Load: 0.55 (11%) / 0.89 (18%) / 0.79 (16%)
[2026-10-03T23:40:32.775+0000][55.949s][info][gc,mmu      ] GC(3) Y: MMU: 2ms/99.1%, 5ms/99.6%, 10ms/99.8%, 20ms/99.9%, 50ms/99.9%, 100ms/99.9%
[2026-10-03T23:40:32.775+0000][55.949s][info][gc,marking  ] GC(3) Y: Mark: 1 stripe(s), 2 proactive flush(es), 1 terminate flush(es), 0 completion(s), 0 continuation(s) 
[2026-10-03T23:40:32.775+0000][55.949s][info][gc,nmethod  ] GC(3) Y: NMethods: 7137 registered, 503 unregistered
[2026-10-03T23:40:32.775+0000][55.949s][info][gc,metaspace] GC(3) Y: Metaspace: 52M used, 52M committed, 1088M reserved
[2026-10-03T23:40:32.775+0000][55.949s][info][gc,reloc    ] GC(3) Y:                        Candidates     Selected     In-Place         Size        Empty    Relocated 
[2026-10-03T23:40:32.775+0000][55.949s][info][gc,reloc    ] GC(3) Y: Small Pages:                  254          198            0         508M           0M          26M 
[2026-10-03T23:40:32.775+0000][55.949s][info][gc,reloc    ] GC(3) Y: Medium Pages:                   3            2            0          96M           0M           3M 
[2026-10-03T23:40:32.775+0000][55.949s][info][gc,reloc    ] GC(3) Y: Large Pages:                    1            0            0          12M           0M           0M 
[2026-10-03T23:40:32.775+0000][55.949s][info][gc,reloc    ] GC(3) Y: Forwarding Usage: 11M
[2026-10-03T23:40:32.775+0000][55.949s][info][gc,reloc    ] GC(3) Y: Age Table:
[2026-10-03T23:40:32.775+0000][55.949s][info][gc,reloc    ] GC(3) Y:                    Live             Garbage             Small              Medium             Large        
[2026-10-03T23:40:32.775+0000][55.949s][info][gc,reloc    ] GC(3) Y: Eden              27M (1%)          386M (13%)        207 / 192            0 / 0              0 / 0        
[2026-10-03T23:40:32.775+0000][55.949s][info][gc,reloc    ] GC(3) Y: Survivor 1        47M (2%)           38M (1%)          21 / 2              1 / 1              1 / 0        
[2026-10-03T23:40:32.775+0000][55.949s][info][gc,reloc    ] GC(3) Y: Survivor 2        22M (1%)           37M (1%)          14 / 1              1 / 0              0 / 0        
[2026-10-03T23:40:32.775+0000][55.949s][info][gc,reloc    ] GC(3) Y: Survivor 3        21M (1%)           34M (1%)          12 / 3              1 / 1              0 / 0        
[2026-10-03T23:40:32.775+0000][55.949s][info][gc,heap     ] GC(3) Y: Min Capacity: 512M(17%)
[2026-10-03T23:40:32.775+0000][55.949s][info][gc,heap     ] GC(3) Y: Max Capacity: 3072M(100%)
[2026-10-03T23:40:32.775+0000][55.949s][info][gc,heap     ] GC(3) Y: Soft Max Capacity: 3072M(100%)
[2026-10-03T23:40:32.775+0000][55.949s][info][gc,heap     ] GC(3) Y: Heap Statistics:
[2026-10-03T23:40:32.775+0000][55.949s][info][gc,heap     ] GC(3) Y:                Mark Start          Mark End        Relocate Start      Relocate End           High               Low         
[2026-10-03T23:40:32.775+0000][55.949s][info][gc,heap     ] GC(3) Y:  Capacity:      656M (21%)         684M (22%)         684M (22%)         724M (24%)         724M (24%)         656M (21%)    
[2026-10-03T23:40:32.775+0000][55.949s][info][gc,heap     ] GC(3) Y:      Free:     2456M (80%)        2388M (78%)        2388M (78%)        2766M (90%)        2766M (90%)        2348M (76%)    
[2026-10-03T23:40:32.775+0000][55.949s][info][gc,heap     ] GC(3) Y:      Used:      616M (20%)         684M (22%)         684M (22%)         306M (10%)         724M (24%)         306M (10%)    
[2026-10-03T23:40:32.775+0000][55.949s][info][gc,heap     ] GC(3) Y: Young Generation Statistics:
[2026-10-03T23:40:32.775+0000][55.949s][info][gc,heap     ] GC(3) Y:                Mark Start          Mark End        Relocate Start      Relocate End    
[2026-10-03T23:40:32.775+0000][55.949s][info][gc,heap     ] GC(3) Y:      Used:      616M (20%)         684M (22%)         684M (22%)         306M (10%)    
[2026-10-03T23:40:32.775+0000][55.949s][info][gc,heap     ] GC(3) Y:      Live:         -               118M (4%)          118M (4%)          118M (4%)     
[2026-10-03T23:40:32.775+0000][55.949s][info][gc,heap     ] GC(3) Y:   Garbage:         -               497M (16%)         497M (16%)           5M (0%)     
[2026-10-03T23:40:32.775+0000][55.949s][info][gc,heap     ] GC(3) Y: Allocated:         -                68M (2%)           68M (2%)          182M (6%)     
[2026-10-03T23:40:32.775+0000][55.949s][info][gc,heap     ] GC(3) Y: Reclaimed:         -                  -                 0M (0%)          492M (16%)    
[2026-10-03T23:40:32.775+0000][55.949s][info][gc,heap     ] GC(3) Y:  Promoted:         -                  -                 0M (0%)            0M (0%)     
[2026-10-03T23:40:32.775+0000][55.949s][info][gc,heap     ] GC(3) Y: Compacted:         -                  -                  -                33M (1%)     
[2026-10-03T23:40:32.775+0000][55.949s][info][gc,phases   ] GC(3) Y: Young Generation 616M(20%)->306M(10%) 0.283s
[2026-10-03T23:40:32.776+0000][55.949s][info][gc,phases   ] GC(3) O: Old Generation
[2026-10-03T23:40:32.776+0000][55.950s][info][gc,phases   ] GC(3) O: Concurrent Mark 0.259ms
[2026-10-03T23:40:32.776+0000][55.950s][info][gc,phases   ] GC(3) O: Pause Mark End 0.011ms
[2026-10-03T23:40:32.776+0000][55.950s][info][gc,phases   ] GC(3) O: Concurrent Mark Free 0.000ms
[2026-10-03T23:40:32.788+0000][55.962s][info][gc,phases   ] GC(3) O: Concurrent Process Non-Strong 12.426ms
[2026-10-03T23:40:32.788+0000][55.962s][info][gc,phases   ] GC(3) O: Concurrent Reset Relocation Set 0.000ms
[2026-10-03T23:40:32.789+0000][55.963s][info][gc,phases   ] GC(3) O: Concurrent Select Relocation Set 0.239ms
[2026-10-03T23:40:32.789+0000][55.963s][info][gc,task     ] GC(3) O: Using 1 Workers for Old Generation
[2026-10-03T23:40:32.792+0000][55.966s][info][gc,task     ] GC(3) O: Using 1 Workers for Old Generation
[2026-10-03T23:40:32.792+0000][55.966s][info][gc,phases   ] GC(3) O: Concurrent Remap Roots 3.288ms
[2026-10-03T23:40:32.792+0000][55.966s][info][gc,phases   ] GC(3) O: Pause Relocate Start 0.008ms
[2026-10-03T23:40:32.792+0000][55.966s][info][gc,phases   ] GC(3) O: Concurrent Relocate 0.012ms
[2026-10-03T23:40:32.792+0000][55.966s][info][gc,alloc    ] GC(3) O:                         Mark Start        Mark End      Relocate Start    Relocate End   
[2026-10-03T23:40:32.792+0000][55.966s][info][gc,alloc    ] GC(3) O: Allocation Stalls:          0                0                0                0         
[2026-10-03T23:40:32.792+0000][55.966s][info][gc,load     ] GC(3) O: Load: 0.55 (11%) / 0.89 (18%) / 0.79 (16%)
[2026-10-03T23:40:32.792+0000][55.966s][info][gc,mmu      ] GC(3) O: MMU: 2ms/99.1%, 5ms/99.6%, 10ms/99.8%, 20ms/99.9%, 50ms/99.9%, 100ms/99.9%
[2026-10-03T23:40:32.792+0000][55.966s][info][gc,marking  ] GC(3) O: Mark: 1 stripe(s), 1 proactive flush(es), 1 terminate flush(es), 0 completion(s), 0 continuation(s) 
[2026-10-03T23:40:32.792+0000][55.966s][info][gc,nmethod  ] GC(3) O: NMethods: 6412 registered, 1239 unregistered
[2026-10-03T23:40:32.792+0000][55.966s][info][gc,metaspace] GC(3) O: Metaspace: 52M used, 52M committed, 1088M reserved
[2026-10-03T23:40:32.792+0000][55.966s][info][gc,ref      ] GC(3) O:                       Encountered   Discovered     Enqueued 
[2026-10-03T23:40:32.792+0000][55.966s][info][gc,ref      ] GC(3) O: Soft References:             3484            0            0 
[2026-10-03T23:40:32.792+0000][55.966s][info][gc,ref      ] GC(3) O: Weak References:            13011            0            0 
[2026-10-03T23:40:32.792+0000][55.966s][info][gc,ref      ] GC(3) O: Final References:              34            0            0 
[2026-10-03T23:40:32.792+0000][55.966s][info][gc,ref      ] GC(3) O: Phantom References:           687            0            0 
[2026-10-03T23:40:32.792+0000][55.966s][info][gc,heap     ] GC(3) O: Min Capacity: 512M(17%)
[2026-10-03T23:40:32.792+0000][55.966s][info][gc,heap     ] GC(3) O: Max Capacity: 3072M(100%)
[2026-10-03T23:40:32.792+0000][55.966s][info][gc,heap     ] GC(3) O: Soft Max Capacity: 3072M(100%)
[2026-10-03T23:40:32.792+0000][55.966s][info][gc,heap     ] GC(3) O: Heap Statistics:
[2026-10-03T23:40:32.792+0000][55.966s][info][gc,heap     ] GC(3) O:                Mark Start          Mark End        Relocate Start      Relocate End           High               Low         
[2026-10-03T23:40:32.792+0000][55.966s][info][gc,heap     ] GC(3) O:  Capacity:      656M (21%)         724M (24%)         724M (24%)         724M (24%)         724M (24%)         656M (21%)    
[2026-10-03T23:40:32.792+0000][55.966s][info][gc,heap     ] GC(3) O:      Free:     2456M (80%)        2766M (90%)        2764M (90%)        2764M (90%)        2766M (90%)        2348M (76%)    
[2026-10-03T23:40:32.792+0000][55.966s][info][gc,heap     ] GC(3) O:      Used:      616M (20%)         306M (10%)         308M (10%)         308M (10%)         724M (24%)         306M (10%)    
[2026-10-03T23:40:32.792+0000][55.966s][info][gc,heap     ] GC(3) O: Old Generation Statistics:
[2026-10-03T23:40:32.792+0000][55.966s][info][gc,heap     ] GC(3) O:                Mark Start          Mark End        Relocate Start      Relocate End    
[2026-10-03T23:40:32.792+0000][55.966s][info][gc,heap     ] GC(3) O:      Used:        0M (0%)            0M (0%)            0M (0%)            0M (0%)     
[2026-10-03T23:40:32.792+0000][55.966s][info][gc,heap     ] GC(3) O:      Live:         -                 0M (0%)            0M (0%)            0M (0%)     
[2026-10-03T23:40:32.792+0000][55.966s][info][gc,heap     ] GC(3) O:   Garbage:         -                 0M (0%)            0M (0%)            0M (0%)     
[2026-10-03T23:40:32.792+0000][55.966s][info][gc,heap     ] GC(3) O: Allocated:         -                 0M (0%)            0M (0%)            0M (0%)     
[2026-10-03T23:40:32.792+0000][55.966s][info][gc,heap     ] GC(3) O: Reclaimed:         -                  -                 0M (0%)            0M (0%)     
[2026-10-03T23:40:32.792+0000][55.966s][info][gc,heap     ] GC(3) O: Compacted:         -                  -                  -                 0M (0%)     
[2026-10-03T23:40:32.792+0000][55.966s][info][gc,phases   ] GC(3) O: Old Generation 306M(10%)->308M(10%) 0.017s
[2026-10-03T23:40:32.792+0000][55.966s][info][gc          ] GC(3) Major Collection (Warmup) 616M(20%)->308M(10%) 0.300s
[2026-10-03T23:40:35.347+0000][58.521s][info][gc          ] GC(4) Major Collection (Warmup)
[2026-10-03T23:40:35.347+0000][58.521s][info][gc,task     ] GC(4) Using 1 Workers for Young Generation
[2026-10-03T23:40:35.347+0000][58.521s][info][gc,task     ] GC(4) Using 1 Workers for Old Generation
[2026-10-03T23:40:35.347+0000][58.521s][info][gc,phases   ] GC(4) Y: Young Generation
[2026-10-03T23:40:35.347+0000][58.521s][info][gc,phases   ] GC(4) Y: Pause Mark Start (Major) 0.011ms
[2026-10-03T23:40:35.696+0000][58.870s][info][gc,phases   ] GC(4) Y: Concurrent Mark 349.121ms
[2026-10-03T23:40:35.696+0000][58.870s][info][gc,phases   ] GC(4) Y: Pause Mark End 0.013ms
[2026-10-03T23:40:35.696+0000][58.870s][info][gc,phases   ] GC(4) Y: Concurrent Mark Free 0.001ms
[2026-10-03T23:40:35.696+0000][58.870s][info][gc,phases   ] GC(4) Y: Concurrent Reset Relocation Set 0.011ms
[2026-10-03T23:40:35.696+0000][58.870s][info][gc,reloc    ] GC(4) Y: Using tenuring threshold: 3 (Computed)
[2026-10-03T23:40:35.717+0000][58.891s][info][gc,phases   ] GC(4) Y: Concurrent Select Relocation Set 20.371ms
[2026-10-03T23:40:35.717+0000][58.891s][info][gc,phases   ] GC(4) Y: Pause Relocate Start 0.010ms
[2026-10-03T23:40:35.808+0000][58.982s][info][gc,phases   ] GC(4) Y: Concurrent Relocate 91.215ms
[2026-10-03T23:40:35.808+0000][58.982s][info][gc,alloc    ] GC(4) Y:                         Mark Start        Mark End      Relocate Start    Relocate End   
[2026-10-03T23:40:35.808+0000][58.982s][info][gc,alloc    ] GC(4) Y: Allocation Stalls:          0                0                0                0         
[2026-10-03T23:40:35.808+0000][58.982s][info][gc,load     ] GC(4) Y: Load: 0.90 (18%) / 0.96 (19%) / 0.82 (16%)
[2026-10-03T23:40:35.808+0000][58.982s][info][gc,mmu      ] GC(4) Y: MMU: 2ms/99.1%, 5ms/99.6%, 10ms/99.8%, 20ms/99.9%, 50ms/99.9%, 100ms/99.9%
[2026-10-03T23:40:35.808+0000][58.982s][info][gc,marking  ] GC(4) Y: Mark: 1 stripe(s), 2 proactive flush(es), 1 terminate flush(es), 0 completion(s), 0 continuation(s) 
[2026-10-03T23:40:35.808+0000][58.982s][info][gc,nmethod  ] GC(4) Y: NMethods: 9016 registered, 1239 unregistered
[2026-10-03T23:40:35.808+0000][58.982s][info][gc,metaspace] GC(4) Y: Metaspace: 89M used, 90M committed, 1152M reserved
[2026-10-03T23:40:35.808+0000][58.982s][info][gc,reloc    ] GC(4) Y:                        Candidates     Selected     In-Place         Size        Empty    Relocated 
[2026-10-03T23:40:35.808+0000][58.982s][info][gc,reloc    ] GC(4) Y: Small Pages:                  399          319            0         798M           0M          39M 
[2026-10-03T23:40:35.808+0000][58.982s][info][gc,reloc    ] GC(4) Y: Medium Pages:                   4            3            0         112M           0M           5M 
[2026-10-03T23:40:35.808+0000][58.982s][info][gc,reloc    ] GC(4) Y: Large Pages:                    1            0            0          12M           0M           0M 
[2026-10-03T23:40:35.808+0000][58.982s][info][gc,reloc    ] GC(4) Y: Forwarding Usage: 21M
[2026-10-03T23:40:35.808+0000][58.982s][info][gc,reloc    ] GC(4) Y: Age Table:
[2026-10-03T23:40:35.808+0000][58.982s][info][gc,reloc    ] GC(4) Y:                    Live             Garbage             Small              Medium             Large        
[2026-10-03T23:40:35.808+0000][58.982s][info][gc,reloc    ] GC(4) Y: Eden              45M (1%)          644M (21%)        337 / 311            1 / 1              0 / 0        
[2026-10-03T23:40:35.808+0000][58.982s][info][gc,reloc    ] GC(4) Y: Survivor 1        26M (1%)            3M (0%)          15 / 2              0 / 0              0 / 0        
[2026-10-03T23:40:35.808+0000][58.982s][info][gc,reloc    ] GC(4) Y: Survivor 2        46M (2%)           39M (1%)          21 / 2              1 / 0              1 / 0        
[2026-10-03T23:40:35.808+0000][58.982s][info][gc,reloc    ] GC(4) Y: Survivor 3        21M (1%)           38M (1%)          14 / 1              1 / 1              0 / 0        
[2026-10-03T23:40:35.808+0000][58.982s][info][gc,reloc    ] GC(4) Y: Survivor 4        21M (1%)           34M (1%)          12 / 3              1 / 1              0 / 0        
[2026-10-03T23:40:35.808+0000][58.982s][info][gc,heap     ] GC(4) Y: Min Capacity: 512M(17%)
[2026-10-03T23:40:35.808+0000][58.982s][info][gc,heap     ] GC(4) Y: Max Capacity: 3072M(100%)
[2026-10-03T23:40:35.808+0000][58.982s][info][gc,heap     ] GC(4) Y: Soft Max Capacity: 3072M(100%)
[2026-10-03T23:40:35.808+0000][58.982s][info][gc,heap     ] GC(4) Y: Heap Statistics:
[2026-10-03T23:40:35.808+0000][58.982s][info][gc,heap     ] GC(4) Y:                Mark Start          Mark End        Relocate Start      Relocate End           High               Low         
[2026-10-03T23:40:35.808+0000][58.982s][info][gc,heap     ] GC(4) Y:  Capacity:      922M (30%)        1012M (33%)        1018M (33%)        1058M (34%)        1058M (34%)         922M (30%)    
[2026-10-03T23:40:35.808+0000][58.982s][info][gc,heap     ] GC(4) Y:      Free:     2150M (70%)        2060M (67%)        2054M (67%)        2700M (88%)        2706M (88%)        2014M (66%)    
[2026-10-03T23:40:35.808+0000][58.982s][info][gc,heap     ] GC(4) Y:      Used:      922M (30%)        1012M (33%)        1018M (33%)         372M (12%)        1058M (34%)         366M (12%)    
[2026-10-03T23:40:35.808+0000][58.982s][info][gc,heap     ] GC(4) Y: Young Generation Statistics:
[2026-10-03T23:40:35.808+0000][58.982s][info][gc,heap     ] GC(4) Y:                Mark Start          Mark End        Relocate Start      Relocate End    
[2026-10-03T23:40:35.808+0000][58.982s][info][gc,heap     ] GC(4) Y:      Used:      922M (30%)        1012M (33%)         976M (32%)         290M (9%)     
[2026-10-03T23:40:35.808+0000][58.982s][info][gc,heap     ] GC(4) Y:      Live:         -               161M (5%)          124M (4%)          119M (4%)     
[2026-10-03T23:40:35.808+0000][58.982s][info][gc,heap     ] GC(4) Y:   Garbage:         -               760M (25%)         755M (25%)           4M (0%)     
[2026-10-03T23:40:35.808+0000][58.982s][info][gc,heap     ] GC(4) Y: Allocated:         -                90M (3%)           96M (3%)          166M (5%)     
[2026-10-03T23:40:35.808+0000][58.982s][info][gc,heap     ] GC(4) Y: Reclaimed:         -                  -                 4M (0%)          756M (25%)    
[2026-10-03T23:40:35.808+0000][58.982s][info][gc,heap     ] GC(4) Y:  Promoted:         -                  -                37M (1%)           42M (1%)     
[2026-10-03T23:40:35.808+0000][58.982s][info][gc,heap     ] GC(4) Y: Compacted:         -                  -                  -                47M (2%)     
[2026-10-03T23:40:35.808+0000][58.982s][info][gc,phases   ] GC(4) Y: Young Generation 922M(30%)->372M(12%) 0.461s
[2026-10-03T23:40:35.808+0000][58.982s][info][gc,phases   ] GC(4) O: Old Generation
[2026-10-03T23:40:35.809+0000][58.983s][info][gc,phases   ] GC(4) O: Concurrent Mark 0.460ms
[2026-10-03T23:40:35.809+0000][58.983s][info][gc,phases   ] GC(4) O: Pause Mark End 0.012ms
[2026-10-03T23:40:35.812+0000][58.986s][info][gc,phases   ] GC(4) O: Concurrent Mark Free 0.001ms
[2026-10-03T23:40:35.846+0000][59.020s][info][gc,phases   ] GC(4) O: Concurrent Process Non-Strong 34.195ms
[2026-10-03T23:40:35.846+0000][59.020s][info][gc,phases   ] GC(4) O: Concurrent Reset Relocation Set 0.000ms
[2026-10-03T23:40:35.849+0000][59.022s][info][gc,phases   ] GC(4) O: Concurrent Select Relocation Set 2.119ms
[2026-10-03T23:40:35.849+0000][59.022s][info][gc,task     ] GC(4) O: Using 1 Workers for Old Generation
[2026-10-03T23:40:35.858+0000][59.032s][info][gc,task     ] GC(4) O: Using 1 Workers for Old Generation
[2026-10-03T23:40:35.858+0000][59.032s][info][gc,phases   ] GC(4) O: Concurrent Remap Roots 9.748ms
[2026-10-03T23:40:35.858+0000][59.032s][info][gc,phases   ] GC(4) O: Pause Relocate Start 0.008ms
[2026-10-03T23:40:35.860+0000][59.034s][info][gc,phases   ] GC(4) O: Concurrent Relocate 1.202ms
[2026-10-03T23:40:35.860+0000][59.034s][info][gc,alloc    ] GC(4) O:                         Mark Start        Mark End      Relocate Start    Relocate End   
[2026-10-03T23:40:35.860+0000][59.034s][info][gc,alloc    ] GC(4) O: Allocation Stalls:          0                0                0                0         
[2026-10-03T23:40:35.860+0000][59.034s][info][gc,load     ] GC(4) O: Load: 0.90 (18%) / 0.96 (19%) / 0.82 (16%)
[2026-10-03T23:40:35.860+0000][59.034s][info][gc,mmu      ] GC(4) O: MMU: 2ms/99.1%, 5ms/99.6%, 10ms/99.8%, 20ms/99.9%, 50ms/99.9%, 100ms/99.9%
[2026-10-03T23:40:35.860+0000][59.034s][info][gc,marking  ] GC(4) O: Mark: 1 stripe(s), 1 proactive flush(es), 1 terminate flush(es), 0 completion(s), 0 continuation(s) 
[2026-10-03T23:40:35.860+0000][59.034s][info][gc,nmethod  ] GC(4) O: NMethods: 8282 registered, 2033 unregistered
[2026-10-03T23:40:35.860+0000][59.034s][info][gc,metaspace] GC(4) O: Metaspace: 89M used, 90M committed, 1152M reserved
[2026-10-03T23:40:35.860+0000][59.034s][info][gc,ref      ] GC(4) O:                       Encountered   Discovered     Enqueued 
[2026-10-03T23:40:35.860+0000][59.034s][info][gc,ref      ] GC(4) O: Soft References:             3882            0            0 
[2026-10-03T23:40:35.860+0000][59.034s][info][gc,ref      ] GC(4) O: Weak References:            29322            0            0 
[2026-10-03T23:40:35.860+0000][59.034s][info][gc,ref      ] GC(4) O: Final References:              36            0            0 
[2026-10-03T23:40:35.860+0000][59.034s][info][gc,ref      ] GC(4) O: Phantom References:           698            0            0 
[2026-10-03T23:40:35.860+0000][59.034s][info][gc,heap     ] GC(4) O: Min Capacity: 512M(17%)
[2026-10-03T23:40:35.860+0000][59.034s][info][gc,heap     ] GC(4) O: Max Capacity: 3072M(100%)
[2026-10-03T23:40:35.860+0000][59.034s][info][gc,heap     ] GC(4) O: Soft Max Capacity: 3072M(100%)
[2026-10-03T23:40:35.860+0000][59.034s][info][gc,heap     ] GC(4) O: Heap Statistics:
[2026-10-03T23:40:35.860+0000][59.034s][info][gc,heap     ] GC(4) O:                Mark Start          Mark End        Relocate Start      Relocate End           High               Low         
[2026-10-03T23:40:35.860+0000][59.034s][info][gc,heap     ] GC(4) O:  Capacity:      922M (30%)        1058M (34%)        1058M (34%)        1058M (34%)        1058M (34%)         922M (30%)    
[2026-10-03T23:40:35.860+0000][59.034s][info][gc,heap     ] GC(4) O:      Free:     2150M (70%)        2700M (88%)        2694M (88%)        2694M (88%)        2706M (88%)        2014M (66%)    
[2026-10-03T23:40:35.860+0000][59.034s][info][gc,heap     ] GC(4) O:      Used:      922M (30%)         372M (12%)         378M (12%)         378M (12%)        1058M (34%)         366M (12%)    
[2026-10-03T23:40:35.860+0000][59.034s][info][gc,heap     ] GC(4) O: Old Generation Statistics:
[2026-10-03T23:40:35.860+0000][59.034s][info][gc,heap     ] GC(4) O:                Mark Start          Mark End        Relocate Start      Relocate End    
[2026-10-03T23:40:35.860+0000][59.034s][info][gc,heap     ] GC(4) O:      Used:        0M (0%)           82M (3%)           82M (3%)           82M (3%)     
[2026-10-03T23:40:35.860+0000][59.034s][info][gc,heap     ] GC(4) O:      Live:         -                 0M (0%)            0M (0%)            0M (0%)     
[2026-10-03T23:40:35.860+0000][59.034s][info][gc,heap     ] GC(4) O:   Garbage:         -                 0M (0%)            0M (0%)            0M (0%)     
[2026-10-03T23:40:35.860+0000][59.034s][info][gc,heap     ] GC(4) O: Allocated:         -                82M (3%)           82M (3%)           82M (3%)     
[2026-10-03T23:40:35.860+0000][59.034s][info][gc,heap     ] GC(4) O: Reclaimed:         -                  -                 0M (0%)            0M (0%)     
[2026-10-03T23:40:35.860+0000][59.034s][info][gc,heap     ] GC(4) O: Compacted:         -                  -                  -                 0M (0%)     
[2026-10-03T23:40:35.860+0000][59.034s][info][gc,phases   ] GC(4) O: Old Generation 372M(12%)->378M(12%) 0.052s
[2026-10-03T23:40:35.860+0000][59.034s][info][gc          ] GC(4) Major Collection (Warmup) 922M(30%)->378M(12%) 0.514s
[2026-10-03T23:40:40.704+0000][63.878s][info][gc          ] GC(5) Minor Collection (Allocation Rate)
[2026-10-03T23:40:40.704+0000][63.878s][info][gc,task     ] GC(5) Using 1 Workers for Young Generation
[2026-10-03T23:40:40.704+0000][63.878s][info][gc,phases   ] GC(5) y: Young Generation
[2026-10-03T23:40:40.708+0000][63.882s][info][gc,phases   ] GC(5) y: Pause Mark Start 0.010ms
[2026-10-03T23:40:41.385+0000][64.559s][info][gc,phases   ] GC(5) y: Concurrent Mark 673.423ms
[2026-10-03T23:40:41.385+0000][64.559s][info][gc,phases   ] GC(5) y: Pause Mark End 0.012ms
[2026-10-03T23:40:41.385+0000][64.559s][info][gc,phases   ] GC(5) y: Concurrent Mark Free 0.001ms
[2026-10-03T23:40:41.385+0000][64.559s][info][gc,phases   ] GC(5) y: Concurrent Reset Relocation Set 0.036ms
[2026-10-03T23:40:41.385+0000][64.559s][info][gc,reloc    ] GC(5) y: Using tenuring threshold: 4 (Computed)
[2026-10-03T23:40:41.387+0000][64.561s][info][gc,phases   ] GC(5) y: Concurrent Select Relocation Set 1.445ms
[2026-10-03T23:40:41.387+0000][64.561s][info][gc,phases   ] GC(5) y: Pause Relocate Start 0.006ms
[2026-10-03T23:40:41.453+0000][64.627s][info][gc,phases   ] GC(5) y: Concurrent Relocate 65.955ms
[2026-10-03T23:40:41.453+0000][64.627s][info][gc,alloc    ] GC(5) y:                         Mark Start        Mark End      Relocate Start    Relocate End   
[2026-10-03T23:40:41.453+0000][64.627s][info][gc,alloc    ] GC(5) y: Allocation Stalls:          0                0                0                0         
[2026-10-03T23:40:41.453+0000][64.627s][info][gc,load     ] GC(5) y: Load: 0.99 (20%) / 0.97 (19%) / 0.82 (16%)
[2026-10-03T23:40:41.453+0000][64.627s][info][gc,mmu      ] GC(5) y: MMU: 2ms/99.1%, 5ms/99.6%, 10ms/99.8%, 20ms/99.9%, 50ms/99.9%, 100ms/99.9%
[2026-10-03T23:40:41.453+0000][64.627s][info][gc,marking  ] GC(5) y: Mark: 1 stripe(s), 2 proactive flush(es), 1 terminate flush(es), 0 completion(s), 0 continuation(s) 
[2026-10-03T23:40:41.453+0000][64.627s][info][gc,nmethod  ] GC(5) y: NMethods: 13378 registered, 0 unregistered
[2026-10-03T23:40:41.453+0000][64.627s][info][gc,metaspace] GC(5) y: Metaspace: 108M used, 109M committed, 1152M reserved
[2026-10-03T23:40:41.453+0000][64.627s][info][gc,reloc    ] GC(5) y:                        Candidates     Selected     In-Place         Size        Empty    Relocated 
[2026-10-03T23:40:41.453+0000][64.627s][info][gc,reloc    ] GC(5) y: Small Pages:                  647          546            0        1294M          32M          38M 
[2026-10-03T23:40:41.453+0000][64.627s][info][gc,reloc    ] GC(5) y: Medium Pages:                   3            2            0          80M           0M           3M 
[2026-10-03T23:40:41.453+0000][64.627s][info][gc,reloc    ] GC(5) y: Large Pages:                    1            0            0          12M           0M           0M 
[2026-10-03T23:40:41.453+0000][64.627s][info][gc,reloc    ] GC(5) y: Forwarding Usage: 20M
[2026-10-03T23:40:41.453+0000][64.627s][info][gc,reloc    ] GC(5) y: Age Table:
[2026-10-03T23:40:41.453+0000][64.627s][info][gc,reloc    ] GC(5) y:                    Live             Garbage             Small              Medium             Large        
[2026-10-03T23:40:41.453+0000][64.627s][info][gc,reloc    ] GC(5) y: Eden              54M (2%)         1151M (37%)        587 / 541            1 / 1              0 / 0        
[2026-10-03T23:40:41.453+0000][64.627s][info][gc,reloc    ] GC(5) y: Survivor 1        44M (1%)           21M (1%)          25 / 3              1 / 1              0 / 0        
[2026-10-03T23:40:41.453+0000][64.627s][info][gc,reloc    ] GC(5) y: Survivor 2        26M (1%)            3M (0%)          15 / 1              0 / 0              0 / 0        
[2026-10-03T23:40:41.453+0000][64.627s][info][gc,reloc    ] GC(5) y: Survivor 3        45M (1%)           38M (1%)          20 / 1              1 / 0              1 / 0        
[2026-10-03T23:40:41.453+0000][64.627s][info][gc,heap     ] GC(5) y: Min Capacity: 512M(17%)
[2026-10-03T23:40:41.453+0000][64.627s][info][gc,heap     ] GC(5) y: Max Capacity: 3072M(100%)
[2026-10-03T23:40:41.453+0000][64.627s][info][gc,heap     ] GC(5) y: Soft Max Capacity: 3072M(100%)
[2026-10-03T23:40:41.453+0000][64.627s][info][gc,heap     ] GC(5) y: Heap Statistics:
[2026-10-03T23:40:41.453+0000][64.627s][info][gc,heap     ] GC(5) y:                Mark Start          Mark End        Relocate Start      Relocate End           High               Low         
[2026-10-03T23:40:41.453+0000][64.627s][info][gc,heap     ] GC(5) y:  Capacity:     1468M (48%)        1504M (49%)        1504M (49%)        1568M (51%)        1568M (51%)        1468M (48%)    
[2026-10-03T23:40:41.453+0000][64.627s][info][gc,heap     ] GC(5) y:      Free:     1604M (52%)        1568M (51%)        1600M (52%)        2672M (87%)        2672M (87%)        1560M (51%)    
[2026-10-03T23:40:41.453+0000][64.627s][info][gc,heap     ] GC(5) y:      Used:     1468M (48%)        1504M (49%)        1472M (48%)         400M (13%)        1512M (49%)         400M (13%)    
[2026-10-03T23:40:41.453+0000][64.627s][info][gc,heap     ] GC(5) y: Young Generation Statistics:
[2026-10-03T23:40:41.453+0000][64.627s][info][gc,heap     ] GC(5) y:                Mark Start          Mark End        Relocate Start      Relocate End    
[2026-10-03T23:40:41.453+0000][64.627s][info][gc,heap     ] GC(5) y:      Used:     1386M (45%)        1422M (46%)        1390M (45%)         318M (10%)    
[2026-10-03T23:40:41.453+0000][64.627s][info][gc,heap     ] GC(5) y:      Live:         -               171M (6%)          171M (6%)          171M (6%)     
[2026-10-03T23:40:41.453+0000][64.627s][info][gc,heap     ] GC(5) y:   Garbage:         -              1214M (40%)        1182M (38%)           7M (0%)     
[2026-10-03T23:40:41.453+0000][64.627s][info][gc,heap     ] GC(5) y: Allocated:         -                36M (1%)           36M (1%)          138M (5%)     
[2026-10-03T23:40:41.453+0000][64.627s][info][gc,heap     ] GC(5) y: Reclaimed:         -                  -                32M (1%)         1206M (39%)    
[2026-10-03T23:40:41.453+0000][64.627s][info][gc,heap     ] GC(5) y:  Promoted:         -                  -                 0M (0%)            0M (0%)     
[2026-10-03T23:40:41.453+0000][64.627s][info][gc,heap     ] GC(5) y: Compacted:         -                  -                  -                51M (2%)     
[2026-10-03T23:40:41.453+0000][64.627s][info][gc,phases   ] GC(5) y: Young Generation 1468M(48%)->400M(13%) 0.749s
[2026-10-03T23:40:41.453+0000][64.627s][info][gc          ] GC(5) Minor Collection (Allocation Rate) 1468M(48%)->400M(13%) 0.749s
[2026-10-03T23:40:42.270+0000][65.444s][info][gc          ] GC(6) Minor Collection (Allocation Rate)
[2026-10-03T23:40:42.270+0000][65.444s][info][gc,task     ] GC(6) Using 1 Workers for Young Generation
[2026-10-03T23:40:42.270+0000][65.444s][info][gc,phases   ] GC(6) y: Young Generation
[2026-10-03T23:40:42.271+0000][65.445s][info][gc,phases   ] GC(6) y: Pause Mark Start 0.012ms
[2026-10-03T23:40:42.634+0000][65.807s][info][gc,phases   ] GC(6) y: Concurrent Mark 362.270ms
[2026-10-03T23:40:42.634+0000][65.808s][info][gc,phases   ] GC(6) y: Pause Mark End 0.013ms
[2026-10-03T23:40:42.634+0000][65.808s][info][gc,phases   ] GC(6) y: Concurrent Mark Free 0.001ms
[2026-10-03T23:40:42.634+0000][65.808s][info][gc,phases   ] GC(6) y: Concurrent Reset Relocation Set 0.025ms
[2026-10-03T23:40:42.634+0000][65.808s][info][gc,reloc    ] GC(6) y: Using tenuring threshold: 1 (Computed)
[2026-10-03T23:40:42.711+0000][65.885s][info][gc,phases   ] GC(6) y: Concurrent Select Relocation Set 77.285ms
[2026-10-03T23:40:42.711+0000][65.885s][info][gc,phases   ] GC(6) y: Pause Relocate Start 0.008ms
[2026-10-03T23:40:42.846+0000][66.020s][info][gc,phases   ] GC(6) y: Concurrent Relocate 134.568ms
[2026-10-03T23:40:42.846+0000][66.020s][info][gc,alloc    ] GC(6) y:                         Mark Start        Mark End      Relocate Start    Relocate End   
[2026-10-03T23:40:42.846+0000][66.020s][info][gc,alloc    ] GC(6) y: Allocation Stalls:          0                0                0                0         
[2026-10-03T23:40:42.846+0000][66.020s][info][gc,load     ] GC(6) y: Load: 0.99 (20%) / 0.97 (19%) / 0.82 (16%)
[2026-10-03T23:40:42.846+0000][66.020s][info][gc,mmu      ] GC(6) y: MMU: 2ms/99.1%, 5ms/99.6%, 10ms/99.8%, 20ms/99.9%, 50ms/99.9%, 100ms/99.9%
[2026-10-03T23:40:42.846+0000][66.020s][info][gc,marking  ] GC(6) y: Mark: 1 stripe(s), 2 proactive flush(es), 1 terminate flush(es), 0 completion(s), 0 continuation(s) 
[2026-10-03T23:40:42.846+0000][66.020s][info][gc,nmethod  ] GC(6) y: NMethods: 14671 registered, 0 unregistered
[2026-10-03T23:40:42.846+0000][66.020s][info][gc,metaspace] GC(6) y: Metaspace: 119M used, 120M committed, 1152M reserved
[2026-10-03T23:40:42.846+0000][66.020s][info][gc,reloc    ] GC(6) y:                        Candidates     Selected     In-Place         Size        Empty    Relocated 
[2026-10-03T23:40:42.846+0000][66.020s][info][gc,reloc    ] GC(6) y: Small Pages:                  179           90            0         358M           8M           6M 
[2026-10-03T23:40:42.846+0000][66.020s][info][gc,reloc    ] GC(6) y: Medium Pages:                   3            2            0          80M           0M           3M 
[2026-10-03T23:40:42.846+0000][66.020s][info][gc,reloc    ] GC(6) y: Large Pages:                    1            0            0          12M           0M           0M 
[2026-10-03T23:40:42.846+0000][66.020s][info][gc,reloc    ] GC(6) y: Forwarding Usage: 3M
[2026-10-03T23:40:42.846+0000][66.020s][info][gc,reloc    ] GC(6) y: Age Table:
[2026-10-03T23:40:42.846+0000][66.020s][info][gc,reloc    ] GC(6) y:                    Live             Garbage             Small              Medium             Large        
[2026-10-03T23:40:42.846+0000][66.020s][info][gc,reloc    ] GC(6) y: Eden               5M (0%)          178M (6%)          92 / 84             0 / 0              0 / 0        
[2026-10-03T23:40:42.846+0000][66.020s][info][gc,reloc    ] GC(6) y: Survivor 1        53M (2%)           36M (1%)          29 / 3              1 / 1              0 / 0        
[2026-10-03T23:40:42.846+0000][66.020s][info][gc,reloc    ] GC(6) y: Survivor 2        44M (1%)           17M (1%)          23 / 1              1 / 1              0 / 0        
[2026-10-03T23:40:42.846+0000][66.020s][info][gc,reloc    ] GC(6) y: Survivor 3        26M (1%)            3M (0%)          15 / 1              0 / 0              0 / 0        
[2026-10-03T23:40:42.846+0000][66.020s][info][gc,reloc    ] GC(6) y: Survivor 4        45M (1%)           38M (1%)          20 / 1              1 / 0              1 / 0        
[2026-10-03T23:40:42.846+0000][66.020s][info][gc,heap     ] GC(6) y: Min Capacity: 512M(17%)
[2026-10-03T23:40:42.846+0000][66.020s][info][gc,heap     ] GC(6) y: Max Capacity: 3072M(100%)
[2026-10-03T23:40:42.846+0000][66.020s][info][gc,heap     ] GC(6) y: Soft Max Capacity: 3072M(100%)
[2026-10-03T23:40:42.846+0000][66.020s][info][gc,heap     ] GC(6) y: Heap Statistics:
[2026-10-03T23:40:42.846+0000][66.020s][info][gc,heap     ] GC(6) y:                Mark Start          Mark End        Relocate Start      Relocate End           High               Low         
[2026-10-03T23:40:42.846+0000][66.020s][info][gc,heap     ] GC(6) y:  Capacity:     1568M (51%)        1568M (51%)        1568M (51%)        1568M (51%)        1568M (51%)        1568M (51%)    
[2026-10-03T23:40:42.846+0000][66.020s][info][gc,heap     ] GC(6) y:      Free:     2540M (83%)        2484M (81%)        2492M (81%)        2720M (89%)        2720M (89%)        2460M (80%)    
[2026-10-03T23:40:42.846+0000][66.020s][info][gc,heap     ] GC(6) y:      Used:      532M (17%)         588M (19%)         580M (19%)         352M (11%)         612M (20%)         352M (11%)    
[2026-10-03T23:40:42.846+0000][66.020s][info][gc,heap     ] GC(6) y: Young Generation Statistics:
[2026-10-03T23:40:42.846+0000][66.020s][info][gc,heap     ] GC(6) y:                Mark Start          Mark End        Relocate Start      Relocate End    
[2026-10-03T23:40:42.846+0000][66.020s][info][gc,heap     ] GC(6) y:      Used:      450M (15%)         506M (16%)         328M (11%)          62M (2%)     
[2026-10-03T23:40:42.846+0000][66.020s][info][gc,heap     ] GC(6) y:      Live:         -               176M (6%)           13M (0%)            5M (0%)     
[2026-10-03T23:40:42.846+0000][66.020s][info][gc,heap     ] GC(6) y:   Garbage:         -               273M (9%)          258M (8%)            0M (0%)     
[2026-10-03T23:40:42.846+0000][66.020s][info][gc,heap     ] GC(6) y: Allocated:         -                56M (2%)           56M (2%)           56M (2%)     
[2026-10-03T23:40:42.846+0000][66.020s][info][gc,heap     ] GC(6) y: Reclaimed:         -                  -                15M (0%)          273M (9%)     
[2026-10-03T23:40:42.846+0000][66.020s][info][gc,heap     ] GC(6) y:  Promoted:         -                  -               162M (5%)          171M (6%)     
[2026-10-03T23:40:42.846+0000][66.020s][info][gc,heap     ] GC(6) y: Compacted:         -                  -                  -                 5M (0%)     
[2026-10-03T23:40:42.846+0000][66.020s][info][gc,phases   ] GC(6) y: Young Generation 532M(17%)->352M(11%) 0.576s
[2026-10-03T23:40:42.846+0000][66.020s][info][gc          ] GC(6) Minor Collection (Allocation Rate) 532M(17%)->352M(11%) 0.576s
[2026-10-03T23:41:11.492+0000][94.666s][info][gc,exit     ] Stopping ZGC
[2026-10-03T23:41:11.494+0000][94.668s][info][gc,stats    ] === Garbage Collection Statistics =======================================================================================================================
[2026-10-03T23:41:11.495+0000][94.668s][info][gc,stats    ]                                                              Last 10s              Last 10m              Last 10h                Total
[2026-10-03T23:41:11.495+0000][94.668s][info][gc,stats    ]                                                              Avg / Max             Avg / Max             Avg / Max             Avg / Max
[2026-10-03T23:41:11.495+0000][94.668s][info][gc,stats    ]        Contention: Mark Segment Reset Contention                     0 / 0                 0 / 0                 0 / 0                 0 / 0           ops/s
[2026-10-03T23:41:11.495+0000][94.668s][info][gc,stats    ]        Contention: Mark SeqNum Reset Contention                      0 / 0                 0 / 0                 0 / 0                 0 / 0           ops/s
[2026-10-03T23:41:11.495+0000][94.668s][info][gc,stats    ]          Critical: Allocation Stall                                  0 / 0                 0 / 0                 0 / 0                 0 / 0           ops/s
[2026-10-03T23:41:11.495+0000][94.668s][info][gc,stats    ]          Critical: Allocation Stall                              0.000 / 0.000         0.000 / 0.000         0.000 / 0.000         0.000 / 0.000       ms
[2026-10-03T23:41:11.495+0000][94.668s][info][gc,stats    ]          Critical: JNI Critical Stall                                0 / 0                 0 / 4                 0 / 4                 0 / 4           ops/s
[2026-10-03T23:41:11.495+0000][94.668s][info][gc,stats    ]          Critical: JNI Critical Stall                            0.000 / 0.000         1.329 / 3.591         1.329 / 3.591         1.329 / 3.591       ms
[2026-10-03T23:41:11.495+0000][94.668s][info][gc,stats    ]          Critical: Relocation Stall                                  0 / 0                 0 / 0                 0 / 0                 0 / 0           ops/s
[2026-10-03T23:41:11.495+0000][94.668s][info][gc,stats    ]          Critical: Relocation Stall                              0.000 / 0.000         0.000 / 0.000         0.000 / 0.000         0.000 / 0.000       ms
[2026-10-03T23:41:11.495+0000][94.668s][info][gc,stats    ]  Major Collection: Major Collection                              0.000 / 0.000       254.279 / 513.508     254.279 / 513.508     254.279 / 513.508     ms
[2026-10-03T23:41:11.495+0000][94.668s][info][gc,stats    ]            Memory: Allocation Rate                                  18 / 168              39 / 414              39 / 414              39 / 414         MB/s
[2026-10-03T23:41:11.495+0000][94.668s][info][gc,stats    ]            Memory: Defragment                                        0 / 0                 0 / 0                 0 / 0                 0 / 0           ops/s
[2026-10-03T23:41:11.495+0000][94.668s][info][gc,stats    ]            Memory: Mapped Cache Harvest                              0 / 0                 0 / 0                 0 / 0                 0 / 0           MB/s
[2026-10-03T23:41:11.495+0000][94.668s][info][gc,stats    ]            Memory: Out Of Memory                                     0 / 0                 0 / 0                 0 / 0                 0 / 0           ops/s
[2026-10-03T23:41:11.495+0000][94.668s][info][gc,stats    ]            Memory: Uncommit                                          0 / 0                 0 / 0                 0 / 0                 0 / 0           MB/s
[2026-10-03T23:41:11.495+0000][94.668s][info][gc,stats    ]            Memory: Undo Object Allocation Failed                     0 / 0                 0 / 0                 0 / 0                 0 / 0           ops/s
[2026-10-03T23:41:11.495+0000][94.668s][info][gc,stats    ]            Memory: Undo Object Allocation Succeeded                  0 / 0                 0 / 2                 0 / 2                 0 / 2           ops/s
[2026-10-03T23:41:11.495+0000][94.668s][info][gc,stats    ]            Memory: Undo Page Allocation                              0 / 0                 0 / 0                 0 / 0                 0 / 0           ops/s
[2026-10-03T23:41:11.495+0000][94.668s][info][gc,stats    ]  Minor Collection: Minor Collection                              0.000 / 0.000       662.444 / 749.024     662.444 / 749.024     662.444 / 749.024     ms
[2026-10-03T23:41:11.495+0000][94.668s][info][gc,stats    ]    Old Generation: Old Generation                                0.000 / 0.000        25.431 / 51.931       25.431 / 51.931       25.431 / 51.931      ms
[2026-10-03T23:41:11.495+0000][94.668s][info][gc,stats    ]         Old Pause: Pause Mark End                                0.000 / 0.000         0.010 / 0.012         0.010 / 0.012         0.010 / 0.012       ms
[2026-10-03T23:41:11.495+0000][94.668s][info][gc,stats    ]         Old Pause: Pause Relocate Start                          0.000 / 0.000         0.008 / 0.008         0.008 / 0.008         0.008 / 0.008       ms
[2026-10-03T23:41:11.495+0000][94.668s][info][gc,stats    ]         Old Phase: Concurrent Mark                               0.000 / 0.000         1.538 / 4.005         1.538 / 4.005         1.538 / 4.005       ms
[2026-10-03T23:41:11.495+0000][94.668s][info][gc,stats    ]         Old Phase: Concurrent Mark Continue                      0.000 / 0.000         0.000 / 0.000         0.000 / 0.000         0.000 / 0.000       ms
[2026-10-03T23:41:11.495+0000][94.668s][info][gc,stats    ]         Old Phase: Concurrent Mark Free                          0.000 / 0.000         0.000 / 0.001         0.000 / 0.001         0.000 / 0.001       ms
[2026-10-03T23:41:11.495+0000][94.668s][info][gc,stats    ]         Old Phase: Concurrent Process Non-Strong                 0.000 / 0.000        17.606 / 34.195       17.606 / 34.195       17.606 / 34.195      ms
[2026-10-03T23:41:11.495+0000][94.669s][info][gc,stats    ]         Old Phase: Concurrent Relocate                           0.000 / 0.000         0.251 / 1.202         0.251 / 1.202         0.251 / 1.202       ms
[2026-10-03T23:41:11.495+0000][94.669s][info][gc,stats    ]         Old Phase: Concurrent Remap Roots                        0.000 / 0.000         3.751 / 9.748         3.751 / 9.748         3.751 / 9.748       ms
[2026-10-03T23:41:11.495+0000][94.669s][info][gc,stats    ]         Old Phase: Concurrent Reset Relocation Set               0.000 / 0.000         0.000 / 0.001         0.000 / 0.001         0.000 / 0.001       ms
[2026-10-03T23:41:11.495+0000][94.669s][info][gc,stats    ]         Old Phase: Concurrent Select Relocation Set              0.000 / 0.000         0.501 / 2.119         0.501 / 2.119         0.501 / 2.119       ms
[2026-10-03T23:41:11.495+0000][94.669s][info][gc,stats    ]      Old Subphase: Concurrent Classes Purge                      0.000 / 0.000         0.879 / 1.645         0.879 / 1.645         0.879 / 1.645       ms
[2026-10-03T23:41:11.495+0000][94.669s][info][gc,stats    ]      Old Subphase: Concurrent Classes Unlink                     0.000 / 0.000        14.058 / 29.630       14.058 / 29.630       14.058 / 29.630      ms
[2026-10-03T23:41:11.495+0000][94.669s][info][gc,stats    ]      Old Subphase: Concurrent Mark Follow                        0.000 / 0.000         0.934 / 3.801         0.934 / 3.801         0.934 / 3.801       ms
[2026-10-03T23:41:11.495+0000][94.669s][info][gc,stats    ]      Old Subphase: Concurrent Mark Root Colored                  0.000 / 0.000         0.054 / 0.104         0.054 / 0.104         0.054 / 0.104       ms
[2026-10-03T23:41:11.495+0000][94.669s][info][gc,stats    ]      Old Subphase: Concurrent Mark Root Uncolored                0.000 / 0.000         0.515 / 2.313         0.515 / 2.313         0.515 / 2.313       ms
[2026-10-03T23:41:11.495+0000][94.669s][info][gc,stats    ]      Old Subphase: Concurrent Mark Roots                         0.000 / 0.000         0.602 / 2.378         0.602 / 2.378         0.602 / 2.378       ms
[2026-10-03T23:41:11.495+0000][94.669s][info][gc,stats    ]      Old Subphase: Concurrent References Enqueue                 0.000 / 0.000         0.001 / 0.001         0.001 / 0.001         0.001 / 0.001       ms
[2026-10-03T23:41:11.495+0000][94.669s][info][gc,stats    ]      Old Subphase: Concurrent References Process                 0.000 / 0.000         0.009 / 0.015         0.009 / 0.015         0.009 / 0.015       ms
[2026-10-03T23:41:11.495+0000][94.669s][info][gc,stats    ]      Old Subphase: Concurrent Remap Remembered                   0.000 / 0.000         0.162 / 0.808         0.162 / 0.808         0.162 / 0.808       ms
[2026-10-03T23:41:11.495+0000][94.669s][info][gc,stats    ]      Old Subphase: Concurrent Remap Roots Colored                0.000 / 0.000         0.857 / 1.905         0.857 / 1.905         0.857 / 1.905       ms
[2026-10-03T23:41:11.495+0000][94.669s][info][gc,stats    ]      Old Subphase: Concurrent Remap Roots Uncolored              0.000 / 0.000         2.681 / 6.909         2.681 / 6.909         2.681 / 6.909       ms
[2026-10-03T23:41:11.495+0000][94.669s][info][gc,stats    ]      Old Subphase: Concurrent Roots ClassLoaderDataGraph         0.000 / 0.000         0.281 / 1.255         0.281 / 1.255         0.281 / 1.255       ms
[2026-10-03T23:41:11.495+0000][94.669s][info][gc,stats    ]      Old Subphase: Concurrent Roots CodeCache                    0.000 / 0.000         2.679 / 6.905         2.679 / 6.905         2.679 / 6.905       ms
[2026-10-03T23:41:11.495+0000][94.669s][info][gc,stats    ]      Old Subphase: Concurrent Roots JavaThreads                  0.000 / 0.000         0.173 / 2.313         0.173 / 2.313         0.173 / 2.313       ms
[2026-10-03T23:41:11.495+0000][94.669s][info][gc,stats    ]      Old Subphase: Concurrent Roots OopStorageSet                0.000 / 0.000         0.009 / 0.024         0.009 / 0.024         0.009 / 0.024       ms
[2026-10-03T23:41:11.495+0000][94.669s][info][gc,stats    ]      Old Subphase: Concurrent Weak Roots OopStorageSet           0.000 / 0.000         0.968 / 3.248         0.968 / 3.248         0.968 / 3.248       ms
[2026-10-03T23:41:11.495+0000][94.669s][info][gc,stats    ]            System: Java Threads                                      0 / 0                17 / 42               17 / 42               17 / 42          threads
[2026-10-03T23:41:11.495+0000][94.669s][info][gc,stats    ]  Young Generation: Young Generation                              0.000 / 0.000       228.532 / 461.277     228.532 / 461.277     228.532 / 461.277     ms
[2026-10-03T23:41:11.495+0000][94.669s][info][gc,stats    ]  Young Generation: Young Generation                              0.000 / 0.000       662.179 / 748.691     662.179 / 748.691     662.179 / 748.691     ms
[2026-10-03T23:41:11.495+0000][94.669s][info][gc,stats    ]  Young Generation: Young Generation (Collect Roots)              0.000 / 0.000         0.000 / 0.000         0.000 / 0.000         0.000 / 0.000       ms
[2026-10-03T23:41:11.495+0000][94.669s][info][gc,stats    ]  Young Generation: Young Generation (Promote All)                0.000 / 0.000         0.000 / 0.000         0.000 / 0.000         0.000 / 0.000       ms
[2026-10-03T23:41:11.495+0000][94.669s][info][gc,stats    ]       Young Pause: Pause Mark End                                0.000 / 0.000         0.011 / 0.014         0.011 / 0.014         0.011 / 0.014       ms
[2026-10-03T23:41:11.495+0000][94.669s][info][gc,stats    ]       Young Pause: Pause Mark Start                              0.000 / 0.000         0.011 / 0.012         0.011 / 0.012         0.011 / 0.012       ms
[2026-10-03T23:41:11.495+0000][94.669s][info][gc,stats    ]       Young Pause: Pause Mark Start (Major)                      0.000 / 0.000         0.013 / 0.018         0.013 / 0.018         0.013 / 0.018       ms
[2026-10-03T23:41:11.495+0000][94.669s][info][gc,stats    ]       Young Pause: Pause Relocate Start                          0.000 / 0.000         0.007 / 0.010         0.007 / 0.010         0.007 / 0.010       ms
[2026-10-03T23:41:11.495+0000][94.669s][info][gc,stats    ]       Young Phase: Concurrent Mark                               0.000 / 0.000       271.053 / 673.423     271.053 / 673.423     271.053 / 673.423     ms
[2026-10-03T23:41:11.495+0000][94.669s][info][gc,stats    ]       Young Phase: Concurrent Mark Continue                      0.000 / 0.000         0.000 / 0.000         0.000 / 0.000         0.000 / 0.000       ms
[2026-10-03T23:41:11.495+0000][94.669s][info][gc,stats    ]       Young Phase: Concurrent Mark Free                          0.000 / 0.000         0.001 / 0.002         0.001 / 0.002         0.001 / 0.002       ms
[2026-10-03T23:41:11.495+0000][94.669s][info][gc,stats    ]       Young Phase: Concurrent Relocate                           0.000 / 0.000        62.043 / 134.568      62.043 / 134.568      62.043 / 134.568     ms
[2026-10-03T23:41:11.495+0000][94.669s][info][gc,stats    ]       Young Phase: Concurrent Reset Relocation Set               0.000 / 0.000         0.016 / 0.036         0.016 / 0.036         0.016 / 0.036       ms
[2026-10-03T23:41:11.495+0000][94.669s][info][gc,stats    ]       Young Phase: Concurrent Select Relocation Set              0.000 / 0.000        17.106 / 77.285       17.106 / 77.285       17.106 / 77.285      ms
[2026-10-03T23:41:11.495+0000][94.669s][info][gc,stats    ]    Young Subphase: Concurrent Mark Follow                        0.000 / 0.000       257.571 / 640.812     257.571 / 640.812     257.571 / 640.812     ms
[2026-10-03T23:41:11.495+0000][94.669s][info][gc,stats    ]    Young Subphase: Concurrent Mark Root Colored                  0.000 / 0.000         4.646 / 11.238        4.646 / 11.238        4.646 / 11.238      ms
[2026-10-03T23:41:11.495+0000][94.669s][info][gc,stats    ]    Young Subphase: Concurrent Mark Root Uncolored                0.000 / 0.000         7.785 / 19.226        7.785 / 19.226        7.785 / 19.226      ms
[2026-10-03T23:41:11.495+0000][94.669s][info][gc,stats    ]    Young Subphase: Concurrent Mark Roots                         0.000 / 0.000        13.479 / 32.608       13.479 / 32.608       13.479 / 32.608      ms
[2026-10-03T23:41:11.495+0000][94.669s][info][gc,stats    ]    Young Subphase: Concurrent Relocate Remset FP                 0.000 / 0.000        20.838 / 118.761      20.838 / 118.761      20.838 / 118.761     ms
[2026-10-03T23:41:11.495+0000][94.669s][info][gc,stats    ]    Young Subphase: Concurrent Roots ClassLoaderDataGraph         0.000 / 0.000         1.049 / 1.905         1.049 / 1.905         1.049 / 1.905       ms
[2026-10-03T23:41:11.495+0000][94.669s][info][gc,stats    ]    Young Subphase: Concurrent Roots CodeCache                    0.000 / 0.000         7.243 / 18.350        7.243 / 18.350        7.243 / 18.350      ms
[2026-10-03T23:41:11.495+0000][94.669s][info][gc,stats    ]    Young Subphase: Concurrent Roots JavaThreads                  0.000 / 0.000         0.274 / 1.663         0.274 / 1.663         0.274 / 1.663       ms
[2026-10-03T23:41:11.495+0000][94.669s][info][gc,stats    ]    Young Subphase: Concurrent Roots OopStorageSet                0.000 / 0.000         0.095 / 0.232         0.095 / 0.232         0.095 / 0.232       ms
[2026-10-03T23:41:11.495+0000][94.669s][info][gc,stats    ]    Young Subphase: Concurrent Weak Roots OopStorageSet           0.000 / 0.000         3.498 / 9.458         3.498 / 9.458         3.498 / 9.458       ms
[2026-10-03T23:41:11.495+0000][94.669s][info][gc,stats    ] =========================================================================================================================================================
[2026-10-03T23:41:11.495+0000][94.669s][info][gc,exit     ] Heap
[2026-10-03T23:41:11.495+0000][94.669s][info][gc,exit     ]  ZHeap           used 562M, capacity 1568M, max capacity 3072M
[2026-10-03T23:41:11.495+0000][94.669s][info][gc,exit     ]   Cache          1006M (6)
[2026-10-03T23:41:11.495+0000][94.669s][info][gc,exit     ]    size classes  2M (1), 4M (1), 16M (1), 64M (1), 256M (2)
[2026-10-03T23:41:11.495+0000][94.669s][info][gc,exit     ]  Metaspace       used 125314K, committed 126464K, reserved 1179648K
[2026-10-03T23:41:11.495+0000][94.669s][info][gc,exit     ]   class space    used 20600K, committed 21056K, reserved 1048576K
