[2026-10-03T23:49:55.098+0000][0.004s][info][gc,init] Initializing The Z Garbage Collector
[2026-10-03T23:49:55.098+0000][0.005s][info][gc,init] Version: 25.0.4.1+1-LTS-5 (release)
[2026-10-03T23:49:55.098+0000][0.005s][info][gc,init] NUMA Support: Disabled
[2026-10-03T23:49:55.098+0000][0.005s][info][gc,init] CPUs: 5 total, 4 available
[2026-10-03T23:49:55.099+0000][0.005s][info][gc,init] Memory: 16384M
[2026-10-03T23:49:55.099+0000][0.005s][info][gc,init] Large Page Support: Disabled
[2026-10-03T23:49:55.099+0000][0.005s][info][gc,init] Address Space Size: unlimited
[2026-10-03T23:49:55.099+0000][0.005s][info][gc,init] Reserved Space Type: Contiguous/Unrestricted/Complete
[2026-10-03T23:49:55.099+0000][0.005s][info][gc,init] Reserved Space Size: 48G
[2026-10-03T23:49:55.099+0000][0.005s][info][gc,init] Heap Backing File: /memfd:java_heap
[2026-10-03T23:49:55.099+0000][0.005s][info][gc,init] Heap Backing Filesystem: tmpfs (0x1021994)
[2026-10-03T23:49:55.099+0000][0.005s][info][gc,init] Min Capacity: 512M
[2026-10-03T23:49:55.099+0000][0.005s][info][gc,init] Initial Capacity: 512M
[2026-10-03T23:49:55.099+0000][0.005s][info][gc,init] Max Capacity: 3072M
[2026-10-03T23:49:55.099+0000][0.005s][info][gc,init] Soft Max Capacity: 3072M
[2026-10-03T23:49:55.099+0000][0.005s][info][gc,init] Page Size Medium: Range [4M, 32M]
[2026-10-03T23:49:55.099+0000][0.005s][info][gc,init] Pre-touch: Disabled
[2026-10-03T23:49:55.099+0000][0.005s][info][gc,init] Available space on backing filesystem: N/A
[2026-10-03T23:49:55.099+0000][0.005s][info][gc,init] Uncommit: Enabled
[2026-10-03T23:49:55.099+0000][0.005s][info][gc,init] Uncommit Delay: 300s
[2026-10-03T23:49:55.099+0000][0.005s][info][gc,init] GC Workers for Old Generation: 1 (dynamic)
[2026-10-03T23:49:55.099+0000][0.005s][info][gc,init] GC Workers for Young Generation: 1 (dynamic)
[2026-10-03T23:49:55.138+0000][0.044s][info][gc,init] GC Workers Max: 1 (dynamic)
[2026-10-03T23:49:55.138+0000][0.044s][info][gc,init] Runtime Workers: 3
[2026-10-03T23:49:55.139+0000][0.045s][info][gc     ] Using The Z Garbage Collector
[2026-10-03T23:49:55.143+0000][0.049s][info][gc,metaspace] CDS archive(s) mapped at: [0x0000000090000000-0x0000000090d94000-0x0000000090d94000), size 14237696, SharedBaseAddress: 0x0000000090000000, ArchiveRelocationMode: 1.
[2026-10-03T23:49:55.143+0000][0.049s][info][gc,metaspace] Compressed class space mapped at: 0x0000000091000000-0x00000000d1000000, reserved size: 1073741824
[2026-10-03T23:49:55.143+0000][0.049s][info][gc,metaspace] UseCompressedClassPointers 1, UseCompactObjectHeaders 0
[2026-10-03T23:49:55.143+0000][0.049s][info][gc,metaspace] Narrow klass pointer bits 32, Max shift 3
[2026-10-03T23:49:55.143+0000][0.049s][info][gc,metaspace] Narrow klass base: 0x0000000090000000, Narrow klass shift: 0
[2026-10-03T23:49:55.143+0000][0.049s][info][gc,metaspace] Encoding Range: [0x0000000090000000 - 0x0000000190000000), (4294967296 bytes)
[2026-10-03T23:49:55.143+0000][0.049s][info][gc,metaspace] Klass Range:    [0x0000000090001000 - 0x00000000d1000000), (1090514944 bytes)
[2026-10-03T23:49:55.143+0000][0.049s][info][gc,metaspace] Klass ID Range:  [4096 - 1090519033) (1090514937)
[2026-10-03T23:49:55.143+0000][0.049s][info][gc,metaspace] Protection zone: [0x0000000090000000 - 0x0000000090001000), (4096 bytes)
[2026-10-03T23:50:43.580+0000][48.486s][info][gc          ] GC(0) Major Collection (Metadata GC Threshold)
[2026-10-03T23:50:43.580+0000][48.486s][info][gc,task     ] GC(0) Using 1 Workers for Young Generation
[2026-10-03T23:50:43.580+0000][48.486s][info][gc,task     ] GC(0) Using 1 Workers for Old Generation
[2026-10-03T23:50:43.580+0000][48.486s][info][gc,phases   ] GC(0) Y: Young Generation
[2026-10-03T23:50:43.580+0000][48.486s][info][gc,phases   ] GC(0) Y: Pause Mark Start (Major) 0.022ms
[2026-10-03T23:50:43.620+0000][48.526s][info][gc,phases   ] GC(0) Y: Concurrent Mark 39.907ms
[2026-10-03T23:50:43.621+0000][48.527s][info][gc,phases   ] GC(0) Y: Pause Mark End 0.011ms
[2026-10-03T23:50:43.621+0000][48.527s][info][gc,phases   ] GC(0) Y: Concurrent Mark Free 0.002ms
[2026-10-03T23:50:43.621+0000][48.527s][info][gc,phases   ] GC(0) Y: Concurrent Reset Relocation Set 0.006ms
[2026-10-03T23:50:43.621+0000][48.527s][info][gc,reloc    ] GC(0) Y: Using tenuring threshold: 1 (Computed)
[2026-10-03T23:50:43.622+0000][48.528s][info][gc,phases   ] GC(0) Y: Concurrent Select Relocation Set 1.383ms
[2026-10-03T23:50:43.622+0000][48.528s][info][gc,phases   ] GC(0) Y: Pause Relocate Start 0.007ms
[2026-10-03T23:50:43.637+0000][48.543s][info][gc,phases   ] GC(0) Y: Concurrent Relocate 14.347ms
[2026-10-03T23:50:43.637+0000][48.543s][info][gc,alloc    ] GC(0) Y:                         Mark Start        Mark End      Relocate Start    Relocate End   
[2026-10-03T23:50:43.637+0000][48.543s][info][gc,alloc    ] GC(0) Y: Allocation Stalls:          0                0                0                0         
[2026-10-03T23:50:43.637+0000][48.543s][info][gc,load     ] GC(0) Y: Load: 0.46 (9%) / 1.26 (25%) / 1.14 (23%)
[2026-10-03T23:50:43.637+0000][48.543s][info][gc,mmu      ] GC(0) Y: MMU: 2ms/98.9%, 5ms/99.6%, 10ms/99.8%, 20ms/99.9%, 50ms/99.9%, 100ms/100.0%
[2026-10-03T23:50:43.637+0000][48.543s][info][gc,marking  ] GC(0) Y: Mark: 1 stripe(s), 2 proactive flush(es), 1 terminate flush(es), 0 completion(s), 0 continuation(s) 
[2026-10-03T23:50:43.637+0000][48.543s][info][gc,nmethod  ] GC(0) Y: NMethods: 3953 registered, 0 unregistered
[2026-10-03T23:50:43.637+0000][48.543s][info][gc,metaspace] GC(0) Y: Metaspace: 21M used, 21M committed, 1088M reserved
[2026-10-03T23:50:43.637+0000][48.543s][info][gc,reloc    ] GC(0) Y:                        Candidates     Selected     In-Place         Size        Empty    Relocated 
[2026-10-03T23:50:43.637+0000][48.543s][info][gc,reloc    ] GC(0) Y: Small Pages:                   67           55            0         134M           4M          11M 
[2026-10-03T23:50:43.637+0000][48.543s][info][gc,reloc    ] GC(0) Y: Medium Pages:                   1            0            0          32M           0M           0M 
[2026-10-03T23:50:43.637+0000][48.543s][info][gc,reloc    ] GC(0) Y: Large Pages:                    1            0            0          12M          12M           0M 
[2026-10-03T23:50:43.637+0000][48.543s][info][gc,reloc    ] GC(0) Y: Forwarding Usage: 4M
[2026-10-03T23:50:43.637+0000][48.543s][info][gc,reloc    ] GC(0) Y: Age Table:
[2026-10-03T23:50:43.637+0000][48.543s][info][gc,reloc    ] GC(0) Y:                    Live             Garbage             Small              Medium             Large        
[2026-10-03T23:50:43.637+0000][48.543s][info][gc,reloc    ] GC(0) Y: Eden              20M (1%)          157M (5%)          67 / 55             1 / 0              1 / 0        
[2026-10-03T23:50:43.637+0000][48.543s][info][gc,heap     ] GC(0) Y: Min Capacity: 512M(17%)
[2026-10-03T23:50:43.637+0000][48.543s][info][gc,heap     ] GC(0) Y: Max Capacity: 3072M(100%)
[2026-10-03T23:50:43.637+0000][48.543s][info][gc,heap     ] GC(0) Y: Soft Max Capacity: 3072M(100%)
[2026-10-03T23:50:43.637+0000][48.543s][info][gc,heap     ] GC(0) Y: Heap Statistics:
[2026-10-03T23:50:43.637+0000][48.543s][info][gc,heap     ] GC(0) Y:                Mark Start          Mark End        Relocate Start      Relocate End           High               Low         
[2026-10-03T23:50:43.637+0000][48.543s][info][gc,heap     ] GC(0) Y:  Capacity:      512M (17%)         512M (17%)         512M (17%)         512M (17%)         512M (17%)         512M (17%)    
[2026-10-03T23:50:43.637+0000][48.543s][info][gc,heap     ] GC(0) Y:      Free:     2894M (94%)        2890M (94%)        2904M (95%)        3010M (98%)        3010M (98%)        2890M (94%)    
[2026-10-03T23:50:43.637+0000][48.543s][info][gc,heap     ] GC(0) Y:      Used:      178M (6%)          182M (6%)          168M (5%)           62M (2%)          182M (6%)           62M (2%)     
[2026-10-03T23:50:43.637+0000][48.543s][info][gc,heap     ] GC(0) Y: Young Generation Statistics:
[2026-10-03T23:50:43.637+0000][48.543s][info][gc,heap     ] GC(0) Y:                Mark Start          Mark End        Relocate Start      Relocate End    
[2026-10-03T23:50:43.637+0000][48.543s][info][gc,heap     ] GC(0) Y:      Used:      178M (6%)          182M (6%)          168M (5%)           62M (2%)     
[2026-10-03T23:50:43.637+0000][48.543s][info][gc,heap     ] GC(0) Y:      Live:         -                20M (1%)           20M (1%)           20M (1%)     
[2026-10-03T23:50:43.637+0000][48.543s][info][gc,heap     ] GC(0) Y:   Garbage:         -               157M (5%)          141M (5%)           29M (1%)     
[2026-10-03T23:50:43.637+0000][48.543s][info][gc,heap     ] GC(0) Y: Allocated:         -                 4M (0%)            6M (0%)           12M (0%)     
[2026-10-03T23:50:43.637+0000][48.543s][info][gc,heap     ] GC(0) Y: Reclaimed:         -                  -                16M (1%)          128M (4%)     
[2026-10-03T23:50:43.637+0000][48.543s][info][gc,heap     ] GC(0) Y:  Promoted:         -                  -                 0M (0%)            0M (0%)     
[2026-10-03T23:50:43.637+0000][48.543s][info][gc,heap     ] GC(0) Y: Compacted:         -                  -                  -                15M (1%)     
[2026-10-03T23:50:43.637+0000][48.543s][info][gc,phases   ] GC(0) Y: Young Generation 178M(6%)->62M(2%) 0.056s
[2026-10-03T23:50:43.637+0000][48.543s][info][gc,phases   ] GC(0) O: Old Generation
[2026-10-03T23:50:43.637+0000][48.543s][info][gc,phases   ] GC(0) O: Concurrent Mark 0.441ms
[2026-10-03T23:50:43.637+0000][48.543s][info][gc,phases   ] GC(0) O: Pause Mark End 0.010ms
[2026-10-03T23:50:43.637+0000][48.543s][info][gc,phases   ] GC(0) O: Concurrent Mark Free 0.001ms
[2026-10-03T23:50:43.646+0000][48.552s][info][gc,phases   ] GC(0) O: Concurrent Process Non-Strong 9.022ms
[2026-10-03T23:50:43.646+0000][48.552s][info][gc,phases   ] GC(0) O: Concurrent Reset Relocation Set 0.000ms
[2026-10-03T23:50:43.647+0000][48.553s][info][gc,phases   ] GC(0) O: Concurrent Select Relocation Set 0.387ms
[2026-10-03T23:50:43.647+0000][48.553s][info][gc,task     ] GC(0) O: Using 1 Workers for Old Generation
[2026-10-03T23:50:43.649+0000][48.555s][info][gc,task     ] GC(0) O: Using 1 Workers for Old Generation
[2026-10-03T23:50:43.649+0000][48.555s][info][gc,phases   ] GC(0) O: Concurrent Remap Roots 2.183ms
[2026-10-03T23:50:43.649+0000][48.555s][info][gc,phases   ] GC(0) O: Pause Relocate Start 0.009ms
[2026-10-03T23:50:43.649+0000][48.555s][info][gc,phases   ] GC(0) O: Concurrent Relocate 0.110ms
[2026-10-03T23:50:43.649+0000][48.555s][info][gc,alloc    ] GC(0) O:                         Mark Start        Mark End      Relocate Start    Relocate End   
[2026-10-03T23:50:43.649+0000][48.555s][info][gc,alloc    ] GC(0) O: Allocation Stalls:          0                0                0                0         
[2026-10-03T23:50:43.649+0000][48.555s][info][gc,load     ] GC(0) O: Load: 0.46 (9%) / 1.26 (25%) / 1.14 (23%)
[2026-10-03T23:50:43.649+0000][48.555s][info][gc,mmu      ] GC(0) O: MMU: 2ms/98.9%, 5ms/99.6%, 10ms/99.8%, 20ms/99.9%, 50ms/99.9%, 100ms/99.9%
[2026-10-03T23:50:43.649+0000][48.555s][info][gc,marking  ] GC(0) O: Mark: 1 stripe(s), 1 proactive flush(es), 1 terminate flush(es), 0 completion(s), 0 continuation(s) 
[2026-10-03T23:50:43.649+0000][48.555s][info][gc,nmethod  ] GC(0) O: NMethods: 3306 registered, 657 unregistered
[2026-10-03T23:50:43.649+0000][48.555s][info][gc,metaspace] GC(0) O: Metaspace: 21M used, 21M committed, 1088M reserved
[2026-10-03T23:50:43.649+0000][48.555s][info][gc,ref      ] GC(0) O:                       Encountered   Discovered     Enqueued 
[2026-10-03T23:50:43.649+0000][48.555s][info][gc,ref      ] GC(0) O: Soft References:             2981            0            0 
[2026-10-03T23:50:43.649+0000][48.555s][info][gc,ref      ] GC(0) O: Weak References:             1657            0            0 
[2026-10-03T23:50:43.649+0000][48.555s][info][gc,ref      ] GC(0) O: Final References:              33            0            0 
[2026-10-03T23:50:43.649+0000][48.555s][info][gc,ref      ] GC(0) O: Phantom References:           560            0            0 
[2026-10-03T23:50:43.649+0000][48.555s][info][gc,heap     ] GC(0) O: Min Capacity: 512M(17%)
[2026-10-03T23:50:43.649+0000][48.555s][info][gc,heap     ] GC(0) O: Max Capacity: 3072M(100%)
[2026-10-03T23:50:43.649+0000][48.555s][info][gc,heap     ] GC(0) O: Soft Max Capacity: 3072M(100%)
[2026-10-03T23:50:43.649+0000][48.555s][info][gc,heap     ] GC(0) O: Heap Statistics:
[2026-10-03T23:50:43.649+0000][48.555s][info][gc,heap     ] GC(0) O:                Mark Start          Mark End        Relocate Start      Relocate End           High               Low         
[2026-10-03T23:50:43.649+0000][48.555s][info][gc,heap     ] GC(0) O:  Capacity:      512M (17%)         512M (17%)         512M (17%)         512M (17%)         512M (17%)         512M (17%)    
[2026-10-03T23:50:43.649+0000][48.555s][info][gc,heap     ] GC(0) O:      Free:     2894M (94%)        3010M (98%)        3010M (98%)        3010M (98%)        3010M (98%)        2890M (94%)    
[2026-10-03T23:50:43.649+0000][48.555s][info][gc,heap     ] GC(0) O:      Used:      178M (6%)           62M (2%)           62M (2%)           62M (2%)          182M (6%)           62M (2%)     
[2026-10-03T23:50:43.649+0000][48.555s][info][gc,heap     ] GC(0) O: Old Generation Statistics:
[2026-10-03T23:50:43.649+0000][48.555s][info][gc,heap     ] GC(0) O:                Mark Start          Mark End        Relocate Start      Relocate End    
[2026-10-03T23:50:43.649+0000][48.555s][info][gc,heap     ] GC(0) O:      Used:        0M (0%)            0M (0%)            0M (0%)            0M (0%)     
[2026-10-03T23:50:43.649+0000][48.555s][info][gc,heap     ] GC(0) O:      Live:         -                 0M (0%)            0M (0%)            0M (0%)     
[2026-10-03T23:50:43.649+0000][48.555s][info][gc,heap     ] GC(0) O:   Garbage:         -                 0M (0%)            0M (0%)            0M (0%)     
[2026-10-03T23:50:43.649+0000][48.555s][info][gc,heap     ] GC(0) O: Allocated:         -                 0M (0%)            0M (0%)            0M (0%)     
[2026-10-03T23:50:43.649+0000][48.555s][info][gc,heap     ] GC(0) O: Reclaimed:         -                  -                 0M (0%)            0M (0%)     
[2026-10-03T23:50:43.649+0000][48.555s][info][gc,heap     ] GC(0) O: Compacted:         -                  -                  -                 0M (0%)     
[2026-10-03T23:50:43.649+0000][48.555s][info][gc,phases   ] GC(0) O: Old Generation 62M(2%)->62M(2%) 0.013s
[2026-10-03T23:50:43.649+0000][48.555s][info][gc          ] GC(0) Major Collection (Metadata GC Threshold) 178M(6%)->62M(2%) 0.069s
[2026-10-03T23:50:44.243+0000][49.149s][info][gc          ] GC(1) Major Collection (Warmup)
[2026-10-03T23:50:44.243+0000][49.149s][info][gc,task     ] GC(1) Using 1 Workers for Young Generation
[2026-10-03T23:50:44.243+0000][49.149s][info][gc,task     ] GC(1) Using 1 Workers for Old Generation
[2026-10-03T23:50:44.243+0000][49.149s][info][gc,phases   ] GC(1) Y: Young Generation
[2026-10-03T23:50:44.244+0000][49.150s][info][gc,phases   ] GC(1) Y: Pause Mark Start (Major) 0.012ms
[2026-10-03T23:50:44.328+0000][49.234s][info][gc,phases   ] GC(1) Y: Concurrent Mark 84.156ms
[2026-10-03T23:50:44.328+0000][49.234s][info][gc,phases   ] GC(1) Y: Pause Mark End 0.012ms
[2026-10-03T23:50:44.328+0000][49.234s][info][gc,phases   ] GC(1) Y: Concurrent Mark Free 0.002ms
[2026-10-03T23:50:44.328+0000][49.234s][info][gc,phases   ] GC(1) Y: Concurrent Reset Relocation Set 0.009ms
[2026-10-03T23:50:44.328+0000][49.234s][info][gc,reloc    ] GC(1) Y: Using tenuring threshold: 2 (Computed)
[2026-10-03T23:50:44.336+0000][49.242s][info][gc,phases   ] GC(1) Y: Concurrent Select Relocation Set 7.600ms
[2026-10-03T23:50:44.336+0000][49.242s][info][gc,phases   ] GC(1) Y: Pause Relocate Start 0.007ms
[2026-10-03T23:50:44.371+0000][49.277s][info][gc,phases   ] GC(1) Y: Concurrent Relocate 34.764ms
[2026-10-03T23:50:44.371+0000][49.277s][info][gc,alloc    ] GC(1) Y:                         Mark Start        Mark End      Relocate Start    Relocate End   
[2026-10-03T23:50:44.371+0000][49.277s][info][gc,alloc    ] GC(1) Y: Allocation Stalls:          0                0                0                0         
[2026-10-03T23:50:44.371+0000][49.277s][info][gc,load     ] GC(1) Y: Load: 0.46 (9%) / 1.26 (25%) / 1.14 (23%)
[2026-10-03T23:50:44.371+0000][49.277s][info][gc,mmu      ] GC(1) Y: MMU: 2ms/98.9%, 5ms/99.6%, 10ms/99.8%, 20ms/99.9%, 50ms/99.9%, 100ms/99.9%
[2026-10-03T23:50:44.371+0000][49.277s][info][gc,marking  ] GC(1) Y: Mark: 1 stripe(s), 2 proactive flush(es), 1 terminate flush(es), 0 completion(s), 0 continuation(s) 
[2026-10-03T23:50:44.371+0000][49.277s][info][gc,nmethod  ] GC(1) Y: NMethods: 4009 registered, 657 unregistered
[2026-10-03T23:50:44.371+0000][49.277s][info][gc,metaspace] GC(1) Y: Metaspace: 23M used, 24M committed, 1088M reserved
[2026-10-03T23:50:44.371+0000][49.277s][info][gc,reloc    ] GC(1) Y:                        Candidates     Selected     In-Place         Size        Empty    Relocated 
[2026-10-03T23:50:44.371+0000][49.277s][info][gc,reloc    ] GC(1) Y: Small Pages:                  123           95            0         246M           8M          18M 
[2026-10-03T23:50:44.371+0000][49.277s][info][gc,reloc    ] GC(1) Y: Medium Pages:                   2            1            0          64M           0M           3M 
[2026-10-03T23:50:44.371+0000][49.277s][info][gc,reloc    ] GC(1) Y: Large Pages:                    0            0            0           0M           0M           0M 
[2026-10-03T23:50:44.371+0000][49.277s][info][gc,reloc    ] GC(1) Y: Forwarding Usage: 10M
[2026-10-03T23:50:44.371+0000][49.277s][info][gc,reloc    ] GC(1) Y: Age Table:
[2026-10-03T23:50:44.371+0000][49.277s][info][gc,reloc    ] GC(1) Y:                    Live             Garbage             Small              Medium             Large        
[2026-10-03T23:50:44.371+0000][49.277s][info][gc,reloc    ] GC(1) Y: Eden              25M (1%)          230M (7%)         112 / 94             1 / 0              0 / 0        
[2026-10-03T23:50:44.371+0000][49.277s][info][gc,reloc    ] GC(1) Y: Survivor 1        20M (1%)           33M (1%)          11 / 1              1 / 1              0 / 0        
[2026-10-03T23:50:44.371+0000][49.277s][info][gc,heap     ] GC(1) Y: Min Capacity: 512M(17%)
[2026-10-03T23:50:44.371+0000][49.277s][info][gc,heap     ] GC(1) Y: Max Capacity: 3072M(100%)
[2026-10-03T23:50:44.371+0000][49.277s][info][gc,heap     ] GC(1) Y: Soft Max Capacity: 3072M(100%)
[2026-10-03T23:50:44.371+0000][49.277s][info][gc,heap     ] GC(1) Y: Heap Statistics:
[2026-10-03T23:50:44.371+0000][49.277s][info][gc,heap     ] GC(1) Y:                Mark Start          Mark End        Relocate Start      Relocate End           High               Low         
[2026-10-03T23:50:44.371+0000][49.277s][info][gc,heap     ] GC(1) Y:  Capacity:      512M (17%)         512M (17%)         512M (17%)         512M (17%)         512M (17%)         512M (17%)    
[2026-10-03T23:50:44.371+0000][49.277s][info][gc,heap     ] GC(1) Y:      Free:     2762M (90%)        2718M (88%)        2722M (89%)        2890M (94%)        2892M (94%)        2688M (88%)    
[2026-10-03T23:50:44.371+0000][49.277s][info][gc,heap     ] GC(1) Y:      Used:      310M (10%)         354M (12%)         350M (11%)         182M (6%)          384M (12%)         180M (6%)     
[2026-10-03T23:50:44.371+0000][49.277s][info][gc,heap     ] GC(1) Y: Young Generation Statistics:
[2026-10-03T23:50:44.371+0000][49.277s][info][gc,heap     ] GC(1) Y:                Mark Start          Mark End        Relocate Start      Relocate End    
[2026-10-03T23:50:44.371+0000][49.277s][info][gc,heap     ] GC(1) Y:      Used:      310M (10%)         354M (12%)         350M (11%)         182M (6%)     
[2026-10-03T23:50:44.371+0000][49.277s][info][gc,heap     ] GC(1) Y:      Live:         -                46M (1%)           46M (1%)           46M (1%)     
[2026-10-03T23:50:44.371+0000][49.277s][info][gc,heap     ] GC(1) Y:   Garbage:         -               263M (9%)          255M (8%)            1M (0%)     
[2026-10-03T23:50:44.371+0000][49.277s][info][gc,heap     ] GC(1) Y: Allocated:         -                44M (1%)           48M (2%)          134M (4%)     
[2026-10-03T23:50:44.371+0000][49.277s][info][gc,heap     ] GC(1) Y: Reclaimed:         -                  -                 8M (0%)          262M (9%)     
[2026-10-03T23:50:44.371+0000][49.277s][info][gc,heap     ] GC(1) Y:  Promoted:         -                  -                 0M (0%)            0M (0%)     
[2026-10-03T23:50:44.371+0000][49.277s][info][gc,heap     ] GC(1) Y: Compacted:         -                  -                  -                29M (1%)     
[2026-10-03T23:50:44.371+0000][49.277s][info][gc,phases   ] GC(1) Y: Young Generation 310M(10%)->182M(6%) 0.127s
[2026-10-03T23:50:44.371+0000][49.277s][info][gc,phases   ] GC(1) O: Old Generation
[2026-10-03T23:50:44.371+0000][49.277s][info][gc,phases   ] GC(1) O: Concurrent Mark 0.407ms
[2026-10-03T23:50:44.371+0000][49.277s][info][gc,phases   ] GC(1) O: Pause Mark End 0.009ms
[2026-10-03T23:50:44.371+0000][49.277s][info][gc,phases   ] GC(1) O: Concurrent Mark Free 0.000ms
[2026-10-03T23:50:44.378+0000][49.284s][info][gc,phases   ] GC(1) O: Concurrent Process Non-Strong 6.635ms
[2026-10-03T23:50:44.378+0000][49.284s][info][gc,phases   ] GC(1) O: Concurrent Reset Relocation Set 0.000ms
[2026-10-03T23:50:44.378+0000][49.284s][info][gc,phases   ] GC(1) O: Concurrent Select Relocation Set 0.086ms
[2026-10-03T23:50:44.378+0000][49.284s][info][gc,task     ] GC(1) O: Using 1 Workers for Old Generation
[2026-10-03T23:50:44.380+0000][49.286s][info][gc,task     ] GC(1) O: Using 1 Workers for Old Generation
[2026-10-03T23:50:44.380+0000][49.286s][info][gc,phases   ] GC(1) O: Concurrent Remap Roots 2.049ms
[2026-10-03T23:50:44.380+0000][49.286s][info][gc,phases   ] GC(1) O: Pause Relocate Start 0.008ms
[2026-10-03T23:50:44.380+0000][49.286s][info][gc,phases   ] GC(1) O: Concurrent Relocate 0.064ms
[2026-10-03T23:50:44.380+0000][49.286s][info][gc,alloc    ] GC(1) O:                         Mark Start        Mark End      Relocate Start    Relocate End   
[2026-10-03T23:50:44.380+0000][49.286s][info][gc,alloc    ] GC(1) O: Allocation Stalls:          0                0                0                0         
[2026-10-03T23:50:44.380+0000][49.286s][info][gc,load     ] GC(1) O: Load: 0.46 (9%) / 1.26 (25%) / 1.14 (23%)
[2026-10-03T23:50:44.380+0000][49.286s][info][gc,mmu      ] GC(1) O: MMU: 2ms/98.9%, 5ms/99.6%, 10ms/99.8%, 20ms/99.9%, 50ms/99.9%, 100ms/99.9%
[2026-10-03T23:50:44.380+0000][49.286s][info][gc,marking  ] GC(1) O: Mark: 1 stripe(s), 1 proactive flush(es), 1 terminate flush(es), 0 completion(s), 0 continuation(s) 
[2026-10-03T23:50:44.380+0000][49.286s][info][gc,nmethod  ] GC(1) O: NMethods: 3865 registered, 801 unregistered
[2026-10-03T23:50:44.380+0000][49.286s][info][gc,metaspace] GC(1) O: Metaspace: 23M used, 24M committed, 1088M reserved
[2026-10-03T23:50:44.380+0000][49.286s][info][gc,ref      ] GC(1) O:                       Encountered   Discovered     Enqueued 
[2026-10-03T23:50:44.380+0000][49.286s][info][gc,ref      ] GC(1) O: Soft References:             3075            0            0 
[2026-10-03T23:50:44.380+0000][49.286s][info][gc,ref      ] GC(1) O: Weak References:             1785            0            0 
[2026-10-03T23:50:44.380+0000][49.286s][info][gc,ref      ] GC(1) O: Final References:              33            0            0 
[2026-10-03T23:50:44.380+0000][49.286s][info][gc,ref      ] GC(1) O: Phantom References:           577            0            0 
[2026-10-03T23:50:44.380+0000][49.286s][info][gc,heap     ] GC(1) O: Min Capacity: 512M(17%)
[2026-10-03T23:50:44.380+0000][49.286s][info][gc,heap     ] GC(1) O: Max Capacity: 3072M(100%)
[2026-10-03T23:50:44.380+0000][49.286s][info][gc,heap     ] GC(1) O: Soft Max Capacity: 3072M(100%)
[2026-10-03T23:50:44.380+0000][49.286s][info][gc,heap     ] GC(1) O: Heap Statistics:
[2026-10-03T23:50:44.380+0000][49.286s][info][gc,heap     ] GC(1) O:                Mark Start          Mark End        Relocate Start      Relocate End           High               Low         
[2026-10-03T23:50:44.380+0000][49.286s][info][gc,heap     ] GC(1) O:  Capacity:      512M (17%)         512M (17%)         512M (17%)         512M (17%)         512M (17%)         512M (17%)    
[2026-10-03T23:50:44.380+0000][49.286s][info][gc,heap     ] GC(1) O:      Free:     2762M (90%)        2890M (94%)        2884M (94%)        2884M (94%)        2892M (94%)        2688M (88%)    
[2026-10-03T23:50:44.380+0000][49.286s][info][gc,heap     ] GC(1) O:      Used:      310M (10%)         182M (6%)          188M (6%)          188M (6%)          384M (12%)         180M (6%)     
[2026-10-03T23:50:44.380+0000][49.286s][info][gc,heap     ] GC(1) O: Old Generation Statistics:
[2026-10-03T23:50:44.380+0000][49.286s][info][gc,heap     ] GC(1) O:                Mark Start          Mark End        Relocate Start      Relocate End    
[2026-10-03T23:50:44.380+0000][49.286s][info][gc,heap     ] GC(1) O:      Used:        0M (0%)            0M (0%)            0M (0%)            0M (0%)     
[2026-10-03T23:50:44.380+0000][49.286s][info][gc,heap     ] GC(1) O:      Live:         -                 0M (0%)            0M (0%)            0M (0%)     
[2026-10-03T23:50:44.380+0000][49.286s][info][gc,heap     ] GC(1) O:   Garbage:         -                 0M (0%)            0M (0%)            0M (0%)     
[2026-10-03T23:50:44.380+0000][49.286s][info][gc,heap     ] GC(1) O: Allocated:         -                 0M (0%)            0M (0%)            0M (0%)     
[2026-10-03T23:50:44.380+0000][49.286s][info][gc,heap     ] GC(1) O: Reclaimed:         -                  -                 0M (0%)            0M (0%)     
[2026-10-03T23:50:44.380+0000][49.286s][info][gc,heap     ] GC(1) O: Compacted:         -                  -                  -                 0M (0%)     
[2026-10-03T23:50:44.380+0000][49.286s][info][gc,phases   ] GC(1) O: Old Generation 182M(6%)->188M(6%) 0.010s
[2026-10-03T23:50:44.380+0000][49.286s][info][gc          ] GC(1) Major Collection (Warmup) 310M(10%)->188M(6%) 0.137s
[2026-10-03T23:50:45.828+0000][50.734s][info][gc          ] GC(2) Major Collection (Metadata GC Threshold)
[2026-10-03T23:50:45.828+0000][50.734s][info][gc,task     ] GC(2) Using 1 Workers for Young Generation
[2026-10-03T23:50:45.828+0000][50.734s][info][gc,task     ] GC(2) Using 1 Workers for Old Generation
[2026-10-03T23:50:45.828+0000][50.734s][info][gc,phases   ] GC(2) Y: Young Generation
[2026-10-03T23:50:45.828+0000][50.734s][info][gc,phases   ] GC(2) Y: Pause Mark Start (Major) 0.013ms
[2026-10-03T23:50:45.980+0000][50.886s][info][gc,phases   ] GC(2) Y: Concurrent Mark 151.895ms
[2026-10-03T23:50:45.980+0000][50.886s][info][gc,phases   ] GC(2) Y: Pause Mark End 0.013ms
[2026-10-03T23:50:45.980+0000][50.886s][info][gc,phases   ] GC(2) Y: Concurrent Mark Free 0.002ms
[2026-10-03T23:50:45.980+0000][50.886s][info][gc,phases   ] GC(2) Y: Concurrent Reset Relocation Set 0.017ms
[2026-10-03T23:50:45.980+0000][50.887s][info][gc,reloc    ] GC(2) Y: Using tenuring threshold: 3 (Computed)
[2026-10-03T23:50:45.982+0000][50.888s][info][gc,phases   ] GC(2) Y: Concurrent Select Relocation Set 1.873ms
[2026-10-03T23:50:45.982+0000][50.888s][info][gc,phases   ] GC(2) Y: Pause Relocate Start 0.006ms
[2026-10-03T23:50:46.025+0000][50.931s][info][gc,phases   ] GC(2) Y: Concurrent Relocate 42.443ms
[2026-10-03T23:50:46.025+0000][50.931s][info][gc,alloc    ] GC(2) Y:                         Mark Start        Mark End      Relocate Start    Relocate End   
[2026-10-03T23:50:46.025+0000][50.931s][info][gc,alloc    ] GC(2) Y: Allocation Stalls:          0                0                0                0         
[2026-10-03T23:50:46.025+0000][50.931s][info][gc,load     ] GC(2) Y: Load: 0.91 (18%) / 1.34 (27%) / 1.17 (23%)
[2026-10-03T23:50:46.025+0000][50.931s][info][gc,mmu      ] GC(2) Y: MMU: 2ms/98.9%, 5ms/99.6%, 10ms/99.8%, 20ms/99.9%, 50ms/99.9%, 100ms/99.9%
[2026-10-03T23:50:46.025+0000][50.931s][info][gc,marking  ] GC(2) Y: Mark: 1 stripe(s), 2 proactive flush(es), 1 terminate flush(es), 0 completion(s), 0 continuation(s) 
[2026-10-03T23:50:46.025+0000][50.931s][info][gc,nmethod  ] GC(2) Y: NMethods: 5858 registered, 0 unregistered
[2026-10-03T23:50:46.025+0000][50.931s][info][gc,metaspace] GC(2) Y: Metaspace: 42M used, 43M committed, 1088M reserved
[2026-10-03T23:50:46.025+0000][50.931s][info][gc,reloc    ] GC(2) Y:                        Candidates     Selected     In-Place         Size        Empty    Relocated 
[2026-10-03T23:50:46.025+0000][50.931s][info][gc,reloc    ] GC(2) Y: Small Pages:                  239          196            0         478M           2M          26M 
[2026-10-03T23:50:46.025+0000][50.931s][info][gc,reloc    ] GC(2) Y: Medium Pages:                   3            2            0          96M           0M           3M 
[2026-10-03T23:50:46.025+0000][50.931s][info][gc,reloc    ] GC(2) Y: Large Pages:                    1            0            0          12M           0M           0M 
[2026-10-03T23:50:46.025+0000][50.931s][info][gc,reloc    ] GC(2) Y: Forwarding Usage: 13M
[2026-10-03T23:50:46.025+0000][50.931s][info][gc,reloc    ] GC(2) Y: Age Table:
[2026-10-03T23:50:46.025+0000][50.931s][info][gc,reloc    ] GC(2) Y:                    Live             Garbage             Small              Medium             Large        
[2026-10-03T23:50:46.025+0000][50.931s][info][gc,reloc    ] GC(2) Y: Eden              47M (2%)          422M (14%)        213 / 192            1 / 1              1 / 0        
[2026-10-03T23:50:46.025+0000][50.931s][info][gc,reloc    ] GC(2) Y: Survivor 1        23M (1%)           38M (1%)          15 / 2              1 / 0              0 / 0        
[2026-10-03T23:50:46.025+0000][50.931s][info][gc,reloc    ] GC(2) Y: Survivor 2        20M (1%)           33M (1%)          11 / 2              1 / 1              0 / 0        
[2026-10-03T23:50:46.025+0000][50.931s][info][gc,heap     ] GC(2) Y: Min Capacity: 512M(17%)
[2026-10-03T23:50:46.025+0000][50.931s][info][gc,heap     ] GC(2) Y: Max Capacity: 3072M(100%)
[2026-10-03T23:50:46.025+0000][50.931s][info][gc,heap     ] GC(2) Y: Soft Max Capacity: 3072M(100%)
[2026-10-03T23:50:46.025+0000][50.931s][info][gc,heap     ] GC(2) Y: Heap Statistics:
[2026-10-03T23:50:46.025+0000][50.931s][info][gc,heap     ] GC(2) Y:                Mark Start          Mark End        Relocate Start      Relocate End           High               Low         
[2026-10-03T23:50:46.025+0000][50.931s][info][gc,heap     ] GC(2) Y:  Capacity:      586M (19%)         616M (20%)         616M (20%)         654M (21%)         654M (21%)         586M (19%)    
[2026-10-03T23:50:46.025+0000][50.931s][info][gc,heap     ] GC(2) Y:      Free:     2486M (81%)        2456M (80%)        2458M (80%)        2838M (92%)        2838M (92%)        2418M (79%)    
[2026-10-03T23:50:46.025+0000][50.931s][info][gc,heap     ] GC(2) Y:      Used:      586M (19%)         616M (20%)         614M (20%)         234M (8%)          654M (21%)         234M (8%)     
[2026-10-03T23:50:46.025+0000][50.931s][info][gc,heap     ] GC(2) Y: Young Generation Statistics:
[2026-10-03T23:50:46.025+0000][50.931s][info][gc,heap     ] GC(2) Y:                Mark Start          Mark End        Relocate Start      Relocate End    
[2026-10-03T23:50:46.025+0000][50.931s][info][gc,heap     ] GC(2) Y:      Used:      586M (19%)         616M (20%)         614M (20%)         234M (8%)     
[2026-10-03T23:50:46.025+0000][50.931s][info][gc,heap     ] GC(2) Y:      Live:         -                90M (3%)           90M (3%)           90M (3%)     
[2026-10-03T23:50:46.025+0000][50.931s][info][gc,heap     ] GC(2) Y:   Garbage:         -               495M (16%)         493M (16%)           4M (0%)     
[2026-10-03T23:50:46.025+0000][50.931s][info][gc,heap     ] GC(2) Y: Allocated:         -                30M (1%)           30M (1%)          139M (5%)     
[2026-10-03T23:50:46.025+0000][50.931s][info][gc,heap     ] GC(2) Y: Reclaimed:         -                  -                 2M (0%)          491M (16%)    
[2026-10-03T23:50:46.025+0000][50.931s][info][gc,heap     ] GC(2) Y:  Promoted:         -                  -                 0M (0%)            0M (0%)     
[2026-10-03T23:50:46.025+0000][50.931s][info][gc,heap     ] GC(2) Y: Compacted:         -                  -                  -                38M (1%)     
[2026-10-03T23:50:46.025+0000][50.931s][info][gc,phases   ] GC(2) Y: Young Generation 586M(19%)->234M(8%) 0.197s
[2026-10-03T23:50:46.025+0000][50.931s][info][gc,phases   ] GC(2) O: Old Generation
[2026-10-03T23:50:46.027+0000][50.933s][info][gc,phases   ] GC(2) O: Concurrent Mark 2.379ms
[2026-10-03T23:50:46.027+0000][50.934s][info][gc,phases   ] GC(2) O: Pause Mark End 0.010ms
[2026-10-03T23:50:46.028+0000][50.934s][info][gc,phases   ] GC(2) O: Concurrent Mark Free 0.000ms
[2026-10-03T23:50:46.041+0000][50.947s][info][gc,phases   ] GC(2) O: Concurrent Process Non-Strong 13.624ms
[2026-10-03T23:50:46.041+0000][50.947s][info][gc,phases   ] GC(2) O: Concurrent Reset Relocation Set 0.000ms
[2026-10-03T23:50:46.042+0000][50.948s][info][gc,phases   ] GC(2) O: Concurrent Select Relocation Set 0.764ms
[2026-10-03T23:50:46.042+0000][50.948s][info][gc,task     ] GC(2) O: Using 1 Workers for Old Generation
[2026-10-03T23:50:46.045+0000][50.951s][info][gc,task     ] GC(2) O: Using 1 Workers for Old Generation
[2026-10-03T23:50:46.045+0000][50.951s][info][gc,phases   ] GC(2) O: Concurrent Remap Roots 2.798ms
[2026-10-03T23:50:46.045+0000][50.951s][info][gc,phases   ] GC(2) O: Pause Relocate Start 0.008ms
[2026-10-03T23:50:46.045+0000][50.951s][info][gc,phases   ] GC(2) O: Concurrent Relocate 0.135ms
[2026-10-03T23:50:46.045+0000][50.951s][info][gc,alloc    ] GC(2) O:                         Mark Start        Mark End      Relocate Start    Relocate End   
[2026-10-03T23:50:46.045+0000][50.951s][info][gc,alloc    ] GC(2) O: Allocation Stalls:          0                0                0                0         
[2026-10-03T23:50:46.045+0000][50.951s][info][gc,load     ] GC(2) O: Load: 0.91 (18%) / 1.34 (27%) / 1.17 (23%)
[2026-10-03T23:50:46.045+0000][50.951s][info][gc,mmu      ] GC(2) O: MMU: 2ms/98.9%, 5ms/99.6%, 10ms/99.8%, 20ms/99.9%, 50ms/99.9%, 100ms/99.9%
[2026-10-03T23:50:46.045+0000][50.951s][info][gc,marking  ] GC(2) O: Mark: 1 stripe(s), 1 proactive flush(es), 1 terminate flush(es), 0 completion(s), 0 continuation(s) 
[2026-10-03T23:50:46.045+0000][50.951s][info][gc,nmethod  ] GC(2) O: NMethods: 5413 registered, 484 unregistered
[2026-10-03T23:50:46.045+0000][50.951s][info][gc,metaspace] GC(2) O: Metaspace: 42M used, 43M committed, 1088M reserved
[2026-10-03T23:50:46.045+0000][50.951s][info][gc,ref      ] GC(2) O:                       Encountered   Discovered     Enqueued 
[2026-10-03T23:50:46.045+0000][50.951s][info][gc,ref      ] GC(2) O: Soft References:             3406            0            0 
[2026-10-03T23:50:46.045+0000][50.951s][info][gc,ref      ] GC(2) O: Weak References:             8474            0            0 
[2026-10-03T23:50:46.045+0000][50.951s][info][gc,ref      ] GC(2) O: Final References:              34            0            0 
[2026-10-03T23:50:46.045+0000][50.951s][info][gc,ref      ] GC(2) O: Phantom References:           620            0            0 
[2026-10-03T23:50:46.045+0000][50.951s][info][gc,heap     ] GC(2) O: Min Capacity: 512M(17%)
[2026-10-03T23:50:46.045+0000][50.951s][info][gc,heap     ] GC(2) O: Max Capacity: 3072M(100%)
[2026-10-03T23:50:46.045+0000][50.951s][info][gc,heap     ] GC(2) O: Soft Max Capacity: 3072M(100%)
[2026-10-03T23:50:46.045+0000][50.951s][info][gc,heap     ] GC(2) O: Heap Statistics:
[2026-10-03T23:50:46.045+0000][50.951s][info][gc,heap     ] GC(2) O:                Mark Start          Mark End        Relocate Start      Relocate End           High               Low         
[2026-10-03T23:50:46.045+0000][50.951s][info][gc,heap     ] GC(2) O:  Capacity:      586M (19%)         654M (21%)         654M (21%)         654M (21%)         654M (21%)         586M (19%)    
[2026-10-03T23:50:46.045+0000][50.951s][info][gc,heap     ] GC(2) O:      Free:     2486M (81%)        2838M (92%)        2836M (92%)        2836M (92%)        2838M (92%)        2418M (79%)    
[2026-10-03T23:50:46.045+0000][50.951s][info][gc,heap     ] GC(2) O:      Used:      586M (19%)         234M (8%)          236M (8%)          236M (8%)          654M (21%)         234M (8%)     
[2026-10-03T23:50:46.045+0000][50.951s][info][gc,heap     ] GC(2) O: Old Generation Statistics:
[2026-10-03T23:50:46.045+0000][50.951s][info][gc,heap     ] GC(2) O:                Mark Start          Mark End        Relocate Start      Relocate End    
[2026-10-03T23:50:46.045+0000][50.951s][info][gc,heap     ] GC(2) O:      Used:        0M (0%)            0M (0%)            0M (0%)            0M (0%)     
[2026-10-03T23:50:46.045+0000][50.951s][info][gc,heap     ] GC(2) O:      Live:         -                 0M (0%)            0M (0%)            0M (0%)     
[2026-10-03T23:50:46.045+0000][50.951s][info][gc,heap     ] GC(2) O:   Garbage:         -                 0M (0%)            0M (0%)            0M (0%)     
[2026-10-03T23:50:46.045+0000][50.951s][info][gc,heap     ] GC(2) O: Allocated:         -                 0M (0%)            0M (0%)            0M (0%)     
[2026-10-03T23:50:46.045+0000][50.951s][info][gc,heap     ] GC(2) O: Reclaimed:         -                  -                 0M (0%)            0M (0%)     
[2026-10-03T23:50:46.045+0000][50.951s][info][gc,heap     ] GC(2) O: Compacted:         -                  -                  -                 0M (0%)     
[2026-10-03T23:50:46.045+0000][50.951s][info][gc,phases   ] GC(2) O: Old Generation 234M(8%)->236M(8%) 0.020s
[2026-10-03T23:50:46.045+0000][50.951s][info][gc          ] GC(2) Major Collection (Metadata GC Threshold) 586M(19%)->236M(8%) 0.217s
[2026-10-03T23:50:47.119+0000][52.026s][info][gc          ] GC(3) Major Collection (Warmup)
[2026-10-03T23:50:47.120+0000][52.026s][info][gc,task     ] GC(3) Using 1 Workers for Young Generation
[2026-10-03T23:50:47.120+0000][52.026s][info][gc,task     ] GC(3) Using 1 Workers for Old Generation
[2026-10-03T23:50:47.120+0000][52.026s][info][gc,phases   ] GC(3) Y: Young Generation
[2026-10-03T23:50:47.120+0000][52.026s][info][gc,phases   ] GC(3) Y: Pause Mark Start (Major) 0.013ms
[2026-10-03T23:50:47.353+0000][52.259s][info][gc,phases   ] GC(3) Y: Concurrent Mark 233.437ms
[2026-10-03T23:50:47.353+0000][52.259s][info][gc,phases   ] GC(3) Y: Pause Mark End 0.010ms
[2026-10-03T23:50:47.353+0000][52.259s][info][gc,phases   ] GC(3) Y: Concurrent Mark Free 0.001ms
[2026-10-03T23:50:47.353+0000][52.259s][info][gc,phases   ] GC(3) Y: Concurrent Reset Relocation Set 0.008ms
[2026-10-03T23:50:47.353+0000][52.259s][info][gc,reloc    ] GC(3) Y: Using tenuring threshold: 4 (Computed)
[2026-10-03T23:50:47.354+0000][52.260s][info][gc,phases   ] GC(3) Y: Concurrent Select Relocation Set 0.887ms
[2026-10-03T23:50:47.354+0000][52.260s][info][gc,phases   ] GC(3) Y: Pause Relocate Start 0.006ms
[2026-10-03T23:50:47.400+0000][52.306s][info][gc,phases   ] GC(3) Y: Concurrent Relocate 45.634ms
[2026-10-03T23:50:47.400+0000][52.306s][info][gc,alloc    ] GC(3) Y:                         Mark Start        Mark End      Relocate Start    Relocate End   
[2026-10-03T23:50:47.400+0000][52.306s][info][gc,alloc    ] GC(3) Y: Allocation Stalls:          0                0                0                0         
[2026-10-03T23:50:47.400+0000][52.306s][info][gc,load     ] GC(3) Y: Load: 0.91 (18%) / 1.34 (27%) / 1.17 (23%)
[2026-10-03T23:50:47.400+0000][52.306s][info][gc,mmu      ] GC(3) Y: MMU: 2ms/98.9%, 5ms/99.6%, 10ms/99.8%, 20ms/99.9%, 50ms/99.9%, 100ms/99.9%
[2026-10-03T23:50:47.400+0000][52.306s][info][gc,marking  ] GC(3) Y: Mark: 1 stripe(s), 2 proactive flush(es), 1 terminate flush(es), 0 completion(s), 0 continuation(s) 
[2026-10-03T23:50:47.400+0000][52.306s][info][gc,nmethod  ] GC(3) Y: NMethods: 6949 registered, 484 unregistered
[2026-10-03T23:50:47.400+0000][52.306s][info][gc,metaspace] GC(3) Y: Metaspace: 51M used, 51M committed, 1088M reserved
[2026-10-03T23:50:47.400+0000][52.306s][info][gc,reloc    ] GC(3) Y:                        Candidates     Selected     In-Place         Size        Empty    Relocated 
[2026-10-03T23:50:47.400+0000][52.306s][info][gc,reloc    ] GC(3) Y: Small Pages:                  254          198            0         508M           2M          25M 
[2026-10-03T23:50:47.400+0000][52.306s][info][gc,reloc    ] GC(3) Y: Medium Pages:                   3            2            0          96M           0M           3M 
[2026-10-03T23:50:47.400+0000][52.306s][info][gc,reloc    ] GC(3) Y: Large Pages:                    1            0            0          12M           0M           0M 
[2026-10-03T23:50:47.400+0000][52.306s][info][gc,reloc    ] GC(3) Y: Forwarding Usage: 11M
[2026-10-03T23:50:47.400+0000][52.306s][info][gc,reloc    ] GC(3) Y: Age Table:
[2026-10-03T23:50:47.400+0000][52.306s][info][gc,reloc    ] GC(3) Y:                    Live             Garbage             Small              Medium             Large        
[2026-10-03T23:50:47.400+0000][52.306s][info][gc,reloc    ] GC(3) Y: Eden              27M (1%)          388M (13%)        208 / 192            0 / 0              0 / 0        
[2026-10-03T23:50:47.400+0000][52.306s][info][gc,reloc    ] GC(3) Y: Survivor 1        46M (2%)           39M (1%)          21 / 4              1 / 0              1 / 0        
[2026-10-03T23:50:47.400+0000][52.306s][info][gc,reloc    ] GC(3) Y: Survivor 2        23M (1%)           36M (1%)          14 / 0              1 / 1              0 / 0        
[2026-10-03T23:50:47.400+0000][52.306s][info][gc,reloc    ] GC(3) Y: Survivor 3        20M (1%)           33M (1%)          11 / 2              1 / 1              0 / 0        
[2026-10-03T23:50:47.400+0000][52.306s][info][gc,heap     ] GC(3) Y: Min Capacity: 512M(17%)
[2026-10-03T23:50:47.400+0000][52.306s][info][gc,heap     ] GC(3) Y: Max Capacity: 3072M(100%)
[2026-10-03T23:50:47.400+0000][52.306s][info][gc,heap     ] GC(3) Y: Soft Max Capacity: 3072M(100%)
[2026-10-03T23:50:47.400+0000][52.306s][info][gc,heap     ] GC(3) Y: Heap Statistics:
[2026-10-03T23:50:47.400+0000][52.306s][info][gc,heap     ] GC(3) Y:                Mark Start          Mark End        Relocate Start      Relocate End           High               Low         
[2026-10-03T23:50:47.400+0000][52.306s][info][gc,heap     ] GC(3) Y:  Capacity:      654M (21%)         662M (22%)         662M (22%)         702M (23%)         702M (23%)         654M (21%)    
[2026-10-03T23:50:47.400+0000][52.306s][info][gc,heap     ] GC(3) Y:      Free:     2456M (80%)        2410M (78%)        2412M (79%)        2792M (91%)        2792M (91%)        2370M (77%)    
[2026-10-03T23:50:47.400+0000][52.306s][info][gc,heap     ] GC(3) Y:      Used:      616M (20%)         662M (22%)         660M (21%)         280M (9%)          702M (23%)         280M (9%)     
[2026-10-03T23:50:47.400+0000][52.306s][info][gc,heap     ] GC(3) Y: Young Generation Statistics:
[2026-10-03T23:50:47.400+0000][52.306s][info][gc,heap     ] GC(3) Y:                Mark Start          Mark End        Relocate Start      Relocate End    
[2026-10-03T23:50:47.400+0000][52.306s][info][gc,heap     ] GC(3) Y:      Used:      616M (20%)         662M (22%)         660M (21%)         280M (9%)     
[2026-10-03T23:50:47.400+0000][52.306s][info][gc,heap     ] GC(3) Y:      Live:         -               116M (4%)          116M (4%)          116M (4%)     
[2026-10-03T23:50:47.400+0000][52.306s][info][gc,heap     ] GC(3) Y:   Garbage:         -               499M (16%)         497M (16%)           4M (0%)     
[2026-10-03T23:50:47.400+0000][52.306s][info][gc,heap     ] GC(3) Y: Allocated:         -                46M (1%)           46M (1%)          158M (5%)     
[2026-10-03T23:50:47.400+0000][52.306s][info][gc,heap     ] GC(3) Y: Reclaimed:         -                  -                 2M (0%)          494M (16%)    
[2026-10-03T23:50:47.400+0000][52.306s][info][gc,heap     ] GC(3) Y:  Promoted:         -                  -                 0M (0%)            0M (0%)     
[2026-10-03T23:50:47.400+0000][52.306s][info][gc,heap     ] GC(3) Y: Compacted:         -                  -                  -                33M (1%)     
[2026-10-03T23:50:47.400+0000][52.306s][info][gc,phases   ] GC(3) Y: Young Generation 616M(20%)->280M(9%) 0.280s
[2026-10-03T23:50:47.400+0000][52.306s][info][gc,phases   ] GC(3) O: Old Generation
[2026-10-03T23:50:47.408+0000][52.314s][info][gc,phases   ] GC(3) O: Concurrent Mark 8.153ms
[2026-10-03T23:50:47.408+0000][52.315s][info][gc,phases   ] GC(3) O: Pause Mark End 0.011ms
[2026-10-03T23:50:47.408+0000][52.315s][info][gc,phases   ] GC(3) O: Concurrent Mark Free 0.000ms
[2026-10-03T23:50:47.424+0000][52.330s][info][gc,phases   ] GC(3) O: Concurrent Process Non-Strong 15.154ms
[2026-10-03T23:50:47.424+0000][52.330s][info][gc,phases   ] GC(3) O: Concurrent Reset Relocation Set 0.000ms
[2026-10-03T23:50:47.424+0000][52.330s][info][gc,phases   ] GC(3) O: Concurrent Select Relocation Set 0.338ms
[2026-10-03T23:50:47.424+0000][52.330s][info][gc,task     ] GC(3) O: Using 1 Workers for Old Generation
[2026-10-03T23:50:47.427+0000][52.333s][info][gc,task     ] GC(3) O: Using 1 Workers for Old Generation
[2026-10-03T23:50:47.427+0000][52.333s][info][gc,phases   ] GC(3) O: Concurrent Remap Roots 3.203ms
[2026-10-03T23:50:47.427+0000][52.333s][info][gc,phases   ] GC(3) O: Pause Relocate Start 0.008ms
[2026-10-03T23:50:47.427+0000][52.334s][info][gc,phases   ] GC(3) O: Concurrent Relocate 0.073ms
[2026-10-03T23:50:47.427+0000][52.334s][info][gc,alloc    ] GC(3) O:                         Mark Start        Mark End      Relocate Start    Relocate End   
[2026-10-03T23:50:47.427+0000][52.334s][info][gc,alloc    ] GC(3) O: Allocation Stalls:          0                0                0                0         
[2026-10-03T23:50:47.427+0000][52.334s][info][gc,load     ] GC(3) O: Load: 0.91 (18%) / 1.34 (27%) / 1.17 (23%)
[2026-10-03T23:50:47.427+0000][52.334s][info][gc,mmu      ] GC(3) O: MMU: 2ms/98.9%, 5ms/99.6%, 10ms/99.8%, 20ms/99.9%, 50ms/99.9%, 100ms/99.9%
[2026-10-03T23:50:47.427+0000][52.334s][info][gc,marking  ] GC(3) O: Mark: 1 stripe(s), 1 proactive flush(es), 1 terminate flush(es), 0 completion(s), 0 continuation(s) 
[2026-10-03T23:50:47.427+0000][52.334s][info][gc,nmethod  ] GC(3) O: NMethods: 6387 registered, 1057 unregistered
[2026-10-03T23:50:47.427+0000][52.334s][info][gc,metaspace] GC(3) O: Metaspace: 51M used, 52M committed, 1088M reserved
[2026-10-03T23:50:47.427+0000][52.334s][info][gc,ref      ] GC(3) O:                       Encountered   Discovered     Enqueued 
[2026-10-03T23:50:47.427+0000][52.334s][info][gc,ref      ] GC(3) O: Soft References:             3485            0            0 
[2026-10-03T23:50:47.428+0000][52.334s][info][gc,ref      ] GC(3) O: Weak References:            13009            0            0 
[2026-10-03T23:50:47.428+0000][52.334s][info][gc,ref      ] GC(3) O: Final References:              34            0            0 
[2026-10-03T23:50:47.428+0000][52.334s][info][gc,ref      ] GC(3) O: Phantom References:           620            0            0 
[2026-10-03T23:50:47.428+0000][52.334s][info][gc,heap     ] GC(3) O: Min Capacity: 512M(17%)
[2026-10-03T23:50:47.428+0000][52.334s][info][gc,heap     ] GC(3) O: Max Capacity: 3072M(100%)
[2026-10-03T23:50:47.428+0000][52.334s][info][gc,heap     ] GC(3) O: Soft Max Capacity: 3072M(100%)
[2026-10-03T23:50:47.428+0000][52.334s][info][gc,heap     ] GC(3) O: Heap Statistics:
[2026-10-03T23:50:47.428+0000][52.334s][info][gc,heap     ] GC(3) O:                Mark Start          Mark End        Relocate Start      Relocate End           High               Low         
[2026-10-03T23:50:47.428+0000][52.334s][info][gc,heap     ] GC(3) O:  Capacity:      654M (21%)         702M (23%)         702M (23%)         702M (23%)         702M (23%)         654M (21%)    
[2026-10-03T23:50:47.428+0000][52.334s][info][gc,heap     ] GC(3) O:      Free:     2456M (80%)        2790M (91%)        2788M (91%)        2788M (91%)        2792M (91%)        2370M (77%)    
[2026-10-03T23:50:47.428+0000][52.334s][info][gc,heap     ] GC(3) O:      Used:      616M (20%)         282M (9%)          284M (9%)          284M (9%)          702M (23%)         280M (9%)     
[2026-10-03T23:50:47.428+0000][52.334s][info][gc,heap     ] GC(3) O: Old Generation Statistics:
[2026-10-03T23:50:47.428+0000][52.334s][info][gc,heap     ] GC(3) O:                Mark Start          Mark End        Relocate Start      Relocate End    
[2026-10-03T23:50:47.428+0000][52.334s][info][gc,heap     ] GC(3) O:      Used:        0M (0%)            0M (0%)            0M (0%)            0M (0%)     
[2026-10-03T23:50:47.428+0000][52.334s][info][gc,heap     ] GC(3) O:      Live:         -                 0M (0%)            0M (0%)            0M (0%)     
[2026-10-03T23:50:47.428+0000][52.334s][info][gc,heap     ] GC(3) O:   Garbage:         -                 0M (0%)            0M (0%)            0M (0%)     
[2026-10-03T23:50:47.428+0000][52.334s][info][gc,heap     ] GC(3) O: Allocated:         -                 0M (0%)            0M (0%)            0M (0%)     
[2026-10-03T23:50:47.428+0000][52.334s][info][gc,heap     ] GC(3) O: Reclaimed:         -                  -                 0M (0%)            0M (0%)     
[2026-10-03T23:50:47.428+0000][52.334s][info][gc,heap     ] GC(3) O: Compacted:         -                  -                  -                 0M (0%)     
[2026-10-03T23:50:47.428+0000][52.334s][info][gc,phases   ] GC(3) O: Old Generation 280M(9%)->284M(9%) 0.027s
[2026-10-03T23:50:47.428+0000][52.334s][info][gc          ] GC(3) Major Collection (Warmup) 616M(20%)->284M(9%) 0.308s
[2026-10-03T23:50:50.384+0000][55.290s][info][gc          ] GC(4) Major Collection (Warmup)
[2026-10-03T23:50:50.384+0000][55.290s][info][gc,task     ] GC(4) Using 1 Workers for Young Generation
[2026-10-03T23:50:50.384+0000][55.290s][info][gc,task     ] GC(4) Using 1 Workers for Old Generation
[2026-10-03T23:50:50.384+0000][55.290s][info][gc,phases   ] GC(4) Y: Young Generation
[2026-10-03T23:50:50.385+0000][55.291s][info][gc,phases   ] GC(4) Y: Pause Mark Start (Major) 0.012ms
[2026-10-03T23:50:50.516+0000][55.422s][info][gc,exit     ] Stopping ZGC
[2026-10-03T23:50:50.516+0000][55.422s][info][gc,phases   ] GC(4) Y: Young Generation Aborted
[2026-10-03T23:50:50.516+0000][55.422s][info][gc          ] GC(4) Major Collection (Warmup) Aborted
[2026-10-03T23:50:50.516+0000][55.422s][info][gc,stats    ] === Garbage Collection Statistics =======================================================================================================================
[2026-10-03T23:50:50.516+0000][55.422s][info][gc,stats    ]                                                              Last 10s              Last 10m              Last 10h                Total
[2026-10-03T23:50:50.516+0000][55.422s][info][gc,stats    ]                                                              Avg / Max             Avg / Max             Avg / Max             Avg / Max
[2026-10-03T23:50:50.516+0000][55.422s][info][gc,stats    ]        Contention: Mark Segment Reset Contention                     0 / 0                 0 / 0                 0 / 0                 0 / 0           ops/s
[2026-10-03T23:50:50.516+0000][55.422s][info][gc,stats    ]        Contention: Mark SeqNum Reset Contention                      0 / 0                 0 / 0                 0 / 0                 0 / 0           ops/s
[2026-10-03T23:50:50.516+0000][55.422s][info][gc,stats    ]          Critical: Allocation Stall                                  0 / 0                 0 / 0                 0 / 0                 0 / 0           ops/s
[2026-10-03T23:50:50.516+0000][55.423s][info][gc,stats    ]          Critical: Allocation Stall                              0.000 / 0.000         0.000 / 0.000         0.000 / 0.000         0.000 / 0.000       ms
[2026-10-03T23:50:50.516+0000][55.423s][info][gc,stats    ]          Critical: JNI Critical Stall                                0 / 1                 0 / 1                 0 / 1                 0 / 1           ops/s
[2026-10-03T23:50:50.516+0000][55.423s][info][gc,stats    ]          Critical: JNI Critical Stall                            0.586 / 0.586         0.586 / 0.586         0.586 / 0.586         0.586 / 0.586       ms
[2026-10-03T23:50:50.516+0000][55.423s][info][gc,stats    ]          Critical: Relocation Stall                                  0 / 0                 0 / 0                 0 / 0                 0 / 0           ops/s
[2026-10-03T23:50:50.516+0000][55.423s][info][gc,stats    ]          Critical: Relocation Stall                              0.000 / 0.000         0.000 / 0.000         0.000 / 0.000         0.000 / 0.000       ms
[2026-10-03T23:50:50.516+0000][55.423s][info][gc,stats    ]  Major Collection: Major Collection                            183.009 / 308.096     183.009 / 308.096     183.009 / 308.096     183.009 / 308.096     ms
[2026-10-03T23:50:50.516+0000][55.423s][info][gc,stats    ]            Memory: Allocation Rate                                 192 / 366              36 / 366              36 / 366              36 / 366         MB/s
[2026-10-03T23:50:50.516+0000][55.423s][info][gc,stats    ]            Memory: Defragment                                        0 / 0                 0 / 0                 0 / 0                 0 / 0           ops/s
[2026-10-03T23:50:50.516+0000][55.423s][info][gc,stats    ]            Memory: Mapped Cache Harvest                              0 / 0                 0 / 0                 0 / 0                 0 / 0           MB/s
[2026-10-03T23:50:50.516+0000][55.423s][info][gc,stats    ]            Memory: Out Of Memory                                     0 / 0                 0 / 0                 0 / 0                 0 / 0           ops/s
[2026-10-03T23:50:50.516+0000][55.423s][info][gc,stats    ]            Memory: Uncommit                                          0 / 0                 0 / 0                 0 / 0                 0 / 0           MB/s
[2026-10-03T23:50:50.516+0000][55.423s][info][gc,stats    ]            Memory: Undo Object Allocation Failed                     0 / 0                 0 / 0                 0 / 0                 0 / 0           ops/s
[2026-10-03T23:50:50.516+0000][55.423s][info][gc,stats    ]            Memory: Undo Object Allocation Succeeded                  0 / 0                 0 / 0                 0 / 0                 0 / 0           ops/s
[2026-10-03T23:50:50.516+0000][55.423s][info][gc,stats    ]            Memory: Undo Page Allocation                              0 / 0                 0 / 0                 0 / 0                 0 / 0           ops/s
[2026-10-03T23:50:50.516+0000][55.423s][info][gc,stats    ]  Minor Collection: Minor Collection                              0.000 / 0.000         0.000 / 0.000         0.000 / 0.000         0.000 / 0.000       ms
[2026-10-03T23:50:50.516+0000][55.423s][info][gc,stats    ]    Old Generation: Old Generation                               17.404 / 27.312       17.404 / 27.312       17.404 / 27.312       17.404 / 27.312      ms
[2026-10-03T23:50:50.517+0000][55.423s][info][gc,stats    ]         Old Pause: Pause Mark End                                0.010 / 0.011         0.010 / 0.011         0.010 / 0.011         0.010 / 0.011       ms
[2026-10-03T23:50:50.517+0000][55.423s][info][gc,stats    ]         Old Pause: Pause Relocate Start                          0.008 / 0.009         0.008 / 0.009         0.008 / 0.009         0.008 / 0.009       ms
[2026-10-03T23:50:50.517+0000][55.423s][info][gc,stats    ]         Old Phase: Concurrent Mark                               2.845 / 8.153         2.845 / 8.153         2.845 / 8.153         2.845 / 8.153       ms
[2026-10-03T23:50:50.517+0000][55.423s][info][gc,stats    ]         Old Phase: Concurrent Mark Continue                      0.000 / 0.000         0.000 / 0.000         0.000 / 0.000         0.000 / 0.000       ms
[2026-10-03T23:50:50.517+0000][55.423s][info][gc,stats    ]         Old Phase: Concurrent Mark Free                          0.000 / 0.001         0.000 / 0.001         0.000 / 0.001         0.000 / 0.001       ms
[2026-10-03T23:50:50.517+0000][55.423s][info][gc,stats    ]         Old Phase: Concurrent Process Non-Strong                11.109 / 15.154       11.109 / 15.154       11.109 / 15.154       11.109 / 15.154      ms
[2026-10-03T23:50:50.517+0000][55.423s][info][gc,stats    ]         Old Phase: Concurrent Relocate                           0.095 / 0.135         0.095 / 0.135         0.095 / 0.135         0.095 / 0.135       ms
[2026-10-03T23:50:50.517+0000][55.423s][info][gc,stats    ]         Old Phase: Concurrent Remap Roots                        2.558 / 3.203         2.558 / 3.203         2.558 / 3.203         2.558 / 3.203       ms
[2026-10-03T23:50:50.517+0000][55.423s][info][gc,stats    ]         Old Phase: Concurrent Reset Relocation Set               0.000 / 0.000         0.000 / 0.000         0.000 / 0.000         0.000 / 0.000       ms
[2026-10-03T23:50:50.517+0000][55.423s][info][gc,stats    ]         Old Phase: Concurrent Select Relocation Set              0.393 / 0.764         0.393 / 0.764         0.393 / 0.764         0.393 / 0.764       ms
[2026-10-03T23:50:50.517+0000][55.423s][info][gc,stats    ]      Old Subphase: Concurrent Classes Purge                      0.856 / 1.319         0.856 / 1.319         0.856 / 1.319         0.856 / 1.319       ms
[2026-10-03T23:50:50.517+0000][55.423s][info][gc,stats    ]      Old Subphase: Concurrent Classes Unlink                     9.120 / 13.058        9.120 / 13.058        9.120 / 13.058        9.120 / 13.058      ms
[2026-10-03T23:50:50.517+0000][55.423s][info][gc,stats    ]      Old Subphase: Concurrent Mark Follow                        1.839 / 5.925         1.839 / 5.925         1.839 / 5.925         1.839 / 5.925       ms
[2026-10-03T23:50:50.517+0000][55.423s][info][gc,stats    ]      Old Subphase: Concurrent Mark Root Colored                  0.045 / 0.056         0.045 / 0.056         0.045 / 0.056         0.045 / 0.056       ms
[2026-10-03T23:50:50.517+0000][55.423s][info][gc,stats    ]      Old Subphase: Concurrent Mark Root Uncolored                0.536 / 1.282         0.536 / 1.282         0.536 / 1.282         0.536 / 1.282       ms
[2026-10-03T23:50:50.517+0000][55.423s][info][gc,stats    ]      Old Subphase: Concurrent Mark Roots                         1.004 / 2.226         1.004 / 2.226         1.004 / 2.226         1.004 / 2.226       ms
[2026-10-03T23:50:50.517+0000][55.423s][info][gc,stats    ]      Old Subphase: Concurrent References Enqueue                 0.000 / 0.000         0.000 / 0.000         0.000 / 0.000         0.000 / 0.000       ms
[2026-10-03T23:50:50.517+0000][55.423s][info][gc,stats    ]      Old Subphase: Concurrent References Process                 0.052 / 0.059         0.052 / 0.059         0.052 / 0.059         0.052 / 0.059       ms
[2026-10-03T23:50:50.517+0000][55.423s][info][gc,stats    ]      Old Subphase: Concurrent Remap Remembered                   0.001 / 0.001         0.001 / 0.001         0.001 / 0.001         0.001 / 0.001       ms
[2026-10-03T23:50:50.517+0000][55.423s][info][gc,stats    ]      Old Subphase: Concurrent Remap Roots Colored                0.588 / 0.778         0.588 / 0.778         0.588 / 0.778         0.588 / 0.778       ms
[2026-10-03T23:50:50.517+0000][55.423s][info][gc,stats    ]      Old Subphase: Concurrent Remap Roots Uncolored              1.686 / 2.352         1.686 / 2.352         1.686 / 2.352         1.686 / 2.352       ms
[2026-10-03T23:50:50.517+0000][55.423s][info][gc,stats    ]      Old Subphase: Concurrent Roots ClassLoaderDataGraph         0.181 / 0.428         0.181 / 0.428         0.181 / 0.428         0.181 / 0.428       ms
[2026-10-03T23:50:50.517+0000][55.423s][info][gc,stats    ]      Old Subphase: Concurrent Roots CodeCache                    1.683 / 2.349         1.683 / 2.349         1.683 / 2.349         1.683 / 2.349       ms
[2026-10-03T23:50:50.517+0000][55.423s][info][gc,stats    ]      Old Subphase: Concurrent Roots JavaThreads                  0.180 / 1.282         0.180 / 1.282         0.180 / 1.282         0.180 / 1.282       ms
[2026-10-03T23:50:50.517+0000][55.423s][info][gc,stats    ]      Old Subphase: Concurrent Roots OopStorageSet                0.008 / 0.018         0.008 / 0.018         0.008 / 0.018         0.008 / 0.018       ms
[2026-10-03T23:50:50.517+0000][55.423s][info][gc,stats    ]      Old Subphase: Concurrent Weak Roots OopStorageSet           0.577 / 1.183         0.577 / 1.183         0.577 / 1.183         0.577 / 1.183       ms
[2026-10-03T23:50:50.517+0000][55.423s][info][gc,stats    ]            System: Java Threads                                     13 / 14               13 / 14               13 / 14               13 / 14          threads
[2026-10-03T23:50:50.517+0000][55.423s][info][gc,stats    ]  Young Generation: Young Generation                            165.252 / 280.464     165.252 / 280.464     165.252 / 280.464     165.252 / 280.464     ms
[2026-10-03T23:50:50.517+0000][55.423s][info][gc,stats    ]  Young Generation: Young Generation                              0.000 / 0.000         0.000 / 0.000         0.000 / 0.000         0.000 / 0.000       ms
[2026-10-03T23:50:50.517+0000][55.423s][info][gc,stats    ]  Young Generation: Young Generation (Collect Roots)              0.000 / 0.000         0.000 / 0.000         0.000 / 0.000         0.000 / 0.000       ms
[2026-10-03T23:50:50.517+0000][55.423s][info][gc,stats    ]  Young Generation: Young Generation (Promote All)                0.000 / 0.000         0.000 / 0.000         0.000 / 0.000         0.000 / 0.000       ms
[2026-10-03T23:50:50.517+0000][55.423s][info][gc,stats    ]       Young Pause: Pause Mark End                                0.011 / 0.013         0.011 / 0.013         0.011 / 0.013         0.011 / 0.013       ms
[2026-10-03T23:50:50.517+0000][55.423s][info][gc,stats    ]       Young Pause: Pause Mark Start                              0.000 / 0.000         0.000 / 0.000         0.000 / 0.000         0.000 / 0.000       ms
[2026-10-03T23:50:50.517+0000][55.423s][info][gc,stats    ]       Young Pause: Pause Mark Start (Major)                      0.015 / 0.022         0.015 / 0.022         0.015 / 0.022         0.015 / 0.022       ms
[2026-10-03T23:50:50.517+0000][55.423s][info][gc,stats    ]       Young Pause: Pause Relocate Start                          0.007 / 0.007         0.007 / 0.007         0.007 / 0.007         0.007 / 0.007       ms
[2026-10-03T23:50:50.517+0000][55.423s][info][gc,stats    ]       Young Phase: Concurrent Mark                             127.349 / 233.437     127.349 / 233.437     127.349 / 233.437     127.349 / 233.437     ms
[2026-10-03T23:50:50.517+0000][55.423s][info][gc,stats    ]       Young Phase: Concurrent Mark Continue                      0.000 / 0.000         0.000 / 0.000         0.000 / 0.000         0.000 / 0.000       ms
[2026-10-03T23:50:50.517+0000][55.423s][info][gc,stats    ]       Young Phase: Concurrent Mark Free                          0.002 / 0.002         0.002 / 0.002         0.002 / 0.002         0.002 / 0.002       ms
[2026-10-03T23:50:50.517+0000][55.423s][info][gc,stats    ]       Young Phase: Concurrent Relocate                          34.297 / 45.634       34.297 / 45.634       34.297 / 45.634       34.297 / 45.634      ms
[2026-10-03T23:50:50.517+0000][55.423s][info][gc,stats    ]       Young Phase: Concurrent Reset Relocation Set               0.010 / 0.017         0.010 / 0.017         0.010 / 0.017         0.010 / 0.017       ms
[2026-10-03T23:50:50.517+0000][55.423s][info][gc,stats    ]       Young Phase: Concurrent Select Relocation Set              2.936 / 7.600         2.936 / 7.600         2.936 / 7.600         2.936 / 7.600       ms
[2026-10-03T23:50:50.517+0000][55.423s][info][gc,stats    ]    Young Subphase: Concurrent Mark Follow                      121.494 / 227.799     121.494 / 227.799     121.494 / 227.799     121.494 / 227.799     ms
[2026-10-03T23:50:50.517+0000][55.423s][info][gc,stats    ]    Young Subphase: Concurrent Mark Root Colored                  1.767 / 2.246         1.767 / 2.246         1.767 / 2.246         1.767 / 2.246       ms
[2026-10-03T23:50:50.517+0000][55.423s][info][gc,stats    ]    Young Subphase: Concurrent Mark Root Uncolored                3.840 / 6.174         3.840 / 6.174         3.840 / 6.174         3.840 / 6.174       ms
[2026-10-03T23:50:50.517+0000][55.423s][info][gc,stats    ]    Young Subphase: Concurrent Mark Roots                         5.849 / 7.825         5.849 / 7.825         5.849 / 7.825         5.849 / 7.825       ms
[2026-10-03T23:50:50.517+0000][55.423s][info][gc,stats    ]    Young Subphase: Concurrent Relocate Remset FP                 0.057 / 0.074         0.057 / 0.074         0.057 / 0.074         0.057 / 0.074       ms
[2026-10-03T23:50:50.517+0000][55.423s][info][gc,stats    ]    Young Subphase: Concurrent Roots ClassLoaderDataGraph         0.408 / 0.525         0.408 / 0.525         0.408 / 0.525         0.408 / 0.525       ms
[2026-10-03T23:50:50.517+0000][55.423s][info][gc,stats    ]    Young Subphase: Concurrent Roots CodeCache                    3.280 / 5.762         3.280 / 5.762         3.280 / 5.762         3.280 / 5.762       ms
[2026-10-03T23:50:50.517+0000][55.423s][info][gc,stats    ]    Young Subphase: Concurrent Roots JavaThreads                  0.281 / 1.615         0.281 / 1.615         0.281 / 1.615         0.281 / 1.615       ms
[2026-10-03T23:50:50.517+0000][55.423s][info][gc,stats    ]    Young Subphase: Concurrent Roots OopStorageSet                0.075 / 0.105         0.075 / 0.105         0.075 / 0.105         0.075 / 0.105       ms
[2026-10-03T23:50:50.517+0000][55.423s][info][gc,stats    ]    Young Subphase: Concurrent Weak Roots OopStorageSet           1.281 / 1.637         1.281 / 1.637         1.281 / 1.637         1.281 / 1.637       ms
[2026-10-03T23:50:50.517+0000][55.423s][info][gc,stats    ] =========================================================================================================================================================
[2026-10-03T23:50:50.517+0000][55.423s][info][gc,exit     ] Heap
[2026-10-03T23:50:50.517+0000][55.423s][info][gc,exit     ]  ZHeap           used 936M, capacity 936M, max capacity 3072M
[2026-10-03T23:50:50.517+0000][55.423s][info][gc,exit     ]   Cache          0M (0)
[2026-10-03T23:50:50.517+0000][55.423s][info][gc,exit     ]  Metaspace       used 88570K, committed 89472K, reserved 1179648K
[2026-10-03T23:50:50.517+0000][55.423s][info][gc,exit     ]   class space    used 15038K, committed 15424K, reserved 1048576K
